Archive member included because of file (symbol)

/opt/psas/x-tools/stm32f407/arm-psas-eabi/bin/../lib/gcc/arm-psas-eabi/4.7.2/../../../../arm-psas-eabi/lib/libc.a(lib_a-memcpy-stub.o)
                              build/obj/mac_lld.o (memcpy)
/opt/psas/x-tools/stm32f407/arm-psas-eabi/bin/../lib/gcc/arm-psas-eabi/4.7.2/../../../../arm-psas-eabi/lib/libc.a(lib_a-memset.o)
                              build/obj/usb.o (memset)
/opt/psas/x-tools/stm32f407/arm-psas-eabi/bin/../lib/gcc/arm-psas-eabi/4.7.2/../../../../arm-psas-eabi/lib/libc.a(lib_a-strcasecmp.o)
                              build/obj/shell.o (strcasecmp)
/opt/psas/x-tools/stm32f407/arm-psas-eabi/bin/../lib/gcc/arm-psas-eabi/4.7.2/../../../../arm-psas-eabi/lib/libc.a(lib_a-strchr.o)
                              build/obj/shell.o (strchr)
/opt/psas/x-tools/stm32f407/arm-psas-eabi/bin/../lib/gcc/arm-psas-eabi/4.7.2/../../../../arm-psas-eabi/lib/libc.a(lib_a-strcpy.o)
                              build/obj/main.o (strcpy)
/opt/psas/x-tools/stm32f407/arm-psas-eabi/bin/../lib/gcc/arm-psas-eabi/4.7.2/../../../../arm-psas-eabi/lib/libc.a(lib_a-strlen.o)
                              build/obj/pbuf.o (strlen)
/opt/psas/x-tools/stm32f407/arm-psas-eabi/bin/../lib/gcc/arm-psas-eabi/4.7.2/../../../../arm-psas-eabi/lib/libc.a(lib_a-strspn.o)
                              build/obj/shell.o (strspn)
/opt/psas/x-tools/stm32f407/arm-psas-eabi/bin/../lib/gcc/arm-psas-eabi/4.7.2/../../../../arm-psas-eabi/lib/libc.a(lib_a-ctype_.o)
                              /opt/psas/x-tools/stm32f407/arm-psas-eabi/bin/../lib/gcc/arm-psas-eabi/4.7.2/../../../../arm-psas-eabi/lib/libc.a(lib_a-strcasecmp.o) (__ctype_ptr__)

Discarded input sections

 .text          0x0000000000000000        0x0 build/obj/crt0.o
 .data          0x0000000000000000        0x0 build/obj/crt0.o
 .bss           0x0000000000000000        0x0 build/obj/crt0.o
 .text.__early_init
                0x0000000000000000       0x10 build/obj/crt0.o
 .text          0x0000000000000000        0x0 build/obj/vectors.o
 .data          0x0000000000000000        0x0 build/obj/vectors.o
 .bss           0x0000000000000000        0x0 build/obj/vectors.o
 .text          0x0000000000000000        0x0 build/obj/chcore.o
 .data          0x0000000000000000        0x0 build/obj/chcore.o
 .bss           0x0000000000000000        0x0 build/obj/chcore.o
 .text          0x0000000000000000        0x0 build/obj/chcore_v7m.o
 .data          0x0000000000000000        0x0 build/obj/chcore_v7m.o
 .bss           0x0000000000000000        0x0 build/obj/chcore_v7m.o
 .text          0x0000000000000000        0x0 build/obj/nvic.o
 .data          0x0000000000000000        0x0 build/obj/nvic.o
 .bss           0x0000000000000000        0x0 build/obj/nvic.o
 .text.nvicDisableVector
                0x0000000000000000       0x40 build/obj/nvic.o
 .text          0x0000000000000000        0x0 build/obj/chsys.o
 .data          0x0000000000000000        0x0 build/obj/chsys.o
 .bss           0x0000000000000000        0x0 build/obj/chsys.o
 .text          0x0000000000000000        0x0 build/obj/chdebug.o
 .data          0x0000000000000000        0x0 build/obj/chdebug.o
 .bss           0x0000000000000000        0x0 build/obj/chdebug.o
 .debug_info    0x0000000000000000       0x72 build/obj/chdebug.o
 .debug_abbrev  0x0000000000000000       0x26 build/obj/chdebug.o
 .debug_aranges
                0x0000000000000000       0x18 build/obj/chdebug.o
 .debug_line    0x0000000000000000       0x1d build/obj/chdebug.o
 .debug_str     0x0000000000000000      0x106 build/obj/chdebug.o
 .comment       0x0000000000000000       0x34 build/obj/chdebug.o
 .ARM.attributes
                0x0000000000000000       0x3b build/obj/chdebug.o
 .text          0x0000000000000000        0x0 build/obj/chlists.o
 .data          0x0000000000000000        0x0 build/obj/chlists.o
 .bss           0x0000000000000000        0x0 build/obj/chlists.o
 .debug_info    0x0000000000000000       0x72 build/obj/chlists.o
 .debug_abbrev  0x0000000000000000       0x26 build/obj/chlists.o
 .debug_aranges
                0x0000000000000000       0x18 build/obj/chlists.o
 .debug_line    0x0000000000000000       0x1d build/obj/chlists.o
 .debug_str     0x0000000000000000      0x106 build/obj/chlists.o
 .comment       0x0000000000000000       0x34 build/obj/chlists.o
 .ARM.attributes
                0x0000000000000000       0x3b build/obj/chlists.o
 .text          0x0000000000000000        0x0 build/obj/chvt.o
 .data          0x0000000000000000        0x0 build/obj/chvt.o
 .bss           0x0000000000000000        0x0 build/obj/chvt.o
 .text          0x0000000000000000        0x0 build/obj/chschd.o
 .data          0x0000000000000000        0x0 build/obj/chschd.o
 .bss           0x0000000000000000        0x0 build/obj/chschd.o
 .text          0x0000000000000000        0x0 build/obj/chthreads.o
 .data          0x0000000000000000        0x0 build/obj/chthreads.o
[...]
Memory Configuration

Name             Origin             Length             Attributes
flash            0x0000000008000000 0x0000000000100000
ram              0x0000000020000000 0x000000000001c000
ethram           0x000000002001c000 0x0000000000004000
ccmram           0x0000000010000000 0x0000000000010000
*default*        0x0000000000000000 0xffffffffffffffff

Linker script and memory map

LOAD build/obj/crt0.o
LOAD build/obj/vectors.o
LOAD build/obj/chcore.o
LOAD build/obj/chcore_v7m.o
LOAD build/obj/nvic.o
LOAD build/obj/chsys.o
LOAD build/obj/chdebug.o
LOAD build/obj/chlists.o
LOAD build/obj/chvt.o
LOAD build/obj/chschd.o
LOAD build/obj/chthreads.o
LOAD build/obj/chdynamic.o
LOAD build/obj/chregistry.o
LOAD build/obj/chsem.o
LOAD build/obj/chmtx.o
LOAD build/obj/chcond.o
LOAD build/obj/chevents.o
LOAD build/obj/chmsg.o
LOAD build/obj/chmboxes.o
LOAD build/obj/chqueues.o
LOAD build/obj/chmemcore.o
LOAD build/obj/chheap.o
LOAD build/obj/chmempools.o
LOAD build/obj/test.o
LOAD build/obj/testthd.o
LOAD build/obj/testsem.o
LOAD build/obj/testmtx.o
LOAD build/obj/testmsg.o
LOAD build/obj/testmbox.o
LOAD build/obj/testevt.o
LOAD build/obj/testheap.o
LOAD build/obj/testpools.o
LOAD build/obj/testdyn.o
LOAD build/obj/testqueues.o
LOAD build/obj/testbmk.o
LOAD build/obj/hal.o
LOAD build/obj/adc.o
LOAD build/obj/can.o
LOAD build/obj/ext.o
LOAD build/obj/gpt.o
LOAD build/obj/i2c.o
LOAD build/obj/icu.o
LOAD build/obj/mac.o
LOAD build/obj/mmc_spi.o
LOAD build/obj/mmcsd.o
LOAD build/obj/pal.o
LOAD build/obj/pwm.o
LOAD build/obj/rtc.o
LOAD build/obj/sdc.o
LOAD build/obj/serial.o
LOAD build/obj/serial_usb.o
LOAD build/obj/spi.o
LOAD build/obj/tm.o
LOAD build/obj/uart.o
LOAD build/obj/usb.o
LOAD build/obj/stm32_dma.o
LOAD build/obj/hal_lld.o
LOAD build/obj/adc_lld.o
LOAD build/obj/ext_lld_isr.o
LOAD build/obj/can_lld.o
LOAD build/obj/ext_lld.o
LOAD build/obj/gpt_lld.o
LOAD build/obj/icu_lld.o
LOAD build/obj/mac_lld.o
LOAD build/obj/pwm_lld.o
LOAD build/obj/sdc_lld.o
LOAD build/obj/pal_lld.o
LOAD build/obj/i2c_lld.o
LOAD build/obj/usb_lld.o
LOAD build/obj/rtc_lld.o
LOAD build/obj/spi_lld.o
LOAD build/obj/serial_lld.o
LOAD build/obj/uart_lld.o
LOAD build/obj/board.o
LOAD build/obj/lwipthread.o
LOAD build/obj/sys_arch.o
LOAD build/obj/etharp.o
LOAD build/obj/dhcp.o
LOAD build/obj/dns.o
LOAD build/obj/init.o
LOAD build/obj/mem.o
LOAD build/obj/memp.o
LOAD build/obj/netif.o
LOAD build/obj/pbuf.o
LOAD build/obj/raw.o
LOAD build/obj/stats.o
LOAD build/obj/sys.o
LOAD build/obj/tcp.o
LOAD build/obj/tcp_in.o
LOAD build/obj/tcp_out.o
LOAD build/obj/udp.o
LOAD build/obj/autoip.o
LOAD build/obj/icmp.o
LOAD build/obj/igmp.o
LOAD build/obj/inet.o
LOAD build/obj/inet_chksum.o
LOAD build/obj/ip.o
LOAD build/obj/ip_addr.o
LOAD build/obj/ip_frag.o
LOAD build/obj/def.o
LOAD build/obj/timers.o
LOAD build/obj/api_lib.o
LOAD build/obj/api_msg.o
LOAD build/obj/err.o
LOAD build/obj/netbuf.o
LOAD build/obj/netdb.o
LOAD build/obj/netifapi.o
LOAD build/obj/sockets.o
LOAD build/obj/tcpip.o
LOAD build/obj/fatfs_diskio.o
LOAD build/obj/fatfs_syscall.o
LOAD build/obj/ff.o
LOAD build/obj/ccsbcs.o
LOAD build/obj/evtimer.o
LOAD build/obj/chprintf.o
LOAD build/obj/shell.o
LOAD build/obj/web.o
LOAD build/obj/main.o
START GROUP
LOAD /opt/psas/x-tools/stm32f407/arm-psas-eabi/bin/../lib/gcc/arm-psas-eabi/4.7.2/libgcc.a
LOAD /opt/psas/x-tools/stm32f407/arm-psas-eabi/bin/../lib/gcc/arm-psas-eabi/4.7.2/../../../../arm-psas-eabi/lib/libc.a
END GROUP
                0x0000000000000400                __main_stack_size__ = 0x400
                0x0000000000000400                __process_stack_size__ = 0x400
                0x0000000020000000                __ram_start__ = ORIGIN (ram)
                0x000000000001c000                __ram_size__ = 0x1c000
                0x000000002001c000                __ram_end__ = (__ram_start__ + __ram_size__)
                0x0000000000000000                . = 0x0
                0x0000000000000000                _text = .

startup         0x0000000008000000      0x188
 *(vectors)
 vectors        0x0000000008000000      0x188 build/obj/vectors.o
                0x0000000008000000                _vectors

constructors    0x0000000008000188        0x0
                0x0000000008000188                PROVIDE (__init_array_start, .)
 *(SORT(.init_array.*))
 *(.init_array)
                0x0000000008000188                PROVIDE (__init_array_end, .)

destructors     0x0000000008000188        0x0
                0x0000000008000188                PROVIDE (__fini_array_start, .)
 *(.fini_array)
 *(SORT(.fini_array.*))
                0x0000000008000188                PROVIDE (__fini_array_end, .)

.text           0x0000000008000190    0x13d84
 *(.text.startup.*)
 .text.startup.main
                0x0000000008000190      0x170 build/obj/main.o
                0x0000000008000190                main
 *(.text)
 .text          0x0000000008000300       0x12 /opt/psas/x-tools/stm32f407/arm-psas-eabi/bin/../lib/gcc/arm-psas-eabi/4.7.2/../../../../arm-psas-eabi/lib/libc.a(lib_a-memcpy-stub.o)
                0x0000000008000300                memcpy
 *fill*         0x0000000008000312        0xe 00
 .text          0x0000000008000320       0x10 /opt/psas/x-tools/stm32f407/arm-psas-eabi/bin/../lib/gcc/arm-psas-eabi/4.7.2/../../../../arm-psas-eabi/lib/libc.a(lib_a-memset.o)
                0x0000000008000320                memset
 .text          0x0000000008000330       0x3c /opt/psas/x-tools/stm32f407/arm-psas-eabi/bin/../lib/gcc/arm-psas-eabi/4.7.2/../../../../arm-psas-eabi/lib/libc.a(lib_a-strcasecmp.o)
                0x0000000008000330                strcasecmp
 *fill*         0x000000000800036c        0x4 00
 .text          0x0000000008000370       0x1a /opt/psas/x-tools/stm32f407/arm-psas-eabi/bin/../lib/gcc/arm-psas-eabi/4.7.2/../../../../arm-psas-eabi/lib/libc.a(lib_a-strchr.o)
                0x0000000008000370                strchr
 *fill*         0x000000000800038a        0x6 00
 .text          0x0000000008000390       0x10 /opt/psas/x-tools/stm32f407/arm-psas-eabi/bin/../lib/gcc/arm-psas-eabi/4.7.2/../../../../arm-psas-eabi/lib/libc.a(lib_a-strcpy.o)
                0x0000000008000390                strcpy
 .text          0x00000000080003a0       0x10 /opt/psas/x-tools/stm32f407/arm-psas-eabi/bin/../lib/gcc/arm-psas-eabi/4.7.2/../../../../arm-psas-eabi/lib/libc.a(lib_a-strlen.o)
                0x00000000080003a0                strlen
 .text          0x00000000080003b0       0x24 /opt/psas/x-tools/stm32f407/arm-psas-eabi/bin/../lib/gcc/arm-psas-eabi/4.7.2/../../../../arm-psas-eabi/lib/libc.a(lib_a-strspn.o)
                0x00000000080003b0                strspn
 *(.text.*)
 *fill*         0x00000000080003d4        0xc 00
 .text.__late_init
                0x00000000080003e0       0x10 build/obj/crt0.o
                0x00000000080003e0                __late_init
 .text._default_exit
                0x00000000080003f0       0x10 build/obj/crt0.o
                0x00000000080003f0                _default_exit
 .text.ResetHandler
                0x0000000008000400      0x120 build/obj/crt0.o
                0x0000000008000400                ResetHandler
 .text._unhandled_exception
                0x0000000008000520       0x10 build/obj/vectors.o
                0x0000000008000520                Vector58
                0x0000000008000520                VectorE8
                0x0000000008000520                Vector9C
                0x0000000008000520                VectorAC
                0x0000000008000520                Vector5C
                0x0000000008000520                NMIVector
                0x0000000008000520                Vector11C
                0x0000000008000520                Vector8C
                0x0000000008000520                VectorDC
                0x0000000008000520                Vector168
                0x0000000008000520                Vector110
                0x0000000008000520                VectorC8
                0x0000000008000520                Vector94
                0x0000000008000520                VectorA8
                0x0000000008000520                VectorB4
                0x0000000008000520                Vector160
                0x0000000008000520                VectorEC
                0x0000000008000520                UsageFaultVector
                0x0000000008000520                DebugMonitorVector
                0x0000000008000520                Vector40
                0x0000000008000520                VectorF8
                0x0000000008000520                Vector108
                0x0000000008000520                VectorBC
                0x0000000008000520                Vector148
                0x0000000008000520                PendSVVector
                0x0000000008000520                Vector118
                0x0000000008000520                Vector64
                0x0000000008000520                VectorCC
                0x0000000008000520                Vector54
                0x0000000008000520                Vector98
                0x0000000008000520                VectorD8
                0x0000000008000520                Vector138
                0x0000000008000520                Vector24
                0x0000000008000520                Vector178
                0x0000000008000520                BusFaultVector
                0x0000000008000520                VectorD0
                0x0000000008000520                Vector140
                0x0000000008000520                VectorE4
                0x0000000008000520                VectorC0
                0x0000000008000520                HardFaultVector
                0x0000000008000520                VectorF0
                0x0000000008000520                Vector13C
                0x0000000008000520                Vector100
                0x0000000008000520                VectorE0
                0x0000000008000520                VectorF4
                0x0000000008000520                MemManageVector
                0x0000000008000520                VectorA0
                0x0000000008000520                VectorC4
                0x0000000008000520                Vector180
                0x0000000008000520                VectorB0
                0x0000000008000520                Vector90
                0x0000000008000520                Vector114
                0x0000000008000520                Vector164
                0x0000000008000520                Vector60
                0x0000000008000520                Vector1C
                0x0000000008000520                Vector17C
                0x0000000008000520                Vector48
                0x0000000008000520                Vector16C
                0x0000000008000520                VectorD4
                0x0000000008000520                Vector4C
                0x0000000008000520                Vector144
                0x0000000008000520                Vector68
                0x0000000008000520                _unhandled_exception
                0x0000000008000520                Vector170
                0x0000000008000520                Vector88
                0x0000000008000520                Vector184
                0x0000000008000520                Vector10C
                0x0000000008000520                Vector50
                0x0000000008000520                Vector44
                0x0000000008000520                Vector28
                0x0000000008000520                VectorB8
                0x0000000008000520                Vector34
                0x0000000008000520                VectorA4
                0x0000000008000520                Vector20
                0x0000000008000520                Vector174
 .text.port_halt
                0x0000000008000530       0x10 build/obj/chcore.o
                0x0000000008000530                port_halt
 .text._port_switch_from_isr
                0x0000000008000540       0x10 build/obj/chcore_v7m.o
                0x0000000008000540                _port_switch_from_isr
 .text.SVCallVector
                0x0000000008000550       0x20 build/obj/chcore_v7m.o
                0x0000000008000550                SVCallVector
 .text._port_init
                0x0000000008000570       0x40 build/obj/chcore_v7m.o
                0x0000000008000570                _port_init
 .text._port_irq_epilogue
                0x00000000080005b0       0x70 build/obj/chcore_v7m.o
                0x00000000080005b0                _port_irq_epilogue
 .text.SysTickVector
                0x0000000008000620       0x20 build/obj/chcore_v7m.o
                0x0000000008000620                SysTickVector
 .text._port_switch
                0x0000000008000640       0x10 build/obj/chcore_v7m.o
                0x0000000008000640                _port_switch
 .text._port_thread_start
                0x0000000008000650       0x10 build/obj/chcore_v7m.o
                0x0000000008000650                _port_thread_start
 .text.nvicEnableVector
                0x0000000008000660       0x50 build/obj/nvic.o
                0x0000000008000660                nvicEnableVector
 .text.nvicSetSystemHandlerPriority
                0x00000000080006b0       0x30 build/obj/nvic.o
                0x00000000080006b0                nvicSetSystemHandlerPriority
 .text._idle_thread
                0x00000000080006e0       0x20 build/obj/chsys.o
                0x00000000080006e0                _idle_thread
 .text.chSysInit
                0x0000000008000700       0x70 build/obj/chsys.o
                0x0000000008000700                chSysInit
 .text.chSysTimerHandlerI
                0x0000000008000770       0x60 build/obj/chsys.o
                0x0000000008000770                chSysTimerHandlerI
 .text._vt_init
                0x00000000080007d0       0x20 build/obj/chvt.o
                0x00000000080007d0                _vt_init
 .text.chVTSetI
                0x00000000080007f0       0x40 build/obj/chvt.o
                0x00000000080007f0                chVTSetI
 .text.chVTResetI
                0x0000000008000830       0x30 build/obj/chvt.o
                0x0000000008000830                chVTResetI
 .text.chTimeIsWithin
                0x0000000008000860       0x40 build/obj/chvt.o
                0x0000000008000860                chTimeIsWithin
 .text.wakeup   0x00000000080008a0       0x60 build/obj/chschd.o
 .text._scheduler_init
                0x0000000008000900       0x20 build/obj/chschd.o
                0x0000000008000900                _scheduler_init
 .text.chSchReadyI
                0x0000000008000920       0x20 build/obj/chschd.o
                0x0000000008000920                chSchReadyI
 .text.chSchGoSleepS
                0x0000000008000940       0x30 build/obj/chschd.o
                0x0000000008000940                chSchGoSleepS
 .text.chSchGoSleepTimeoutS
                0x0000000008000970       0x40 build/obj/chschd.o
                0x0000000008000970                chSchGoSleepTimeoutS
 .text.chSchWakeupS
                0x00000000080009b0       0x60 build/obj/chschd.o
                0x00000000080009b0                chSchWakeupS
 .text.chSchDoRescheduleBehind
                0x0000000008000a10       0x40 build/obj/chschd.o
                0x0000000008000a10                chSchDoRescheduleBehind
 .text.chSchDoRescheduleAhead
                0x0000000008000a50       0x40 build/obj/chschd.o
                0x0000000008000a50                chSchDoRescheduleAhead
 .text.chSchRescheduleS
                0x0000000008000a90       0x20 build/obj/chschd.o
                0x0000000008000a90                chSchRescheduleS
 .text.chSchDoReschedule
                0x0000000008000ab0       0x20 build/obj/chschd.o
                0x0000000008000ab0                chSchDoReschedule
 .text._thread_init
                0x0000000008000ad0       0x50 build/obj/chthreads.o
                0x0000000008000ad0                _thread_init
 .text.chThdCreateI
                0x0000000008000b20       0x70 build/obj/chthreads.o
                0x0000000008000b20                chThdCreateI
 .text.chThdCreateStatic
                0x0000000008000b90       0x30 build/obj/chthreads.o
                0x0000000008000b90                chThdCreateStatic
 .text.chThdSetPriority
                0x0000000008000bc0       0x30 build/obj/chthreads.o
                0x0000000008000bc0                chThdSetPriority
 .text.chThdResume
                0x0000000008000bf0       0x20 build/obj/chthreads.o
                0x0000000008000bf0                chThdResume
 .text.chThdTerminate
                0x0000000008000c10       0x20 build/obj/chthreads.o
                0x0000000008000c10                chThdTerminate
 .text.chThdSleep
                0x0000000008000c30       0x20 build/obj/chthreads.o
                0x0000000008000c30                chThdSleep
 .text.chThdSleepUntil
                0x0000000008000c50       0x30 build/obj/chthreads.o
                0x0000000008000c50                chThdSleepUntil
 .text.chThdYield
                0x0000000008000c80       0x30 build/obj/chthreads.o
                0x0000000008000c80                chThdYield
 .text.chThdExitS
                0x0000000008000cb0       0x40 build/obj/chthreads.o
                0x0000000008000cb0                chThdExitS
 .text.chThdExit
                0x0000000008000cf0       0x10 build/obj/chthreads.o
                0x0000000008000cf0                chThdExit
 .text.chThdWait
                0x0000000008000d00       0x40 build/obj/chthreads.o
                0x0000000008000d00                chThdWait
 .text.chThdAddRef
                0x0000000008000d40       0x20 build/obj/chdynamic.o
                0x0000000008000d40                chThdAddRef
 .text.chThdRelease
                0x0000000008000d60       0x50 build/obj/chdynamic.o
                0x0000000008000d60                chThdRelease
 .text.chThdCreateFromHeap
                0x0000000008000db0       0x40 build/obj/chdynamic.o
                0x0000000008000db0                chThdCreateFromHeap
 .text.chThdCreateFromMemoryPool
                0x0000000008000df0       0x50 build/obj/chdynamic.o
                0x0000000008000df0                chThdCreateFromMemoryPool
 .text.chRegFirstThread
                0x0000000008000e40       0x20 build/obj/chregistry.o
                0x0000000008000e40                chRegFirstThread
 .text.chRegNextThread
                0x0000000008000e60       0x30 build/obj/chregistry.o
                0x0000000008000e60                chRegNextThread
 .text.chSemInit
                0x0000000008000e90       0x10 build/obj/chsem.o
                0x0000000008000e90                chSemInit
 .text.chSemResetI
                0x0000000008000ea0       0x30 build/obj/chsem.o
                0x0000000008000ea0                chSemResetI
 .text.chSemReset
                0x0000000008000ed0       0x20 build/obj/chsem.o
                0x0000000008000ed0                chSemReset
 .text.chSemWaitS
                0x0000000008000ef0       0x40 build/obj/chsem.o
                0x0000000008000ef0                chSemWaitS
 .text.chSemWait
                0x0000000008000f30       0x20 build/obj/chsem.o
                0x0000000008000f30                chSemWait
 .text.chSemWaitTimeoutS
                0x0000000008000f50       0x40 build/obj/chsem.o
                0x0000000008000f50                chSemWaitTimeoutS
 .text.chSemWaitTimeout
                0x0000000008000f90       0x20 build/obj/chsem.o
                0x0000000008000f90                chSemWaitTimeout
 .text.chSemSignal
                0x0000000008000fb0       0x30 build/obj/chsem.o
                0x0000000008000fb0                chSemSignal
 .text.chSemSignalI
                0x0000000008000fe0       0x20 build/obj/chsem.o
                0x0000000008000fe0                chSemSignalI
 .text.chSemAddCounterI
                0x0000000008001000       0x30 build/obj/chsem.o
                0x0000000008001000                chSemAddCounterI
 .text.chSemSignalWait
                0x0000000008001030       0x70 build/obj/chsem.o
                0x0000000008001030                chSemSignalWait
 .text.chMtxInit
                0x00000000080010a0       0x10 build/obj/chmtx.o
                0x00000000080010a0                chMtxInit
 .text.chMtxLockS
                0x00000000080010b0       0xd0 build/obj/chmtx.o
                0x00000000080010b0                chMtxLockS
 .text.chMtxLock
                0x0000000008001180       0x20 build/obj/chmtx.o
                0x0000000008001180                chMtxLock
 .text.chMtxTryLock
                0x00000000080011a0       0x30 build/obj/chmtx.o
                0x00000000080011a0                chMtxTryLock
 .text.chMtxUnlock
                0x00000000080011d0       0x60 build/obj/chmtx.o
                0x00000000080011d0                chMtxUnlock
 .text.chMtxUnlockS
                0x0000000008001230       0x50 build/obj/chmtx.o
                0x0000000008001230                chMtxUnlockS
 .text.chMtxUnlockAll
                0x0000000008001280       0x50 build/obj/chmtx.o
                0x0000000008001280                chMtxUnlockAll
 .text.chCondInit
                0x00000000080012d0       0x10 build/obj/chcond.o
                0x00000000080012d0                chCondInit
 .text.chCondSignal
                0x00000000080012e0       0x30 build/obj/chcond.o
                0x00000000080012e0                chCondSignal
 .text.chCondSignalI
                0x0000000008001310       0x20 build/obj/chcond.o
                0x0000000008001310                chCondSignalI
 .text.chCondBroadcastI
                0x0000000008001330       0x30 build/obj/chcond.o
                0x0000000008001330                chCondBroadcastI
 .text.chCondBroadcast
                0x0000000008001360       0x20 build/obj/chcond.o
                0x0000000008001360                chCondBroadcast
 .text.chCondWaitS
                0x0000000008001380       0x50 build/obj/chcond.o
                0x0000000008001380                chCondWaitS
 .text.chCondWait
                0x00000000080013d0       0x20 build/obj/chcond.o
                0x00000000080013d0                chCondWait
 .text.chCondWaitTimeoutS
                0x00000000080013f0       0x50 build/obj/chcond.o
                0x00000000080013f0                chCondWaitTimeoutS
 .text.chCondWaitTimeout
                0x0000000008001440       0x20 build/obj/chcond.o
                0x0000000008001440                chCondWaitTimeout
 .text.chEvtRegisterMask
                0x0000000008001460       0x30 build/obj/chevents.o
                0x0000000008001460                chEvtRegisterMask
 .text.chEvtUnregister
                0x0000000008001490       0x30 build/obj/chevents.o
                0x0000000008001490                chEvtUnregister
 .text.chEvtGetAndClearEvents
                0x00000000080014c0       0x30 build/obj/chevents.o
                0x00000000080014c0                chEvtGetAndClearEvents
 .text.chEvtAddEvents
                0x00000000080014f0       0x20 build/obj/chevents.o
                0x00000000080014f0                chEvtAddEvents
 .text.chEvtSignalI
                0x0000000008001510       0x30 build/obj/chevents.o
                0x0000000008001510                chEvtSignalI
 .text.chEvtSignal
                0x0000000008001540       0x20 build/obj/chevents.o
                0x0000000008001540                chEvtSignal
 .text.chEvtBroadcastFlagsI
                0x0000000008001560       0x20 build/obj/chevents.o
                0x0000000008001560                chEvtBroadcastFlagsI
 .text.chEvtBroadcastFlags
                0x0000000008001580       0x20 build/obj/chevents.o
                0x0000000008001580                chEvtBroadcastFlags
 .text.chEvtDispatch
                0x00000000080015a0       0x30 build/obj/chevents.o
                0x00000000080015a0                chEvtDispatch
 .text.chEvtWaitOne
                0x00000000080015d0       0x40 build/obj/chevents.o
                0x00000000080015d0                chEvtWaitOne
 .text.chEvtWaitAny
                0x0000000008001610       0x40 build/obj/chevents.o
                0x0000000008001610                chEvtWaitAny
 .text.chEvtWaitAll
                0x0000000008001650       0x40 build/obj/chevents.o
                0x0000000008001650                chEvtWaitAll
 .text.chEvtWaitOneTimeout
                0x0000000008001690       0x50 build/obj/chevents.o
                0x0000000008001690                chEvtWaitOneTimeout
 .text.chEvtWaitAnyTimeout
                0x00000000080016e0       0x50 build/obj/chevents.o
                0x00000000080016e0                chEvtWaitAnyTimeout
 .text.chEvtWaitAllTimeout
                0x0000000008001730       0x60 build/obj/chevents.o
                0x0000000008001730                chEvtWaitAllTimeout
 .text.chMsgSend
                0x0000000008001790       0x40 build/obj/chmsg.o
                0x0000000008001790                chMsgSend
 .text.chMsgWait
                0x00000000080017d0       0x40 build/obj/chmsg.o
                0x00000000080017d0                chMsgWait
 .text.chMsgRelease
                0x0000000008001810       0x20 build/obj/chmsg.o
                0x0000000008001810                chMsgRelease
 .text.chMBInit
                0x0000000008001830       0x30 build/obj/chmboxes.o
                0x0000000008001830                chMBInit
 .text.chMBReset
                0x0000000008001860       0x40 build/obj/chmboxes.o
                0x0000000008001860                chMBReset
 .text.chMBPostS
                0x00000000080018a0       0x40 build/obj/chmboxes.o
                0x00000000080018a0                chMBPostS
 .text.chMBPost
                0x00000000080018e0       0x20 build/obj/chmboxes.o
                0x00000000080018e0                chMBPost
 .text.chMBPostI
                0x0000000008001900       0x30 build/obj/chmboxes.o
                0x0000000008001900                chMBPostI
 .text.chMBPostAheadS
                0x0000000008001930       0x40 build/obj/chmboxes.o
                0x0000000008001930                chMBPostAheadS
 .text.chMBPostAhead
                0x0000000008001970       0x20 build/obj/chmboxes.o
                0x0000000008001970                chMBPostAhead
 .text.chMBPostAheadI
                0x0000000008001990       0x30 build/obj/chmboxes.o
                0x0000000008001990                chMBPostAheadI
 .text.chMBFetchS
                0x00000000080019c0       0x40 build/obj/chmboxes.o
                0x00000000080019c0                chMBFetchS
 .text.chMBFetch
                0x0000000008001a00       0x20 build/obj/chmboxes.o
                0x0000000008001a00                chMBFetch
 .text.chMBFetchI
                0x0000000008001a20       0x30 build/obj/chmboxes.o
                0x0000000008001a20                chMBFetchI
 .text.qwait    0x0000000008001a50       0x30 build/obj/chqueues.o
 .text.chIQInit
                0x0000000008001a80       0x20 build/obj/chqueues.o
                0x0000000008001a80                chIQInit
 .text.chIQResetI
                0x0000000008001aa0       0x30 build/obj/chqueues.o
                0x0000000008001aa0                chIQResetI
 .text.chIQPutI
                0x0000000008001ad0       0x50 build/obj/chqueues.o
                0x0000000008001ad0                chIQPutI
 .text.chIQGetTimeout
                0x0000000008001b20       0x50 build/obj/chqueues.o
                0x0000000008001b20                chIQGetTimeout
 .text.chIQReadTimeout
                0x0000000008001b70       0x80 build/obj/chqueues.o
                0x0000000008001b70                chIQReadTimeout
 .text.chOQInit
                0x0000000008001bf0       0x20 build/obj/chqueues.o
                0x0000000008001bf0                chOQInit
 .text.chOQResetI
                0x0000000008001c10       0x30 build/obj/chqueues.o
                0x0000000008001c10                chOQResetI
 .text.chOQPutTimeout
                0x0000000008001c40       0x50 build/obj/chqueues.o
                0x0000000008001c40                chOQPutTimeout
 .text.chOQGetI
                0x0000000008001c90       0x50 build/obj/chqueues.o
                0x0000000008001c90                chOQGetI
 .text.chOQWriteTimeout
                0x0000000008001ce0       0x80 build/obj/chqueues.o
                0x0000000008001ce0                chOQWriteTimeout
 .text._core_init
                0x0000000008001d60       0x30 build/obj/chmemcore.o
                0x0000000008001d60                _core_init
 .text.chCoreAlloc
                0x0000000008001d90       0x40 build/obj/chmemcore.o
                0x0000000008001d90                chCoreAlloc
 .text.chCoreStatus
                0x0000000008001dd0       0x20 build/obj/chmemcore.o
                0x0000000008001dd0                chCoreStatus
 .text._heap_init
                0x0000000008001df0       0x20 build/obj/chheap.o
                0x0000000008001df0                _heap_init
 .text.chHeapInit
                0x0000000008001e10       0x20 build/obj/chheap.o
                0x0000000008001e10                chHeapInit
 .text.chHeapAlloc
                0x0000000008001e30       0x90 build/obj/chheap.o
                0x0000000008001e30                chHeapAlloc
 .text.chHeapFree
                0x0000000008001ec0       0x90 build/obj/chheap.o
                0x0000000008001ec0                chHeapFree
 .text.chHeapStatus
                0x0000000008001f50       0x40 build/obj/chheap.o
                0x0000000008001f50                chHeapStatus
 .text.chPoolInit
                0x0000000008001f90       0x10 build/obj/chmempools.o
                0x0000000008001f90                chPoolInit
 .text.chPoolLoadArray
                0x0000000008001fa0       0x30 build/obj/chmempools.o
                0x0000000008001fa0                chPoolLoadArray
 .text.chPoolAlloc
                0x0000000008001fd0       0x30 build/obj/chmempools.o
                0x0000000008001fd0                chPoolAlloc
 .text.chPoolFree
                0x0000000008002000       0x20 build/obj/chmempools.o
                0x0000000008002000                chPoolFree
 .text.tmr      0x0000000008002020       0x10 build/obj/test.o
 .text.print_line
                0x0000000008002030       0x30 build/obj/test.o
 .text.test_printn
                0x0000000008002060       0x70 build/obj/test.o
                0x0000000008002060                test_printn
 .text.test_print
                0x00000000080020d0       0x20 build/obj/test.o
                0x00000000080020d0                test_print
 .text.test_println
                0x00000000080020f0       0x30 build/obj/test.o
                0x00000000080020f0                test_println
 .text.test_emit_token
                0x0000000008002120       0x20 build/obj/test.o
                0x0000000008002120                test_emit_token
 .text._test_assert
                0x0000000008002140       0x30 build/obj/test.o
                0x0000000008002140                _test_assert
 .text._test_assert_sequence
                0x0000000008002170       0x60 build/obj/test.o
                0x0000000008002170                _test_assert_sequence
 .text._test_assert_time_window
                0x00000000080021d0       0x30 build/obj/test.o
                0x00000000080021d0                _test_assert_time_window
 .text.test_terminate_threads
                0x0000000008002200       0x20 build/obj/test.o
                0x0000000008002200                test_terminate_threads
 .text.test_wait_threads
                0x0000000008002220       0x30 build/obj/test.o
                0x0000000008002220                test_wait_threads
 .text.test_cpu_pulse
                0x0000000008002250       0x60 build/obj/test.o
                0x0000000008002250                test_cpu_pulse
 .text.test_wait_tick
                0x00000000080022b0       0x20 build/obj/test.o
                0x00000000080022b0                test_wait_tick
 .text.test_start_timer
                0x00000000080022d0       0x50 build/obj/test.o
                0x00000000080022d0                test_start_timer
 .text.TestThread
                0x0000000008002320      0x330 build/obj/test.o
                0x0000000008002320                TestThread
 .text.thd3_execute
                0x0000000008002650      0x140 build/obj/testthd.o
 .text.thd2_execute
                0x0000000008002790       0xf0 build/obj/testthd.o
 .text.thd1_execute
                0x0000000008002880       0xf0 build/obj/testthd.o
 .text.thread   0x0000000008002970       0x10 build/obj/testthd.o
 .text.thd4_execute
                0x0000000008002980       0x80 build/obj/testthd.o
 .text.sem3_setup
                0x0000000008002a00       0x10 build/obj/testsem.o
 .text.sem2_setup
                0x0000000008002a10       0x10 build/obj/testsem.o
 .text.sem1_setup
                0x0000000008002a20       0x10 build/obj/testsem.o
 .text.sem4_execute
                0x0000000008002a30      0x100 build/obj/testsem.o
 .text.thread4  0x0000000008002b30       0x30 build/obj/testsem.o
 .text.thread3  0x0000000008002b60       0x20 build/obj/testsem.o
 .text.thread1  0x0000000008002b80       0x20 build/obj/testsem.o
 .text.thread2  0x0000000008002ba0       0x30 build/obj/testsem.o
 .text.sem1_execute
                0x0000000008002bd0      0x150 build/obj/testsem.o
 .text.sem3_execute
                0x0000000008002d20       0xa0 build/obj/testsem.o
 .text.sem2_execute
                0x0000000008002dc0      0x150 build/obj/testsem.o
 .text.mtx8_execute
                0x0000000008002f10       0xb0 build/obj/testmtx.o
 .text.thread12
                0x0000000008002fc0       0x20 build/obj/testmtx.o
 .text.thread1  0x0000000008002fe0       0x20 build/obj/testmtx.o
 .text.thread10
                0x0000000008003000       0x30 build/obj/testmtx.o
 .text.thread11
                0x0000000008003030       0x40 build/obj/testmtx.o
 .text.mtx8_setup
                0x0000000008003070       0x30 build/obj/testmtx.o
 .text.mtx7_setup
                0x00000000080030a0       0x20 build/obj/testmtx.o
 .text.mtx6_setup
                0x00000000080030c0       0x20 build/obj/testmtx.o
 .text.mtx5_setup
                0x00000000080030e0       0x10 build/obj/testmtx.o
 .text.mtx4_setup
                0x00000000080030f0       0x20 build/obj/testmtx.o
 .text.mtx3_setup
                0x0000000008003110       0x20 build/obj/testmtx.o
 .text.mtx2_setup
                0x0000000008003130       0x10 build/obj/testmtx.o
 .text.mtx1_setup
                0x0000000008003140       0x10 build/obj/testmtx.o
 .text.mtx7_execute
                0x0000000008003150       0xd0 build/obj/testmtx.o
 .text.mtx6_execute
                0x0000000008003220      0x100 build/obj/testmtx.o
 .text.mtx1_execute
                0x0000000008003320       0xe0 build/obj/testmtx.o
 .text.mtx5_execute
                0x0000000008003400       0xd0 build/obj/testmtx.o
 .text.mtx4_execute
                0x00000000080034d0      0x260 build/obj/testmtx.o
 .text.thread4b
                0x0000000008003730       0x20 build/obj/testmtx.o
 .text.thread4a
                0x0000000008003750       0x20 build/obj/testmtx.o
 .text.mtx3_execute
                0x0000000008003770       0xf0 build/obj/testmtx.o
 .text.mtx2_execute
                0x0000000008003860       0xb0 build/obj/testmtx.o
 .text.thread3HH
                0x0000000008003910       0x30 build/obj/testmtx.o
 .text.thread3H
                0x0000000008003940       0x20 build/obj/testmtx.o
 .text.thread3M
                0x0000000008003960       0x30 build/obj/testmtx.o
 .text.thread3L
                0x0000000008003990       0x50 build/obj/testmtx.o
 .text.thread3LL
                0x00000000080039e0       0x30 build/obj/testmtx.o
 .text.thread2L
                0x0000000008003a10       0x30 build/obj/testmtx.o
 .text.thread2M
                0x0000000008003a40       0x20 build/obj/testmtx.o
 .text.thread2H
                0x0000000008003a60       0x30 build/obj/testmtx.o
 .text.msg1_execute
                0x0000000008003a90       0x90 build/obj/testmsg.o
 .text.thread   0x0000000008003b20       0x20 build/obj/testmsg.o
 .text.mbox1_execute
                0x0000000008003b40      0x630 build/obj/testmbox.o
 .text.mbox1_setup
                0x0000000008004170       0x20 build/obj/testmbox.o
 .text.evt3_setup
                0x0000000008004190       0x10 build/obj/testevt.o
 .text.evt2_setup
                0x00000000080041a0       0x10 build/obj/testevt.o
 .text.evt1_setup
                0x00000000080041b0       0x10 build/obj/testevt.o
 .text.evt2_execute
                0x00000000080041c0      0x260 build/obj/testevt.o
 .text.thread2  0x0000000008004420       0x30 build/obj/testevt.o
 .text.thread1  0x0000000008004450       0x20 build/obj/testevt.o
 .text.evt1_execute
                0x0000000008004470       0x90 build/obj/testevt.o
 .text.h3       0x0000000008004500       0x10 build/obj/testevt.o
 .text.h2       0x0000000008004510       0x10 build/obj/testevt.o
 .text.h1       0x0000000008004520       0x10 build/obj/testevt.o
 .text.evt3_execute
                0x0000000008004530       0xb0 build/obj/testevt.o
 .text.heap1_execute
                0x00000000080045e0      0x250 build/obj/testheap.o
 .text.heap1_setup
                0x0000000008004830       0x20 build/obj/testheap.o
 .text.null_provider
                0x0000000008004850       0x10 build/obj/testpools.o
 .text.pools1_setup
                0x0000000008004860       0x20 build/obj/testpools.o
 .text.pools1_execute
                0x0000000008004880       0xd0 build/obj/testpools.o
 .text.regfind  0x0000000008004950       0x30 build/obj/testdyn.o
 .text.dyn3_execute
                0x0000000008004980      0x140 build/obj/testdyn.o
 .text.thread   0x0000000008004ac0       0x10 build/obj/testdyn.o
 .text.dyn3_setup
                0x0000000008004ad0       0x20 build/obj/testdyn.o
 .text.dyn1_setup
                0x0000000008004af0       0x20 build/obj/testdyn.o
 .text.dyn2_execute
                0x0000000008004b10      0x100 build/obj/testdyn.o
 .text.dyn2_setup
                0x0000000008004c10       0x20 build/obj/testdyn.o
 .text.dyn1_execute
                0x0000000008004c30       0xf0 build/obj/testdyn.o
 .text.notify   0x0000000008004d20       0x10 build/obj/testqueues.o
 .text.thread2  0x0000000008004d30       0x20 build/obj/testqueues.o
 .text.queues2_setup
                0x0000000008004d50       0x30 build/obj/testqueues.o
 .text.thread1  0x0000000008004d80       0x20 build/obj/testqueues.o
 .text.queues1_setup
                0x0000000008004da0       0x30 build/obj/testqueues.o
 .text.queues2_execute
                0x0000000008004dd0      0x270 build/obj/testqueues.o
 .text.queues1_execute
                0x0000000008005040      0x2b0 build/obj/testqueues.o
 .text.thread2  0x00000000080052f0       0x10 build/obj/testbmk.o
 .text.tmo      0x0000000008005300       0x10 build/obj/testbmk.o
 .text.bmk13_execute
                0x0000000008005310      0x100 build/obj/testbmk.o
 .text.bmk12_execute
                0x0000000008005410       0x70 build/obj/testbmk.o
 .text.bmk12_setup
                0x0000000008005480       0x10 build/obj/testbmk.o
 .text.thread3  0x0000000008005490       0x30 build/obj/testbmk.o
 .text.bmk11_execute
                0x00000000080054c0       0x70 build/obj/testbmk.o
 .text.bmk11_setup
                0x0000000008005530       0x10 build/obj/testbmk.o
 .text.bmk7_setup
                0x0000000008005540       0x10 build/obj/testbmk.o
 .text.bmk10_execute
                0x0000000008005550       0x80 build/obj/testbmk.o
 .text.bmk9_execute
                0x00000000080055d0       0xb0 build/obj/testbmk.o
 .text.bmk6_execute
                0x0000000008005680       0x70 build/obj/testbmk.o
 .text.bmk8_execute
                0x00000000080056f0       0xf0 build/obj/testbmk.o
 .text.thread8  0x00000000080057e0       0x40 build/obj/testbmk.o
 .text.bmk7_execute
                0x0000000008005820      0x110 build/obj/testbmk.o
 .text.bmk5_execute
                0x0000000008005930       0x80 build/obj/testbmk.o
 .text.bmk4_execute
                0x00000000080059b0       0xc0 build/obj/testbmk.o
 .text.msg_loop_test
                0x0000000008005a70       0x40 build/obj/testbmk.o
 .text.bmk3_execute
                0x0000000008005ab0       0xe0 build/obj/testbmk.o
 .text.bmk2_execute
                0x0000000008005b90       0x80 build/obj/testbmk.o
 .text.bmk1_execute
                0x0000000008005c10       0x80 build/obj/testbmk.o
 .text.thread1  0x0000000008005c90       0x20 build/obj/testbmk.o
 .text.thread4  0x0000000008005cb0       0x30 build/obj/testbmk.o
                0x0000000008005cb0                thread4
 .text.halInit  0x0000000008005ce0       0x40 build/obj/hal.o
                0x0000000008005ce0                halInit
 .text.halIsCounterWithin
                0x0000000008005d20       0x40 build/obj/hal.o
                0x0000000008005d20                halIsCounterWithin
 .text.halPolledDelay
                0x0000000008005d60       0x50 build/obj/hal.o
                0x0000000008005d60                halPolledDelay
 .text.macInit  0x0000000008005db0       0x10 build/obj/mac.o
                0x0000000008005db0                macInit
 .text.macObjectInit
                0x0000000008005dc0       0x30 build/obj/mac.o
                0x0000000008005dc0                macObjectInit
 .text.macStart
                0x0000000008005df0       0x20 build/obj/mac.o
                0x0000000008005df0                macStart
 .text.macWaitTransmitDescriptor
                0x0000000008005e10       0x60 build/obj/mac.o
                0x0000000008005e10                macWaitTransmitDescriptor
 .text.macReleaseTransmitDescriptor
                0x0000000008005e70       0x10 build/obj/mac.o
                0x0000000008005e70                macReleaseTransmitDescriptor
 .text.macWaitReceiveDescriptor
                0x0000000008005e80       0x60 build/obj/mac.o
                0x0000000008005e80                macWaitReceiveDescriptor
 .text.macReleaseReceiveDescriptor
                0x0000000008005ee0       0x10 build/obj/mac.o
                0x0000000008005ee0                macReleaseReceiveDescriptor
 .text.macPollLinkStatus
                0x0000000008005ef0       0x10 build/obj/mac.o
                0x0000000008005ef0                macPollLinkStatus
 .text.mmcsdGetCapacity
                0x0000000008005f00       0x50 build/obj/mmcsd.o
                0x0000000008005f00                mmcsdGetCapacity
 .text.sdcGetInfo
                0x0000000008005f50       0x20 build/obj/sdc.o
                0x0000000008005f50                sdcGetInfo
 .text.sdcSync  0x0000000008005f70       0x10 build/obj/sdc.o
                0x0000000008005f70                sdcSync
 .text.sdcConnect
                0x0000000008005f80      0x1d0 build/obj/sdc.o
                0x0000000008005f80                sdcConnect
 .text.sdcWrite
                0x0000000008006150       0x30 build/obj/sdc.o
                0x0000000008006150                sdcWrite
 .text.sdcRead  0x0000000008006180       0x30 build/obj/sdc.o
                0x0000000008006180                sdcRead
 .text._sdc_wait_for_transfer_state
                0x00000000080061b0       0x50 build/obj/sdc.o
                0x00000000080061b0                _sdc_wait_for_transfer_state
 .text.sdcDisconnect
                0x0000000008006200       0x50 build/obj/sdc.o
                0x0000000008006200                sdcDisconnect
 .text.sdcInit  0x0000000008006250       0x10 build/obj/sdc.o
                0x0000000008006250                sdcInit
 .text.sdcObjectInit
                0x0000000008006260       0x20 build/obj/sdc.o
                0x0000000008006260                sdcObjectInit
 .text.sdcStart
                0x0000000008006280       0x20 build/obj/sdc.o
                0x0000000008006280                sdcStart
 .text.readt    0x00000000080062a0       0x10 build/obj/serial.o
 .text.read     0x00000000080062b0       0x10 build/obj/serial.o
 .text.writet   0x00000000080062c0       0x10 build/obj/serial.o
 .text.write    0x00000000080062d0       0x10 build/obj/serial.o
 .text.gett     0x00000000080062e0       0x10 build/obj/serial.o
 .text.get      0x00000000080062f0       0x10 build/obj/serial.o
 .text.putt     0x0000000008006300       0x10 build/obj/serial.o
 .text.put      0x0000000008006310       0x10 build/obj/serial.o
 .text.sdInit   0x0000000008006320       0x10 build/obj/serial.o
                0x0000000008006320                sdInit
 .text.sdObjectInit
                0x0000000008006330       0x50 build/obj/serial.o
                0x0000000008006330                sdObjectInit
 .text.sdStart  0x0000000008006380       0x20 build/obj/serial.o
                0x0000000008006380                sdStart
 .text.sdIncomingDataI
                0x00000000080063a0       0x40 build/obj/serial.o
                0x00000000080063a0                sdIncomingDataI
 .text.inotify  0x00000000080063e0       0x70 build/obj/serial_usb.o
 .text.onotify  0x0000000008006450       0x60 build/obj/serial_usb.o
 .text.readt    0x00000000080064b0       0x10 build/obj/serial_usb.o
 .text.read     0x00000000080064c0       0x10 build/obj/serial_usb.o
 .text.writet   0x00000000080064d0       0x10 build/obj/serial_usb.o
 .text.write    0x00000000080064e0       0x10 build/obj/serial_usb.o
 .text.gett     0x00000000080064f0       0x10 build/obj/serial_usb.o
 .text.get      0x0000000008006500       0x10 build/obj/serial_usb.o
 .text.putt     0x0000000008006510       0x10 build/obj/serial_usb.o
 .text.put      0x0000000008006520       0x10 build/obj/serial_usb.o
 .text.sduInit  0x0000000008006530       0x10 build/obj/serial_usb.o
                0x0000000008006530                sduInit
 .text.sduObjectInit
                0x0000000008006540       0x60 build/obj/serial_usb.o
                0x0000000008006540                sduObjectInit
 .text.sduStart
                0x00000000080065a0       0x20 build/obj/serial_usb.o
                0x00000000080065a0                sduStart
 .text.sduConfigureHookI
                0x00000000080065c0       0x40 build/obj/serial_usb.o
                0x00000000080065c0                sduConfigureHookI
 .text.sduRequestsHook
                0x0000000008006600       0x40 build/obj/serial_usb.o
                0x0000000008006600                sduRequestsHook
 .text.sduDataTransmitted
                0x0000000008006640       0x70 build/obj/serial_usb.o
                0x0000000008006640                sduDataTransmitted
 .text.sduDataReceived
                0x00000000080066b0       0x60 build/obj/serial_usb.o
                0x00000000080066b0                sduDataReceived
 .text.sduInterruptTransmitted
                0x0000000008006710       0x10 build/obj/serial_usb.o
                0x0000000008006710                sduInterruptTransmitted
 .text.tm_start
                0x0000000008006720       0x10 build/obj/tm.o
 .text.tm_stop  0x0000000008006730       0x40 build/obj/tm.o
 .text.tmInit   0x0000000008006770       0x50 build/obj/tm.o
                0x0000000008006770                tmInit
 .text.usbInit  0x00000000080067c0       0x10 build/obj/usb.o
                0x00000000080067c0                usbInit
 .text.usbObjectInit
                0x00000000080067d0       0x10 build/obj/usb.o
                0x00000000080067d0                usbObjectInit
 .text.usbStart
                0x00000000080067e0       0x30 build/obj/usb.o
                0x00000000080067e0                usbStart
 .text.usbInitEndpointI
                0x0000000008006810       0x40 build/obj/usb.o
                0x0000000008006810                usbInitEndpointI
 .text.usbPrepareReceive
                0x0000000008006850       0x20 build/obj/usb.o
                0x0000000008006850                usbPrepareReceive
 .text.usbPrepareTransmit
                0x0000000008006870       0x20 build/obj/usb.o
                0x0000000008006870                usbPrepareTransmit
 .text.usbPrepareQueuedReceive
                0x0000000008006890       0x20 build/obj/usb.o
                0x0000000008006890                usbPrepareQueuedReceive
 .text.usbPrepareQueuedTransmit
                0x00000000080068b0       0x20 build/obj/usb.o
                0x00000000080068b0                usbPrepareQueuedTransmit
 .text.usbStartReceiveI
                0x00000000080068d0       0x30 build/obj/usb.o
                0x00000000080068d0                usbStartReceiveI
 .text.usbStartTransmitI
                0x0000000008006900       0x30 build/obj/usb.o
                0x0000000008006900                usbStartTransmitI
 .text._usb_reset
                0x0000000008006930       0x30 build/obj/usb.o
                0x0000000008006930                _usb_reset
 .text._usb_ep0setup
                0x0000000008006960      0x320 build/obj/usb.o
                0x0000000008006960                _usb_ep0setup
 .text._usb_ep0in
                0x0000000008006c80       0xb0 build/obj/usb.o
                0x0000000008006c80                _usb_ep0in
 .text._usb_ep0out
                0x0000000008006d30       0x80 build/obj/usb.o
                0x0000000008006d30                _usb_ep0out
 .text.Vector6C
                0x0000000008006db0       0x30 build/obj/stm32_dma.o
                0x0000000008006db0                Vector6C
 .text.Vector70
                0x0000000008006de0       0x30 build/obj/stm32_dma.o
                0x0000000008006de0                Vector70
 .text.Vector74
                0x0000000008006e10       0x30 build/obj/stm32_dma.o
                0x0000000008006e10                Vector74
 .text.Vector78
                0x0000000008006e40       0x30 build/obj/stm32_dma.o
                0x0000000008006e40                Vector78
 .text.Vector7C
                0x0000000008006e70       0x30 build/obj/stm32_dma.o
                0x0000000008006e70                Vector7C
 .text.Vector80
                0x0000000008006ea0       0x30 build/obj/stm32_dma.o
                0x0000000008006ea0                Vector80
 .text.Vector84
                0x0000000008006ed0       0x30 build/obj/stm32_dma.o
                0x0000000008006ed0                Vector84
 .text.VectorFC
                0x0000000008006f00       0x30 build/obj/stm32_dma.o
                0x0000000008006f00                VectorFC
 .text.Vector120
                0x0000000008006f30       0x30 build/obj/stm32_dma.o
                0x0000000008006f30                Vector120
 .text.Vector124
                0x0000000008006f60       0x30 build/obj/stm32_dma.o
                0x0000000008006f60                Vector124
 .text.Vector128
                0x0000000008006f90       0x30 build/obj/stm32_dma.o
                0x0000000008006f90                Vector128
 .text.Vector12C
                0x0000000008006fc0       0x30 build/obj/stm32_dma.o
                0x0000000008006fc0                Vector12C
 .text.Vector130
                0x0000000008006ff0       0x30 build/obj/stm32_dma.o
                0x0000000008006ff0                Vector130
 .text.Vector150
                0x0000000008007020       0x30 build/obj/stm32_dma.o
                0x0000000008007020                Vector150
 .text.Vector154
                0x0000000008007050       0x30 build/obj/stm32_dma.o
                0x0000000008007050                Vector154
 .text.Vector158
                0x0000000008007080       0x30 build/obj/stm32_dma.o
                0x0000000008007080                Vector158
 .text.dmaInit  0x00000000080070b0       0x50 build/obj/stm32_dma.o
                0x00000000080070b0                dmaInit
 .text.dmaStreamAllocate
                0x0000000008007100       0xb0 build/obj/stm32_dma.o
                0x0000000008007100                dmaStreamAllocate
 .text.hal_lld_init
                0x00000000080071b0       0xd0 build/obj/hal_lld.o
                0x00000000080071b0                hal_lld_init
 .text.stm32_clock_init
                0x0000000008007280      0x130 build/obj/hal_lld.o
                0x0000000008007280                stm32_clock_init
 .text.mac_lld_set_address
                0x00000000080073b0       0x50 build/obj/mac_lld.o
 .text.Vector134
                0x0000000008007400       0x60 build/obj/mac_lld.o
                0x0000000008007400                Vector134
 .text.mac_lld_init
                0x0000000008007460      0x1a0 build/obj/mac_lld.o
                0x0000000008007460                mac_lld_init
 .text.mac_lld_start
                0x0000000008007600      0x110 build/obj/mac_lld.o
                0x0000000008007600                mac_lld_start
 .text.mac_lld_get_transmit_descriptor
                0x0000000008007710       0x50 build/obj/mac_lld.o
                0x0000000008007710                mac_lld_get_transmit_descriptor
 .text.mac_lld_write_transmit_descriptor
                0x0000000008007760       0x30 build/obj/mac_lld.o
                0x0000000008007760                mac_lld_write_transmit_descriptor
 .text.mac_lld_release_transmit_descriptor
                0x0000000008007790       0x40 build/obj/mac_lld.o
                0x0000000008007790                mac_lld_release_transmit_descriptor
 .text.mac_lld_get_receive_descriptor
                0x00000000080077d0       0x70 build/obj/mac_lld.o
                0x00000000080077d0                mac_lld_get_receive_descriptor
 .text.mac_lld_read_receive_descriptor
                0x0000000008007840       0x30 build/obj/mac_lld.o
                0x0000000008007840                mac_lld_read_receive_descriptor
 .text.mac_lld_release_receive_descriptor
                0x0000000008007870       0x40 build/obj/mac_lld.o
                0x0000000008007870                mac_lld_release_receive_descriptor
 .text.mac_lld_poll_link_status
                0x00000000080078b0       0xd0 build/obj/mac_lld.o
                0x00000000080078b0                mac_lld_poll_link_status
 .text.sdc_lld_collect_errors
                0x0000000008007980       0xd0 build/obj/sdc_lld.o
 .text.Vector104
                0x0000000008007a50       0x40 build/obj/sdc_lld.o
                0x0000000008007a50                Vector104
 .text.sdc_lld_init
                0x0000000008007a90       0x20 build/obj/sdc_lld.o
                0x0000000008007a90                sdc_lld_init
 .text.sdc_lld_start
                0x0000000008007ab0       0x60 build/obj/sdc_lld.o
                0x0000000008007ab0                sdc_lld_start
 .text.sdc_lld_start_clk
                0x0000000008007b10       0x20 build/obj/sdc_lld.o
                0x0000000008007b10                sdc_lld_start_clk
 .text.sdc_lld_set_data_clk
                0x0000000008007b30       0x20 build/obj/sdc_lld.o
                0x0000000008007b30                sdc_lld_set_data_clk
 .text.sdc_lld_stop_clk
                0x0000000008007b50       0x10 build/obj/sdc_lld.o
                0x0000000008007b50                sdc_lld_stop_clk
 .text.sdc_lld_set_bus_mode
                0x0000000008007b60       0x30 build/obj/sdc_lld.o
                0x0000000008007b60                sdc_lld_set_bus_mode
 .text.sdc_lld_send_cmd_none
                0x0000000008007b90       0x30 build/obj/sdc_lld.o
                0x0000000008007b90                sdc_lld_send_cmd_none
 .text.sdc_lld_send_cmd_short
                0x0000000008007bc0       0x40 build/obj/sdc_lld.o
                0x0000000008007bc0                sdc_lld_send_cmd_short
 .text.sdc_lld_send_cmd_short_crc
                0x0000000008007c00       0x40 build/obj/sdc_lld.o
                0x0000000008007c00                sdc_lld_send_cmd_short_crc
 .text.sdc_lld_wait_transaction_end
                0x0000000008007c40       0xa0 build/obj/sdc_lld.o
 .text.sdc_lld_error_cleanup
                0x0000000008007ce0       0x70 build/obj/sdc_lld.o
 .text.sdc_lld_send_cmd_long_crc
                0x0000000008007d50       0x50 build/obj/sdc_lld.o
                0x0000000008007d50                sdc_lld_send_cmd_long_crc
 .text.sdc_lld_read_aligned
                0x0000000008007da0       0xc0 build/obj/sdc_lld.o
                0x0000000008007da0                sdc_lld_read_aligned
 .text.sdc_lld_write_aligned
                0x0000000008007e60       0xd0 build/obj/sdc_lld.o
                0x0000000008007e60                sdc_lld_write_aligned
 .text.sdc_lld_read
                0x0000000008007f30       0x60 build/obj/sdc_lld.o
                0x0000000008007f30                sdc_lld_read
 .text.sdc_lld_write
                0x0000000008007f90       0x60 build/obj/sdc_lld.o
                0x0000000008007f90                sdc_lld_write
 .text.sdc_lld_sync
                0x0000000008007ff0       0x10 build/obj/sdc_lld.o
                0x0000000008007ff0                sdc_lld_sync
 .text._pal_lld_init
                0x0000000008008000      0x1b0 build/obj/pal_lld.o
                0x0000000008008000                _pal_lld_init
 .text.otg_disable_ep
                0x00000000080081b0       0x90 build/obj/usb_lld.o
 .text.otg_epout_handler
                0x0000000008008240       0x60 build/obj/usb_lld.o
 .text.otg_txfifo_flush
                0x00000000080082a0       0x20 build/obj/usb_lld.o
 .text.usb_lld_pump
                0x00000000080082c0      0x390 build/obj/usb_lld.o
 .text.otg_epin_handler
                0x0000000008008650       0x80 build/obj/usb_lld.o
 .text.Vector14C
                0x00000000080086d0      0x100 build/obj/usb_lld.o
                0x00000000080086d0                Vector14C
 .text.usb_lld_init
                0x00000000080087d0       0x30 build/obj/usb_lld.o
                0x00000000080087d0                usb_lld_init
 .text.usb_lld_start
                0x0000000008008800       0xe0 build/obj/usb_lld.o
                0x0000000008008800                usb_lld_start
 .text.usb_lld_reset
                0x00000000080088e0       0xd0 build/obj/usb_lld.o
                0x00000000080088e0                usb_lld_reset
 .text.usb_lld_set_address
                0x00000000080089b0       0x20 build/obj/usb_lld.o
                0x00000000080089b0                usb_lld_set_address
 .text.usb_lld_init_endpoint
                0x00000000080089d0      0x140 build/obj/usb_lld.o
                0x00000000080089d0                usb_lld_init_endpoint
 .text.usb_lld_get_status_out
                0x0000000008008b10       0x20 build/obj/usb_lld.o
                0x0000000008008b10                usb_lld_get_status_out
 .text.usb_lld_get_status_in
                0x0000000008008b30       0x20 build/obj/usb_lld.o
                0x0000000008008b30                usb_lld_get_status_in
 .text.usb_lld_read_setup
                0x0000000008008b50       0x20 build/obj/usb_lld.o
                0x0000000008008b50                usb_lld_read_setup
 .text.usb_lld_prepare_receive
                0x0000000008008b70       0x30 build/obj/usb_lld.o
                0x0000000008008b70                usb_lld_prepare_receive
 .text.usb_lld_prepare_transmit
                0x0000000008008ba0       0x40 build/obj/usb_lld.o
                0x0000000008008ba0                usb_lld_prepare_transmit
 .text.usb_lld_start_out
                0x0000000008008be0       0x10 build/obj/usb_lld.o
                0x0000000008008be0                usb_lld_start_out
 .text.usb_lld_start_in
                0x0000000008008bf0       0x30 build/obj/usb_lld.o
                0x0000000008008bf0                usb_lld_start_in
 .text.usb_lld_stall_out
                0x0000000008008c20       0x10 build/obj/usb_lld.o
                0x0000000008008c20                usb_lld_stall_out
 .text.usb_lld_stall_in
                0x0000000008008c30       0x10 build/obj/usb_lld.o
                0x0000000008008c30                usb_lld_stall_in
 .text.usb_lld_clear_out
                0x0000000008008c40       0x10 build/obj/usb_lld.o
                0x0000000008008c40                usb_lld_clear_out
 .text.usb_lld_clear_in
                0x0000000008008c50       0x10 build/obj/usb_lld.o
                0x0000000008008c50                usb_lld_clear_in
 .text.notify6  0x0000000008008c60       0x20 build/obj/serial_lld.o
 .text.Vector15C
                0x0000000008008c80      0x130 build/obj/serial_lld.o
                0x0000000008008c80                Vector15C
 .text.sd_lld_init
                0x0000000008008db0       0x30 build/obj/serial_lld.o
                0x0000000008008db0                sd_lld_init
 .text.sd_lld_start
                0x0000000008008de0       0xa0 build/obj/serial_lld.o
                0x0000000008008de0                sd_lld_start
 .text.__early_init
                0x0000000008008e80       0x10 build/obj/board.o
                0x0000000008008e80                __early_init
 .text.sdc_lld_is_card_inserted
                0x0000000008008e90       0x30 build/obj/board.o
                0x0000000008008e90                sdc_lld_is_card_inserted
 .text.sdc_lld_is_write_protected
                0x0000000008008ec0       0x10 build/obj/board.o
                0x0000000008008ec0                sdc_lld_is_write_protected
 .text.boardInit
                0x0000000008008ed0       0x10 build/obj/board.o
                0x0000000008008ed0                boardInit
 .text.ethernetif_init
                0x0000000008008ee0       0x40 build/obj/lwipthread.o
 .text.low_level_output
                0x0000000008008f20       0x50 build/obj/lwipthread.o
 .text.lwip_thread
                0x0000000008008f70      0x1e0 build/obj/lwipthread.o
                0x0000000008008f70                lwip_thread
 .text.sys_init
                0x0000000008009150       0x10 build/obj/sys_arch.o
                0x0000000008009150                sys_init
 .text.sys_sem_new
                0x0000000008009160       0x50 build/obj/sys_arch.o
                0x0000000008009160                sys_sem_new
 .text.sys_sem_free
                0x00000000080091b0       0x30 build/obj/sys_arch.o
                0x00000000080091b0                sys_sem_free
 .text.sys_sem_signal
                0x00000000080091e0       0x10 build/obj/sys_arch.o
                0x00000000080091e0                sys_sem_signal
 .text.sys_arch_sem_wait
                0x00000000080091f0       0x40 build/obj/sys_arch.o
                0x00000000080091f0                sys_arch_sem_wait
 .text.sys_sem_valid
                0x0000000008009230       0x10 build/obj/sys_arch.o
                0x0000000008009230                sys_sem_valid
 .text.sys_sem_set_invalid
                0x0000000008009240       0x10 build/obj/sys_arch.o
                0x0000000008009240                sys_sem_set_invalid
 .text.sys_mbox_new
                0x0000000008009250       0x50 build/obj/sys_arch.o
                0x0000000008009250                sys_mbox_new
 .text.sys_mbox_free
                0x00000000080092a0       0x40 build/obj/sys_arch.o
                0x00000000080092a0                sys_mbox_free
 .text.sys_mbox_post
                0x00000000080092e0       0x10 build/obj/sys_arch.o
                0x00000000080092e0                sys_mbox_post
 .text.sys_mbox_trypost
                0x00000000080092f0       0x30 build/obj/sys_arch.o
                0x00000000080092f0                sys_mbox_trypost
 .text.sys_arch_mbox_fetch
                0x0000000008009320       0x40 build/obj/sys_arch.o
                0x0000000008009320                sys_arch_mbox_fetch
 .text.sys_arch_mbox_tryfetch
                0x0000000008009360       0x20 build/obj/sys_arch.o
                0x0000000008009360                sys_arch_mbox_tryfetch
 .text.sys_mbox_valid
                0x0000000008009380       0x10 build/obj/sys_arch.o
                0x0000000008009380                sys_mbox_valid
 .text.sys_mbox_set_invalid
                0x0000000008009390       0x10 build/obj/sys_arch.o
                0x0000000008009390                sys_mbox_set_invalid
 .text.sys_thread_new
                0x00000000080093a0       0x30 build/obj/sys_arch.o
                0x00000000080093a0                sys_thread_new
 .text.find_entry
                0x00000000080093d0      0x150 build/obj/etharp.o
 .text.etharp_send_ip
                0x0000000008009520       0x50 build/obj/etharp.o
 .text.etharp_tmr
                0x0000000008009570       0x60 build/obj/etharp.o
                0x0000000008009570                etharp_tmr
 .text.etharp_request
                0x00000000080095d0       0xd0 build/obj/etharp.o
                0x00000000080095d0                etharp_request
 .text.etharp_query
                0x00000000080096a0      0x150 build/obj/etharp.o
                0x00000000080096a0                etharp_query
 .text.etharp_output
                0x00000000080097f0       0xf0 build/obj/etharp.o
                0x00000000080097f0                etharp_output
 .text.ethernet_input
                0x00000000080098e0      0x200 build/obj/etharp.o
                0x00000000080098e0                ethernet_input
 .text.lwip_init
                0x0000000008009ae0       0x30 build/obj/init.o
                0x0000000008009ae0                lwip_init
 .text.mem_init
                0x0000000008009b10       0x70 build/obj/mem.o
                0x0000000008009b10                mem_init
 .text.mem_free
                0x0000000008009b80      0x140 build/obj/mem.o
                0x0000000008009b80                mem_free
 .text.mem_trim
                0x0000000008009cc0      0x140 build/obj/mem.o
                0x0000000008009cc0                mem_trim
 .text.mem_malloc
                0x0000000008009e00      0x180 build/obj/mem.o
                0x0000000008009e00                mem_malloc
 .text.memp_init
                0x0000000008009f80       0xa0 build/obj/memp.o
                0x0000000008009f80                memp_init
 .text.memp_malloc
                0x000000000800a020       0x70 build/obj/memp.o
                0x000000000800a020                memp_malloc
 .text.memp_free
                0x000000000800a090       0x40 build/obj/memp.o
                0x000000000800a090                memp_free
 .text.netif_init
                0x000000000800a0d0       0x10 build/obj/netif.o
                0x000000000800a0d0                netif_init
 .text.netif_set_ipaddr
                0x000000000800a0e0       0x60 build/obj/netif.o
                0x000000000800a0e0                netif_set_ipaddr
 .text.netif_set_addr
                0x000000000800a140       0x20 build/obj/netif.o
                0x000000000800a140                netif_set_addr
 .text.netif_add
                0x000000000800a160       0x70 build/obj/netif.o
                0x000000000800a160                netif_add
 .text.netif_set_default
                0x000000000800a1d0       0x10 build/obj/netif.o
                0x000000000800a1d0                netif_set_default
 .text.netif_set_up
                0x000000000800a1e0       0x20 build/obj/netif.o
                0x000000000800a1e0                netif_set_up
 .text.netif_set_link_up
                0x000000000800a200       0x30 build/obj/netif.o
                0x000000000800a200                netif_set_link_up
 .text.netif_set_link_down
                0x000000000800a230       0x20 build/obj/netif.o
                0x000000000800a230                netif_set_link_down
 .text.pbuf_free_ooseq
                0x000000000800a250       0x30 build/obj/pbuf.o
 .text.pbuf_pool_is_empty
                0x000000000800a280       0x30 build/obj/pbuf.o
 .text.pbuf_alloced_custom
                0x000000000800a2b0       0x70 build/obj/pbuf.o
                0x000000000800a2b0                pbuf_alloced_custom
 .text.pbuf_header
                0x000000000800a320       0x80 build/obj/pbuf.o
                0x000000000800a320                pbuf_header
 .text.pbuf_free
                0x000000000800a3a0       0x90 build/obj/pbuf.o
                0x000000000800a3a0                pbuf_free
 .text.pbuf_realloc
                0x000000000800a430       0xb0 build/obj/pbuf.o
                0x000000000800a430                pbuf_realloc
 .text.pbuf_alloc
                0x000000000800a4e0      0x190 build/obj/pbuf.o
                0x000000000800a4e0                pbuf_alloc
 .text.pbuf_clen
                0x000000000800a670       0x20 build/obj/pbuf.o
                0x000000000800a670                pbuf_clen
 .text.pbuf_ref
                0x000000000800a690       0x10 build/obj/pbuf.o
                0x000000000800a690                pbuf_ref
 .text.pbuf_cat
                0x000000000800a6a0       0x50 build/obj/pbuf.o
                0x000000000800a6a0                pbuf_cat
 .text.pbuf_copy
                0x000000000800a6f0       0xd0 build/obj/pbuf.o
                0x000000000800a6f0                pbuf_copy
 .text.pbuf_copy_partial
                0x000000000800a7c0       0x80 build/obj/pbuf.o
                0x000000000800a7c0                pbuf_copy_partial
 .text.raw_input
                0x000000000800a840       0x80 build/obj/raw.o
                0x000000000800a840                raw_input
 .text.raw_bind
                0x000000000800a8c0       0x10 build/obj/raw.o
                0x000000000800a8c0                raw_bind
 .text.raw_recv
                0x000000000800a8d0       0x10 build/obj/raw.o
                0x000000000800a8d0                raw_recv
 .text.raw_remove
                0x000000000800a8e0       0x40 build/obj/raw.o
                0x000000000800a8e0                raw_remove
 .text.raw_new  0x000000000800a920       0x30 build/obj/raw.o
                0x000000000800a920                raw_new
 .text.stats_init
                0x000000000800a950       0x10 build/obj/stats.o
                0x000000000800a950                stats_init
 .text.tcp_accept_null
                0x000000000800a960       0x10 build/obj/tcp.o
 .text.tcp_new_port
                0x000000000800a970       0x50 build/obj/tcp.o
 .text.tcp_bind
                0x000000000800a9c0       0x80 build/obj/tcp.o
                0x000000000800a9c0                tcp_bind
 .text.tcp_listen_with_backlog
                0x000000000800aa40       0xb0 build/obj/tcp.o
                0x000000000800aa40                tcp_listen_with_backlog
 .text.tcp_update_rcv_ann_wnd
                0x000000000800aaf0       0x50 build/obj/tcp.o
                0x000000000800aaf0                tcp_update_rcv_ann_wnd
 .text.tcp_recved
                0x000000000800ab40       0x50 build/obj/tcp.o
                0x000000000800ab40                tcp_recved
 .text.tcp_seg_free
                0x000000000800ab90       0x20 build/obj/tcp.o
                0x000000000800ab90                tcp_seg_free
 .text.tcp_segs_free
                0x000000000800abb0       0x20 build/obj/tcp.o
                0x000000000800abb0                tcp_segs_free
 .text.tcp_seg_copy
                0x000000000800abd0       0x30 build/obj/tcp.o
                0x000000000800abd0                tcp_seg_copy
 .text.tcp_arg  0x000000000800ac00       0x10 build/obj/tcp.o
                0x000000000800ac00                tcp_arg
 .text.tcp_recv
                0x000000000800ac10       0x10 build/obj/tcp.o
                0x000000000800ac10                tcp_recv
 .text.tcp_sent
                0x000000000800ac20       0x10 build/obj/tcp.o
                0x000000000800ac20                tcp_sent
 .text.tcp_err  0x000000000800ac30       0x10 build/obj/tcp.o
                0x000000000800ac30                tcp_err
 .text.tcp_accept
                0x000000000800ac40       0x10 build/obj/tcp.o
                0x000000000800ac40                tcp_accept
 .text.tcp_poll
                0x000000000800ac50       0x10 build/obj/tcp.o
                0x000000000800ac50                tcp_poll
 .text.tcp_pcb_purge
                0x000000000800ac60       0x50 build/obj/tcp.o
                0x000000000800ac60                tcp_pcb_purge
 .text.tcp_slowtmr
                0x000000000800acb0      0x370 build/obj/tcp.o
                0x000000000800acb0                tcp_slowtmr
 .text.tcp_pcb_remove
                0x000000000800b020       0x90 build/obj/tcp.o
                0x000000000800b020                tcp_pcb_remove
 .text.tcp_abandon
                0x000000000800b0b0       0xb0 build/obj/tcp.o
                0x000000000800b0b0                tcp_abandon
 .text.tcp_abort
                0x000000000800b160       0x10 build/obj/tcp.o
                0x000000000800b160                tcp_abort
 .text.tcp_alloc
                0x000000000800b170      0x140 build/obj/tcp.o
                0x000000000800b170                tcp_alloc
 .text.tcp_new  0x000000000800b2b0       0x10 build/obj/tcp.o
                0x000000000800b2b0                tcp_new
 .text.tcp_close_shutdown
                0x000000000800b2c0      0x150 build/obj/tcp.o
 .text.tcp_shutdown
                0x000000000800b410       0x60 build/obj/tcp.o
                0x000000000800b410                tcp_shutdown
 .text.tcp_close
                0x000000000800b470       0x20 build/obj/tcp.o
                0x000000000800b470                tcp_close
 .text.tcp_recv_null
                0x000000000800b490       0x30 build/obj/tcp.o
                0x000000000800b490                tcp_recv_null
 .text.tcp_fasttmr
                0x000000000800b4c0       0x80 build/obj/tcp.o
                0x000000000800b4c0                tcp_fasttmr
 .text.tcp_tmr  0x000000000800b540       0x30 build/obj/tcp.o
                0x000000000800b540                tcp_tmr
 .text.tcp_eff_send_mss
                0x000000000800b570       0x20 build/obj/tcp.o
                0x000000000800b570                tcp_eff_send_mss
 .text.tcp_parseopt
                0x000000000800b590       0x90 build/obj/tcp_in.o
 .text.tcp_oos_insert_segment
                0x000000000800b620       0xb0 build/obj/tcp_in.o
 .text.tcp_receive
                0x000000000800b6d0      0x990 build/obj/tcp_in.o
 .text.tcp_input
                0x000000000800c060      0xb90 build/obj/tcp_in.o
                0x000000000800c060                tcp_input
 .text.tcp_pbuf_prealloc
                0x000000000800cbf0       0x70 build/obj/tcp_out.o
 .text.tcp_create_segment
                0x000000000800cc60       0xc0 build/obj/tcp_out.o
 .text.tcp_output_alloc_header.constprop.0
                0x000000000800cd20       0x70 build/obj/tcp_out.o
 .text.tcp_write
                0x000000000800cd90      0x480 build/obj/tcp_out.o
                0x000000000800cd90                tcp_write
 .text.tcp_enqueue_flags
                0x000000000800d210      0x150 build/obj/tcp_out.o
                0x000000000800d210                tcp_enqueue_flags
 .text.tcp_send_fin
                0x000000000800d360       0x40 build/obj/tcp_out.o
                0x000000000800d360                tcp_send_fin
 .text.tcp_send_empty_ack
                0x000000000800d3a0       0x70 build/obj/tcp_out.o
                0x000000000800d3a0                tcp_send_empty_ack
 .text.tcp_output
                0x000000000800d410      0x310 build/obj/tcp_out.o
                0x000000000800d410                tcp_output
 .text.tcp_rst  0x000000000800d720       0xc0 build/obj/tcp_out.o
                0x000000000800d720                tcp_rst
 .text.tcp_rexmit_rto
                0x000000000800d7e0       0x30 build/obj/tcp_out.o
                0x000000000800d7e0                tcp_rexmit_rto
 .text.tcp_rexmit
                0x000000000800d810       0x50 build/obj/tcp_out.o
                0x000000000800d810                tcp_rexmit
 .text.tcp_rexmit_fast
                0x000000000800d860       0x60 build/obj/tcp_out.o
                0x000000000800d860                tcp_rexmit_fast
 .text.tcp_keepalive
                0x000000000800d8c0       0x70 build/obj/tcp_out.o
                0x000000000800d8c0                tcp_keepalive
 .text.tcp_zero_window_probe
                0x000000000800d930       0xe0 build/obj/tcp_out.o
                0x000000000800d930                tcp_zero_window_probe
 .text.udp_input
                0x000000000800da10      0x250 build/obj/udp.o
                0x000000000800da10                udp_input
 .text.udp_bind
                0x000000000800dc60       0xb0 build/obj/udp.o
                0x000000000800dc60                udp_bind
 .text.udp_recv
                0x000000000800dd10       0x10 build/obj/udp.o
                0x000000000800dd10                udp_recv
 .text.udp_remove
                0x000000000800dd20       0x40 build/obj/udp.o
                0x000000000800dd20                udp_remove
 .text.udp_new  0x000000000800dd60       0x20 build/obj/udp.o
                0x000000000800dd60                udp_new
 .text.icmp_send_response
                0x000000000800dd80       0xb0 build/obj/icmp.o
 .text.icmp_input
                0x000000000800de30      0x1e0 build/obj/icmp.o
                0x000000000800de30                icmp_input
 .text.icmp_dest_unreach
                0x000000000800e010       0x10 build/obj/icmp.o
                0x000000000800e010                icmp_dest_unreach
 .text.icmp_time_exceeded
                0x000000000800e020       0x10 build/obj/icmp.o
                0x000000000800e020                icmp_time_exceeded
 .text.lwip_standard_chksum
                0x000000000800e030       0x80 build/obj/inet_chksum.o
 .text.inet_chksum_pseudo
                0x000000000800e0b0       0x90 build/obj/inet_chksum.o
                0x000000000800e0b0                inet_chksum_pseudo
 .text.inet_chksum
                0x000000000800e140       0x10 build/obj/inet_chksum.o
                0x000000000800e140                inet_chksum
 .text.inet_chksum_pbuf
                0x000000000800e150       0x60 build/obj/inet_chksum.o
                0x000000000800e150                inet_chksum_pbuf
 .text.ip_route
                0x000000000800e1b0       0x50 build/obj/ip.o
                0x000000000800e1b0                ip_route
 .text.ip_input
                0x000000000800e200      0x210 build/obj/ip.o
                0x000000000800e200                ip_input
 .text.ip_output_if
                0x000000000800e410      0x130 build/obj/ip.o
                0x000000000800e410                ip_output_if
 .text.ip_output
                0x000000000800e540       0x60 build/obj/ip.o
                0x000000000800e540                ip_output
 .text.ip4_addr_isbroadcast
                0x000000000800e5a0       0x30 build/obj/ip_addr.o
                0x000000000800e5a0                ip4_addr_isbroadcast
 .text.ip_reass_dequeue_datagram
                0x000000000800e5d0       0x40 build/obj/ip_frag.o
 .text.ip_reass_free_complete_datagram
                0x000000000800e610       0xc0 build/obj/ip_frag.o
 .text.ip_reass_remove_oldest_datagram
                0x000000000800e6d0       0xa0 build/obj/ip_frag.o
 .text.ipfrag_free_pbuf_custom
                0x000000000800e770       0x20 build/obj/ip_frag.o
 .text.ip_reass_tmr
                0x000000000800e790       0x30 build/obj/ip_frag.o
                0x000000000800e790                ip_reass_tmr
 .text.ip_reass
                0x000000000800e7c0      0x390 build/obj/ip_frag.o
                0x000000000800e7c0                ip_reass
 .text.ip_frag  0x000000000800eb50      0x1e0 build/obj/ip_frag.o
                0x000000000800eb50                ip_frag
 .text.lwip_htons
                0x000000000800ed30       0x10 build/obj/def.o
                0x000000000800ed30                lwip_htons
 .text.lwip_ntohs
                0x000000000800ed40       0x10 build/obj/def.o
                0x000000000800ed40                lwip_ntohs
 .text.lwip_htonl
                0x000000000800ed50       0x10 build/obj/def.o
                0x000000000800ed50                lwip_htonl
 .text.lwip_ntohl
                0x000000000800ed60       0x10 build/obj/def.o
                0x000000000800ed60                lwip_ntohl
 .text.sys_timeout
                0x000000000800ed70       0x60 build/obj/timers.o
                0x000000000800ed70                sys_timeout
 .text.sys_timeouts_init
                0x000000000800edd0       0x30 build/obj/timers.o
                0x000000000800edd0                sys_timeouts_init
 .text.arp_timer
                0x000000000800ee00       0x20 build/obj/timers.o
 .text.ip_reass_timer
                0x000000000800ee20       0x20 build/obj/timers.o
 .text.tcp_timer_needed
                0x000000000800ee40       0x40 build/obj/timers.o
                0x000000000800ee40                tcp_timer_needed
 .text.tcpip_tcp_timer
                0x000000000800ee80       0x40 build/obj/timers.o
 .text.sys_untimeout
                0x000000000800eec0       0x50 build/obj/timers.o
                0x000000000800eec0                sys_untimeout
 .text.sys_timeouts_mbox_fetch
                0x000000000800ef10       0x70 build/obj/timers.o
                0x000000000800ef10                sys_timeouts_mbox_fetch
 .text.netconn_recv_data
                0x000000000800ef80       0xe0 build/obj/api_lib.o
 .text.netconn_new_with_proto_and_callback
                0x000000000800f060       0x80 build/obj/api_lib.o
                0x000000000800f060                netconn_new_with_proto_and_callback
 .text.netconn_delete
                0x000000000800f0e0       0x30 build/obj/api_lib.o
                0x000000000800f0e0                netconn_delete
 .text.netconn_bind
                0x000000000800f110       0x40 build/obj/api_lib.o
                0x000000000800f110                netconn_bind
 .text.netconn_listen_with_backlog
                0x000000000800f150       0x30 build/obj/api_lib.o
                0x000000000800f150                netconn_listen_with_backlog
 .text.netconn_accept
                0x000000000800f180       0x80 build/obj/api_lib.o
                0x000000000800f180                netconn_accept
 .text.netconn_recv
                0x000000000800f200       0xa0 build/obj/api_lib.o
                0x000000000800f200                netconn_recv
 .text.netconn_write
                0x000000000800f2a0       0x50 build/obj/api_lib.o
                0x000000000800f2a0                netconn_write
 .text.netconn_close
                0x000000000800f2f0       0x40 build/obj/api_lib.o
                0x000000000800f2f0                netconn_close
 .text.setup_tcp
                0x000000000800f330       0x50 build/obj/api_msg.o
 .text.do_close_internal
                0x000000000800f380      0x150 build/obj/api_msg.o
 .text.err_tcp  0x000000000800f4d0       0xc0 build/obj/api_msg.o
 .text.recv_tcp
                0x000000000800f590       0x90 build/obj/api_msg.o
 .text.do_writemore
                0x000000000800f620      0x150 build/obj/api_msg.o
 .text.poll_tcp
                0x000000000800f770       0x60 build/obj/api_msg.o
 .text.recv_udp
                0x000000000800f7d0       0xa0 build/obj/api_msg.o
 .text.recv_raw
                0x000000000800f870       0x90 build/obj/api_msg.o
 .text.sent_tcp
                0x000000000800f900       0x60 build/obj/api_msg.o
 .text.do_newconn
                0x000000000800f960       0xa0 build/obj/api_msg.o
                0x000000000800f960                do_newconn
 .text.netconn_alloc
                0x000000000800fa00       0xa0 build/obj/api_msg.o
                0x000000000800fa00                netconn_alloc
 .text.netconn_free
                0x000000000800faa0       0x50 build/obj/api_msg.o
                0x000000000800faa0                netconn_free
 .text.netconn_drain
                0x000000000800faf0       0xc0 build/obj/api_msg.o
 .text.accept_function
                0x000000000800fbb0       0x80 build/obj/api_msg.o
 .text.do_delconn
                0x000000000800fc30       0xf0 build/obj/api_msg.o
                0x000000000800fc30                do_delconn
 .text.do_bind  0x000000000800fd20       0x60 build/obj/api_msg.o
                0x000000000800fd20                do_bind
 .text.do_listen
                0x000000000800fd80       0xc0 build/obj/api_msg.o
                0x000000000800fd80                do_listen
 .text.do_recv  0x000000000800fe40       0x50 build/obj/api_msg.o
                0x000000000800fe40                do_recv
 .text.do_write
                0x000000000800fe90       0x80 build/obj/api_msg.o
                0x000000000800fe90                do_write
 .text.do_close
                0x000000000800ff10       0x80 build/obj/api_msg.o
                0x000000000800ff10                do_close
 .text.netbuf_delete
                0x000000000800ff90       0x30 build/obj/netbuf.o
                0x000000000800ff90                netbuf_delete
 .text.netbuf_data
                0x000000000800ffc0       0x30 build/obj/netbuf.o
                0x000000000800ffc0                netbuf_data
 .text.lwip_socket_init
                0x000000000800fff0       0x10 build/obj/sockets.o
                0x000000000800fff0                lwip_socket_init
 .text.tcpip_thread
                0x0000000008010000       0xb0 build/obj/tcpip.o
 .text.tcpip_input
                0x00000000080100b0       0x50 build/obj/tcpip.o
                0x00000000080100b0                tcpip_input
 .text.tcpip_callback_with_block
                0x0000000008010100       0x60 build/obj/tcpip.o
                0x0000000008010100                tcpip_callback_with_block
 .text.tcpip_apimsg
                0x0000000008010160       0x40 build/obj/tcpip.o
                0x0000000008010160                tcpip_apimsg
 .text.tcpip_init
                0x00000000080101a0       0x50 build/obj/tcpip.o
                0x00000000080101a0                tcpip_init
 .text.disk_initialize
                0x00000000080101f0       0x30 build/obj/fatfs_diskio.o
                0x00000000080101f0                disk_initialize
 .text.disk_status
                0x0000000008010220       0x30 build/obj/fatfs_diskio.o
                0x0000000008010220                disk_status
 .text.disk_read
                0x0000000008010250       0x30 build/obj/fatfs_diskio.o
                0x0000000008010250                disk_read
 .text.disk_write
                0x0000000008010280       0x30 build/obj/fatfs_diskio.o
                0x0000000008010280                disk_write
 .text.ff_cre_syncobj
                0x00000000080102b0       0x20 build/obj/fatfs_syscall.o
                0x00000000080102b0                ff_cre_syncobj
 .text.ff_del_syncobj
                0x00000000080102d0       0x10 build/obj/fatfs_syscall.o
                0x00000000080102d0                ff_del_syncobj
 .text.ff_req_grant
                0x00000000080102e0       0x20 build/obj/fatfs_syscall.o
                0x00000000080102e0                ff_req_grant
 .text.ff_rel_grant
                0x0000000008010300       0x10 build/obj/fatfs_syscall.o
                0x0000000008010300                ff_rel_grant
 .text.ff_memalloc
                0x0000000008010310       0x10 build/obj/fatfs_syscall.o
                0x0000000008010310                ff_memalloc
 .text.ff_memfree
                0x0000000008010320       0x10 build/obj/fatfs_syscall.o
                0x0000000008010320                ff_memfree
 .text.get_fileinfo
                0x0000000008010330      0x110 build/obj/ff.o
 .text.move_window
                0x0000000008010440       0x80 build/obj/ff.o
 .text.check_fs
                0x00000000080104c0       0x90 build/obj/ff.o
 .text.validate
                0x0000000008010550       0x40 build/obj/ff.o
 .text.unlock_fs
                0x0000000008010590       0x20 build/obj/ff.o
 .text.chk_mounted
                0x00000000080105b0      0x320 build/obj/ff.o
 .text.get_fat  0x00000000080108d0       0xd0 build/obj/ff.o
                0x00000000080108d0                get_fat
 .text.dir_sdi  0x00000000080109a0       0xa0 build/obj/ff.o
 .text.put_fat  0x0000000008010a40      0x110 build/obj/ff.o
                0x0000000008010a40                put_fat
 .text.create_chain
                0x0000000008010b50       0xb0 build/obj/ff.o
 .text.dir_next
                0x0000000008010c00      0x130 build/obj/ff.o
 .text.dir_find.part.5
                0x0000000008010d30      0x180 build/obj/ff.o
 .text.follow_path
                0x0000000008010eb0      0x330 build/obj/ff.o
 .text.dir_read
                0x00000000080111e0      0x130 build/obj/ff.o
 .text.f_mount  0x0000000008011310       0x40 build/obj/ff.o
                0x0000000008011310                f_mount
 .text.f_opendir
                0x0000000008011350       0xa0 build/obj/ff.o
                0x0000000008011350                f_opendir
 .text.f_readdir
                0x00000000080113f0       0x90 build/obj/ff.o
                0x00000000080113f0                f_readdir
 .text.f_getfree
                0x0000000008011480      0x120 build/obj/ff.o
                0x0000000008011480                f_getfree
 .text.ff_convert
                0x00000000080115a0       0x40 build/obj/ccsbcs.o
                0x00000000080115a0                ff_convert
 .text.ff_wtoupper
                0x00000000080115e0       0x30 build/obj/ccsbcs.o
                0x00000000080115e0                ff_wtoupper
 .text.tmrcb    0x0000000008011610       0x30 build/obj/evtimer.o
 .text.evtStart
                0x0000000008011640       0x30 build/obj/evtimer.o
                0x0000000008011640                evtStart
 .text.long_to_string_with_divisor.constprop.0
                0x0000000008011670       0x50 build/obj/chprintf.o
 .text.chprintf
                0x00000000080116c0      0x2d0 build/obj/chprintf.o
                0x00000000080116c0                chprintf
 .text.cmd_systime
                0x0000000008011990       0x30 build/obj/shell.o
 .text.cmd_info
                0x00000000080119c0       0xc0 build/obj/shell.o
 .text._strtok.constprop.2
                0x0000000008011a80       0x40 build/obj/shell.o
 .text.shellInit
                0x0000000008011ac0       0x10 build/obj/shell.o
                0x0000000008011ac0                shellInit
 .text.shellCreate
                0x0000000008011ad0       0x20 build/obj/shell.o
                0x0000000008011ad0                shellCreate
 .text.shellGetLine
                0x0000000008011af0       0xa0 build/obj/shell.o
                0x0000000008011af0                shellGetLine
 .text.shell_thread
                0x0000000008011b90      0x1c0 build/obj/shell.o
 .text.http_server
                0x0000000008011d50       0xd0 build/obj/web.o
                0x0000000008011d50                http_server
 .text.get_descriptor
                0x0000000008011e20       0x40 build/obj/main.o
 .text.Thread1  0x0000000008011e60       0x40 build/obj/main.o
 .text.RemoveHandler
                0x0000000008011ea0       0x20 build/obj/main.o
 .text.tmrfunc  0x0000000008011ec0       0x70 build/obj/main.o
 .text.cmd_test
                0x0000000008011f30       0x60 build/obj/main.o
 .text.cmd_threads
                0x0000000008011f90       0x70 build/obj/main.o
 .text.cmd_mem  0x0000000008012000       0x60 build/obj/main.o
 .text.InsertHandler
                0x0000000008012060       0x40 build/obj/main.o
 .text.usb_event
                0x00000000080120a0       0x40 build/obj/main.o
 .text.scan_files.constprop.5
                0x00000000080120e0       0x90 build/obj/main.o
 .text.cmd_tree
                0x0000000008012170       0x80 build/obj/main.o
 *(.rodata)
 .rodata        0x00000000080121f0        0x4 build/obj/shell.o
 *fill*         0x00000000080121f4        0xc 00
 .rodata        0x0000000008012200      0x101 /opt/psas/x-tools/stm32f407/arm-psas-eabi/bin/../lib/gcc/arm-psas-eabi/4.7.2/../../../../arm-psas-eabi/lib/libc.a(lib_a-ctype_.o)
                0x0000000008012200                _ctype_
 *(.rodata.*)
 *fill*         0x0000000008012301        0xf 00
 .rodata.str1.4
                0x0000000008012310        0x5 build/obj/chsys.o
                                          0x8 (size before relaxing)
 *fill*         0x0000000008012315        0xb 00
 .rodata.ch_debug
                0x0000000008012320       0x18 build/obj/chregistry.o
                0x0000000008012320                ch_debug
 *fill*         0x0000000008012338        0x8 00
 .rodata.wa     0x0000000008012340       0x14 build/obj/test.o
                0x0000000008012340                wa
 *fill*         0x0000000008012354        0xc 00
 .rodata.str1.4
                0x0000000008012360      0x1b7 build/obj/test.o
                                        0x1c8 (size before relaxing)
 *fill*         0x0000000008012517        0x9 00
 .rodata.patterns
                0x0000000008012520       0x30 build/obj/test.o
 .rodata.testthd1
                0x0000000008012550       0x10 build/obj/testthd.o
                0x0000000008012550                testthd1
 .rodata.testthd2
                0x0000000008012560       0x10 build/obj/testthd.o
                0x0000000008012560                testthd2
 .rodata.testthd3
                0x0000000008012570       0x10 build/obj/testthd.o
                0x0000000008012570                testthd3
 .rodata.testthd4
                0x0000000008012580       0x10 build/obj/testthd.o
                0x0000000008012580                testthd4
 .rodata.patternthd
                0x0000000008012590       0x14 build/obj/testthd.o
                0x0000000008012590                patternthd
 *fill*         0x00000000080125a4        0xc 00
 .rodata.str1.4
                0x00000000080125b0       0x77 build/obj/testthd.o
                                         0x80 (size before relaxing)
 *fill*         0x0000000008012627        0x9 00
 .rodata.testsem1
                0x0000000008012630       0x10 build/obj/testsem.o
                0x0000000008012630                testsem1
 .rodata.testsem2
                0x0000000008012640       0x10 build/obj/testsem.o
                0x0000000008012640                testsem2
 .rodata.testsem3
                0x0000000008012650       0x10 build/obj/testsem.o
                0x0000000008012650                testsem3
 .rodata.testsem4
                0x0000000008012660       0x10 build/obj/testsem.o
                0x0000000008012660                testsem4
 .rodata.patternsem
                0x0000000008012670       0x14 build/obj/testsem.o
                0x0000000008012670                patternsem
 *fill*         0x0000000008012684        0xc 00
 .rodata.str1.4
                0x0000000008012690       0x6e build/obj/testsem.o
                                         0x8c (size before relaxing)
 *fill*         0x00000000080126fe        0x2 00
 .rodata.testmtx5