Archive member included because of file (symbol)

/opt/psas/x-tools/stm32f407/arm-psas-eabi/bin/../lib/gcc/arm-psas-eabi/4.7.2/../../../../arm-psas-eabi/lib/libc.a(lib_a-atoi.o)
                              build/obj/main.o (atoi)
/opt/psas/x-tools/stm32f407/arm-psas-eabi/bin/../lib/gcc/arm-psas-eabi/4.7.2/../../../../arm-psas-eabi/lib/libc.a(lib_a-memset.o)
                              build/obj/usb.o (memset)
/opt/psas/x-tools/stm32f407/arm-psas-eabi/bin/../lib/gcc/arm-psas-eabi/4.7.2/../../../../arm-psas-eabi/lib/libc.a(lib_a-strcasecmp.o)
                              build/obj/shell.o (strcasecmp)
/opt/psas/x-tools/stm32f407/arm-psas-eabi/bin/../lib/gcc/arm-psas-eabi/4.7.2/../../../../arm-psas-eabi/lib/libc.a(lib_a-strpbrk.o)
                              build/obj/shell.o (strpbrk)
/opt/psas/x-tools/stm32f407/arm-psas-eabi/bin/../lib/gcc/arm-psas-eabi/4.7.2/../../../../arm-psas-eabi/lib/libc.a(lib_a-strspn.o)
                              build/obj/shell.o (strspn)
/opt/psas/x-tools/stm32f407/arm-psas-eabi/bin/../lib/gcc/arm-psas-eabi/4.7.2/../../../../arm-psas-eabi/lib/libc.a(lib_a-strtol.o)
                              /opt/psas/x-tools/stm32f407/arm-psas-eabi/bin/../lib/gcc/arm-psas-eabi/4.7.2/../../../../arm-psas-eabi/lib/libc.a(lib_a-atoi.o) (_strtol_r)
/opt/psas/x-tools/stm32f407/arm-psas-eabi/bin/../lib/gcc/arm-psas-eabi/4.7.2/../../../../arm-psas-eabi/lib/libc.a(lib_a-ctype_.o)
                              /opt/psas/x-tools/stm32f407/arm-psas-eabi/bin/../lib/gcc/arm-psas-eabi/4.7.2/../../../../arm-psas-eabi/lib/libc.a(lib_a-strcasecmp.o) (__ctype_ptr__)
/opt/psas/x-tools/stm32f407/arm-psas-eabi/bin/../lib/gcc/arm-psas-eabi/4.7.2/../../../../arm-psas-eabi/lib/libc.a(lib_a-impure.o)
                              /opt/psas/x-tools/stm32f407/arm-psas-eabi/bin/../lib/gcc/arm-psas-eabi/4.7.2/../../../../arm-psas-eabi/lib/libc.a(lib_a-strtol.o) (_impure_ptr)

Discarded input sections

 .text          0x0000000000000000        0x0 build/obj/crt0.o
 .data          0x0000000000000000        0x0 build/obj/crt0.o
 .bss           0x0000000000000000        0x0 build/obj/crt0.o
 .text.__early_init
                0x0000000000000000       0x10 build/obj/crt0.o
 .text          0x0000000000000000        0x0 build/obj/vectors.o
 .data          0x0000000000000000        0x0 build/obj/vectors.o
 .bss           0x0000000000000000        0x0 build/obj/vectors.o
 .text          0x0000000000000000        0x0 build/obj/chcore.o
 .data          0x0000000000000000        0x0 build/obj/chcore.o
 .bss           0x0000000000000000        0x0 build/obj/chcore.o
 .text          0x0000000000000000        0x0 build/obj/chcore_v7m.o
 .data          0x0000000000000000        0x0 build/obj/chcore_v7m.o
 .bss           0x0000000000000000        0x0 build/obj/chcore_v7m.o
 .text          0x0000000000000000        0x0 build/obj/nvic.o
 .data          0x0000000000000000        0x0 build/obj/nvic.o
 .bss           0x0000000000000000        0x0 build/obj/nvic.o
 .text.nvicDisableVector
                0x0000000000000000       0x40 build/obj/nvic.o
 .text          0x0000000000000000        0x0 build/obj/chsys.o
 .data          0x0000000000000000        0x0 build/obj/chsys.o
 .bss           0x0000000000000000        0x0 build/obj/chsys.o
 .text          0x0000000000000000        0x0 build/obj/chdebug.o
 .data          0x0000000000000000        0x0 build/obj/chdebug.o
 .bss           0x0000000000000000        0x0 build/obj/chdebug.o
 .text.dbg_check_disable
                0x0000000000000000       0x30 build/obj/chdebug.o
 .text.dbg_check_suspend
                0x0000000000000000       0x30 build/obj/chdebug.o
 .text          0x0000000000000000        0x0 build/obj/chlists.o
 .data          0x0000000000000000        0x0 build/obj/chlists.o
 .bss           0x0000000000000000        0x0 build/obj/chlists.o
 .debug_info    0x0000000000000000       0x79 build/obj/chlists.o
 .debug_abbrev  0x0000000000000000       0x26 build/obj/chlists.o
 .debug_aranges
                0x0000000000000000       0x18 build/obj/chlists.o
 .debug_line    0x0000000000000000       0x1d build/obj/chlists.o
 .debug_str     0x0000000000000000       0xf5 build/obj/chlists.o
 .comment       0x0000000000000000       0x34 build/obj/chlists.o
 .ARM.attributes
                0x0000000000000000       0x3b build/obj/chlists.o
 .text          0x0000000000000000        0x0 build/obj/chvt.o
 .data          0x0000000000000000        0x0 build/obj/chvt.o
 .bss           0x0000000000000000        0x0 build/obj/chvt.o
 .text.chTimeIsWithin
                0x0000000000000000       0x40 build/obj/chvt.o
 .text          0x0000000000000000        0x0 build/obj/chschd.o
 .data          0x0000000000000000        0x0 build/obj/chschd.o
 .bss           0x0000000000000000        0x0 build/obj/chschd.o
 .text          0x0000000000000000        0x0 build/obj/chthreads.o
 .data          0x0000000000000000        0x0 build/obj/chthreads.o
[...]
Memory Configuration

Name             Origin             Length             Attributes
flash            0x0000000008000000 0x0000000000100000
ram              0x0000000020000000 0x000000000001c000
ethram           0x000000002001c000 0x0000000000004000
ccmram           0x0000000010000000 0x0000000000010000
*default*        0x0000000000000000 0xffffffffffffffff

Linker script and memory map

LOAD build/obj/crt0.o
LOAD build/obj/vectors.o
LOAD build/obj/chcore.o
LOAD build/obj/chcore_v7m.o
LOAD build/obj/nvic.o
LOAD build/obj/chsys.o
LOAD build/obj/chdebug.o
LOAD build/obj/chlists.o
LOAD build/obj/chvt.o
LOAD build/obj/chschd.o
LOAD build/obj/chthreads.o
LOAD build/obj/chdynamic.o
LOAD build/obj/chregistry.o
LOAD build/obj/chsem.o
LOAD build/obj/chmtx.o
LOAD build/obj/chcond.o
LOAD build/obj/chevents.o
LOAD build/obj/chmsg.o
LOAD build/obj/chmboxes.o
LOAD build/obj/chqueues.o
LOAD build/obj/chmemcore.o
LOAD build/obj/chheap.o
LOAD build/obj/chmempools.o
LOAD build/obj/hal.o
LOAD build/obj/adc.o
LOAD build/obj/can.o
LOAD build/obj/ext.o
LOAD build/obj/gpt.o
LOAD build/obj/i2c.o
LOAD build/obj/icu.o
LOAD build/obj/mac.o
LOAD build/obj/mmc_spi.o
LOAD build/obj/mmcsd.o
LOAD build/obj/pal.o
LOAD build/obj/pwm.o
LOAD build/obj/rtc.o
LOAD build/obj/sdc.o
LOAD build/obj/serial.o
LOAD build/obj/serial_usb.o
LOAD build/obj/spi.o
LOAD build/obj/tm.o
LOAD build/obj/uart.o
LOAD build/obj/usb.o
LOAD build/obj/stm32_dma.o
LOAD build/obj/hal_lld.o
LOAD build/obj/adc_lld.o
LOAD build/obj/ext_lld_isr.o
LOAD build/obj/can_lld.o
LOAD build/obj/ext_lld.o
LOAD build/obj/gpt_lld.o
LOAD build/obj/icu_lld.o
LOAD build/obj/mac_lld.o
LOAD build/obj/pwm_lld.o
LOAD build/obj/sdc_lld.o
LOAD build/obj/pal_lld.o
LOAD build/obj/i2c_lld.o
LOAD build/obj/usb_lld.o
LOAD build/obj/rtc_lld.o
LOAD build/obj/spi_lld.o
LOAD build/obj/serial_lld.o
LOAD build/obj/uart_lld.o
LOAD build/obj/board.o
LOAD build/obj/evtimer.o
LOAD build/obj/chprintf.o
LOAD build/obj/shell.o
LOAD build/obj/usbdetail.o
LOAD build/obj/pwmdetail.o
LOAD build/obj/control.o
LOAD build/obj/main.o
START GROUP
LOAD /opt/psas/x-tools/stm32f407/arm-psas-eabi/bin/../lib/gcc/arm-psas-eabi/4.7.2/libgcc.a
LOAD /opt/psas/x-tools/stm32f407/arm-psas-eabi/bin/../lib/gcc/arm-psas-eabi/4.7.2/../../../../arm-psas-eabi/lib/libc.a
END GROUP
                0x0000000000000400                __main_stack_size__ = 0x400
                0x0000000000000400                __process_stack_size__ = 0x400
                0x0000000020000000                __ram_start__ = ORIGIN (ram)
                0x000000000001c000                __ram_size__ = 0x1c000
                0x000000002001c000                __ram_end__ = (__ram_start__ + __ram_size__)
                0x0000000000000000                . = 0x0
                0x0000000000000000                _text = .

startup         0x0000000008000000      0x188
 *(vectors)
 vectors        0x0000000008000000      0x188 build/obj/vectors.o
                0x0000000008000000                _vectors

constructors    0x0000000008000188        0x0
                0x0000000008000188                PROVIDE (__init_array_start, .)
 *(SORT(.init_array.*))
 *(.init_array)
                0x0000000008000188                PROVIDE (__init_array_end, .)

destructors     0x0000000008000188        0x0
                0x0000000008000188                PROVIDE (__fini_array_start, .)
 *(.fini_array)
 *(SORT(.fini_array.*))
                0x0000000008000188                PROVIDE (__fini_array_end, .)

.text           0x0000000008000190     0x79e2
 *(.text.startup.*)
 .text.startup.main
                0x0000000008000190      0x5d0 build/obj/main.o
                0x0000000008000190                main
 *(.text)
 .text          0x0000000008000760       0x10 /opt/psas/x-tools/stm32f407/arm-psas-eabi/bin/../lib/gcc/arm-psas-eabi/4.7.2/../../../../arm-psas-eabi/lib/libc.a(lib_a-atoi.o)
                0x0000000008000760                atoi
                0x0000000008000768                _atoi_r
 .text          0x0000000008000770       0x10 /opt/psas/x-tools/stm32f407/arm-psas-eabi/bin/../lib/gcc/arm-psas-eabi/4.7.2/../../../../arm-psas-eabi/lib/libc.a(lib_a-memset.o)
                0x0000000008000770                memset
 .text          0x0000000008000780       0x3c /opt/psas/x-tools/stm32f407/arm-psas-eabi/bin/../lib/gcc/arm-psas-eabi/4.7.2/../../../../arm-psas-eabi/lib/libc.a(lib_a-strcasecmp.o)
                0x0000000008000780                strcasecmp
 *fill*         0x00000000080007bc        0x4 00
 .text          0x00000000080007c0       0x32 /opt/psas/x-tools/stm32f407/arm-psas-eabi/bin/../lib/gcc/arm-psas-eabi/4.7.2/../../../../arm-psas-eabi/lib/libc.a(lib_a-strpbrk.o)
                0x00000000080007c0                strpbrk
 *fill*         0x00000000080007f2        0xe 00
 .text          0x0000000008000800       0x24 /opt/psas/x-tools/stm32f407/arm-psas-eabi/bin/../lib/gcc/arm-psas-eabi/4.7.2/../../../../arm-psas-eabi/lib/libc.a(lib_a-strspn.o)
                0x0000000008000800                strspn
 *fill*         0x0000000008000824        0xc 00
 .text          0x0000000008000830      0x12c /opt/psas/x-tools/stm32f407/arm-psas-eabi/bin/../lib/gcc/arm-psas-eabi/4.7.2/../../../../arm-psas-eabi/lib/libc.a(lib_a-strtol.o)
                0x0000000008000830                _strtol_r
                0x0000000008000940                strtol
 *(.text.*)
 *fill*         0x000000000800095c        0x4 00
 .text.__late_init
                0x0000000008000960       0x10 build/obj/crt0.o
                0x0000000008000960                __late_init
 .text._default_exit
                0x0000000008000970       0x10 build/obj/crt0.o
                0x0000000008000970                _default_exit
 .text.ResetHandler
                0x0000000008000980      0x120 build/obj/crt0.o
                0x0000000008000980                ResetHandler
 .text._unhandled_exception
                0x0000000008000aa0       0x10 build/obj/vectors.o
                0x0000000008000aa0                VectorAC
                0x0000000008000aa0                NMIVector
                0x0000000008000aa0                Vector11C
                0x0000000008000aa0                Vector8C
                0x0000000008000aa0                VectorDC
                0x0000000008000aa0                Vector168
                0x0000000008000aa0                Vector110
                0x0000000008000aa0                VectorC8
                0x0000000008000aa0                Vector94
                0x0000000008000aa0                VectorA8
                0x0000000008000aa0                VectorB4
                0x0000000008000aa0                Vector160
                0x0000000008000aa0                VectorEC
                0x0000000008000aa0                UsageFaultVector
                0x0000000008000aa0                DebugMonitorVector
                0x0000000008000aa0                Vector40
                0x0000000008000aa0                VectorF8
                0x0000000008000aa0                Vector108
                0x0000000008000aa0                VectorBC
                0x0000000008000aa0                Vector148
                0x0000000008000aa0                PendSVVector
                0x0000000008000aa0                Vector118
                0x0000000008000aa0                VectorCC
                0x0000000008000aa0                Vector54
                0x0000000008000aa0                Vector98
                0x0000000008000aa0                VectorD8
                0x0000000008000aa0                Vector24
                0x0000000008000aa0                Vector178
                0x0000000008000aa0                BusFaultVector
                0x0000000008000aa0                VectorD0
                0x0000000008000aa0                Vector140
                0x0000000008000aa0                VectorE4
                0x0000000008000aa0                VectorC0
                0x0000000008000aa0                HardFaultVector
                0x0000000008000aa0                Vector134
                0x0000000008000aa0                VectorF0
                0x0000000008000aa0                Vector13C
                0x0000000008000aa0                Vector100
                0x0000000008000aa0                VectorF4
                0x0000000008000aa0                MemManageVector
                0x0000000008000aa0                VectorA0
                0x0000000008000aa0                VectorC4
                0x0000000008000aa0                Vector180
                0x0000000008000aa0                VectorB0
                0x0000000008000aa0                Vector90
                0x0000000008000aa0                Vector114
                0x0000000008000aa0                Vector164
                0x0000000008000aa0                Vector1C
                0x0000000008000aa0                Vector17C
                0x0000000008000aa0                Vector48
                0x0000000008000aa0                Vector16C
                0x0000000008000aa0                VectorD4
                0x0000000008000aa0                Vector144
                0x0000000008000aa0                _unhandled_exception
                0x0000000008000aa0                Vector104
                0x0000000008000aa0                Vector184
                0x0000000008000aa0                Vector10C
                0x0000000008000aa0                Vector50
                0x0000000008000aa0                Vector28
                0x0000000008000aa0                Vector34
                0x0000000008000aa0                Vector20
                0x0000000008000aa0                Vector174
 .text.port_halt
                0x0000000008000ab0       0x10 build/obj/chcore.o
                0x0000000008000ab0                port_halt
 .text._port_switch_from_isr
                0x0000000008000ac0       0x10 build/obj/chcore_v7m.o
                0x0000000008000ac0                _port_switch_from_isr
 .text.SVCallVector
                0x0000000008000ad0       0x20 build/obj/chcore_v7m.o
                0x0000000008000ad0                SVCallVector
 .text._port_init
                0x0000000008000af0       0x40 build/obj/chcore_v7m.o
                0x0000000008000af0                _port_init
 .text._port_irq_epilogue
                0x0000000008000b30       0x80 build/obj/chcore_v7m.o
                0x0000000008000b30                _port_irq_epilogue
 .text.SysTickVector
                0x0000000008000bb0       0x30 build/obj/chcore_v7m.o
                0x0000000008000bb0                SysTickVector
 .text._port_switch
                0x0000000008000be0       0x10 build/obj/chcore_v7m.o
                0x0000000008000be0                _port_switch
 .text._port_thread_start
                0x0000000008000bf0       0x20 build/obj/chcore_v7m.o
                0x0000000008000bf0                _port_thread_start
 .text.nvicEnableVector
                0x0000000008000c10       0x50 build/obj/nvic.o
                0x0000000008000c10                nvicEnableVector
 .text.nvicSetSystemHandlerPriority
                0x0000000008000c60       0x30 build/obj/nvic.o
                0x0000000008000c60                nvicSetSystemHandlerPriority
 .text._idle_thread
                0x0000000008000c90       0x20 build/obj/chsys.o
                0x0000000008000c90                _idle_thread
 .text.chSysInit
                0x0000000008000cb0       0x80 build/obj/chsys.o
                0x0000000008000cb0                chSysInit
 .text.chSysTimerHandlerI
                0x0000000008000d30       0x70 build/obj/chsys.o
                0x0000000008000d30                chSysTimerHandlerI
 .text.dbg_check_enable
                0x0000000008000da0       0x30 build/obj/chdebug.o
                0x0000000008000da0                dbg_check_enable
 .text.dbg_check_lock
                0x0000000008000dd0       0x30 build/obj/chdebug.o
                0x0000000008000dd0                dbg_check_lock
 .text.dbg_check_unlock
                0x0000000008000e00       0x40 build/obj/chdebug.o
                0x0000000008000e00                dbg_check_unlock
 .text.dbg_check_lock_from_isr
                0x0000000008000e40       0x30 build/obj/chdebug.o
                0x0000000008000e40                dbg_check_lock_from_isr
 .text.dbg_check_unlock_from_isr
                0x0000000008000e70       0x40 build/obj/chdebug.o
                0x0000000008000e70                dbg_check_unlock_from_isr
 .text.dbg_check_enter_isr
                0x0000000008000eb0       0x40 build/obj/chdebug.o
                0x0000000008000eb0                dbg_check_enter_isr
 .text.dbg_check_leave_isr
                0x0000000008000ef0       0x40 build/obj/chdebug.o
                0x0000000008000ef0                dbg_check_leave_isr
 .text.chDbgCheckClassI
                0x0000000008000f30       0x30 build/obj/chdebug.o
                0x0000000008000f30                chDbgCheckClassI
 .text.chDbgCheckClassS
                0x0000000008000f60       0x30 build/obj/chdebug.o
                0x0000000008000f60                chDbgCheckClassS
 .text._trace_init
                0x0000000008000f90       0x20 build/obj/chdebug.o
                0x0000000008000f90                _trace_init
 .text.dbg_trace
                0x0000000008000fb0       0x40 build/obj/chdebug.o
                0x0000000008000fb0                dbg_trace
 .text.chDbgPanic
                0x0000000008000ff0       0x10 build/obj/chdebug.o
                0x0000000008000ff0                chDbgPanic
 .text._vt_init
                0x0000000008001000       0x20 build/obj/chvt.o
                0x0000000008001000                _vt_init
 .text.chVTSetI
                0x0000000008001020       0x60 build/obj/chvt.o
                0x0000000008001020                chVTSetI
 .text.chVTResetI
                0x0000000008001080       0x50 build/obj/chvt.o
                0x0000000008001080                chVTResetI
 .text._scheduler_init
                0x00000000080010d0       0x20 build/obj/chschd.o
                0x00000000080010d0                _scheduler_init
 .text.chSchReadyI
                0x00000000080010f0       0x50 build/obj/chschd.o
                0x00000000080010f0                chSchReadyI
 .text.wakeup   0x0000000008001140       0x60 build/obj/chschd.o
 .text.chSchGoSleepS
                0x00000000080011a0       0x50 build/obj/chschd.o
                0x00000000080011a0                chSchGoSleepS
 .text.chSchGoSleepTimeoutS
                0x00000000080011f0       0x50 build/obj/chschd.o
                0x00000000080011f0                chSchGoSleepTimeoutS
 .text.chSchWakeupS
                0x0000000008001240       0x60 build/obj/chschd.o
                0x0000000008001240                chSchWakeupS
 .text.chSchDoRescheduleBehind
                0x00000000080012a0       0x50 build/obj/chschd.o
                0x00000000080012a0                chSchDoRescheduleBehind
 .text.chSchDoRescheduleAhead
                0x00000000080012f0       0x60 build/obj/chschd.o
                0x00000000080012f0                chSchDoRescheduleAhead
 .text.chSchRescheduleS
                0x0000000008001350       0x30 build/obj/chschd.o
                0x0000000008001350                chSchRescheduleS
 .text.chSchDoReschedule
                0x0000000008001380       0x20 build/obj/chschd.o
                0x0000000008001380                chSchDoReschedule
 .text._thread_init
                0x00000000080013a0       0x60 build/obj/chthreads.o
                0x00000000080013a0                _thread_init
 .text._thread_memfill
                0x0000000008001400       0x10 build/obj/chthreads.o
                0x0000000008001400                _thread_memfill
 .text.chThdCreateI
                0x0000000008001410       0xb0 build/obj/chthreads.o
                0x0000000008001410                chThdCreateI
 .text.chThdCreateStatic
                0x00000000080014c0       0x70 build/obj/chthreads.o
                0x00000000080014c0                chThdCreateStatic
 .text.chThdSleep
                0x0000000008001530       0x30 build/obj/chthreads.o
                0x0000000008001530                chThdSleep
 .text.chThdExitS
                0x0000000008001560       0x50 build/obj/chthreads.o
                0x0000000008001560                chThdExitS
 .text.chThdExit
                0x00000000080015b0       0x20 build/obj/chthreads.o
                0x00000000080015b0                chThdExit
 .text.chThdRelease
                0x00000000080015d0       0x80 build/obj/chdynamic.o
                0x00000000080015d0                chThdRelease
 .text.chThdCreateFromHeap
                0x0000000008001650       0x70 build/obj/chdynamic.o
                0x0000000008001650                chThdCreateFromHeap
 .text.chMtxInit
                0x00000000080016c0       0x20 build/obj/chmtx.o
                0x00000000080016c0                chMtxInit
 .text.chMtxLockS
                0x00000000080016e0      0x100 build/obj/chmtx.o
                0x00000000080016e0                chMtxLockS
 .text.chMtxLock
                0x00000000080017e0       0x20 build/obj/chmtx.o
                0x00000000080017e0                chMtxLock
 .text.chMtxUnlock
                0x0000000008001800       0x90 build/obj/chmtx.o
                0x0000000008001800                chMtxUnlock
 .text.chEvtRegisterMask
                0x0000000008001890       0x50 build/obj/chevents.o
                0x0000000008001890                chEvtRegisterMask
 .text.chEvtSignalI
                0x00000000080018e0       0x50 build/obj/chevents.o
                0x00000000080018e0                chEvtSignalI
 .text.chEvtBroadcastFlagsI
                0x0000000008001930       0x40 build/obj/chevents.o
                0x0000000008001930                chEvtBroadcastFlagsI
 .text.chEvtDispatch
                0x0000000008001970       0x50 build/obj/chevents.o
                0x0000000008001970                chEvtDispatch
 .text.chEvtWaitOneTimeout
                0x00000000080019c0       0x60 build/obj/chevents.o
                0x00000000080019c0                chEvtWaitOneTimeout
 .text.qwait    0x0000000008001a20       0x30 build/obj/chqueues.o
 .text.chIQInit
                0x0000000008001a50       0x20 build/obj/chqueues.o
                0x0000000008001a50                chIQInit
 .text.chIQResetI
                0x0000000008001a70       0x30 build/obj/chqueues.o
                0x0000000008001a70                chIQResetI
 .text.chIQPutI
                0x0000000008001aa0       0x60 build/obj/chqueues.o
                0x0000000008001aa0                chIQPutI
 .text.chIQGetTimeout
                0x0000000008001b00       0x60 build/obj/chqueues.o
                0x0000000008001b00                chIQGetTimeout
 .text.chIQReadTimeout
                0x0000000008001b60       0xa0 build/obj/chqueues.o
                0x0000000008001b60                chIQReadTimeout
 .text.chOQInit
                0x0000000008001c00       0x20 build/obj/chqueues.o
                0x0000000008001c00                chOQInit
 .text.chOQResetI
                0x0000000008001c20       0x40 build/obj/chqueues.o
                0x0000000008001c20                chOQResetI
 .text.chOQPutTimeout
                0x0000000008001c60       0x70 build/obj/chqueues.o
                0x0000000008001c60                chOQPutTimeout
 .text.chOQGetI
                0x0000000008001cd0       0x50 build/obj/chqueues.o
                0x0000000008001cd0                chOQGetI
 .text.chOQWriteTimeout
                0x0000000008001d20       0xa0 build/obj/chqueues.o
                0x0000000008001d20                chOQWriteTimeout
 .text._core_init
                0x0000000008001dc0       0x30 build/obj/chmemcore.o
                0x0000000008001dc0                _core_init
 .text.chCoreAllocI
                0x0000000008001df0       0x30 build/obj/chmemcore.o
                0x0000000008001df0                chCoreAllocI
 .text.chCoreAlloc
                0x0000000008001e20       0x30 build/obj/chmemcore.o
                0x0000000008001e20                chCoreAlloc
 .text.chCoreStatus
                0x0000000008001e50       0x20 build/obj/chmemcore.o
                0x0000000008001e50                chCoreStatus
 .text._heap_init
                0x0000000008001e70       0x20 build/obj/chheap.o
                0x0000000008001e70                _heap_init
 .text.chHeapAlloc
                0x0000000008001e90       0x90 build/obj/chheap.o
                0x0000000008001e90                chHeapAlloc
 .text.chHeapFree
                0x0000000008001f20       0xb0 build/obj/chheap.o
                0x0000000008001f20                chHeapFree
 .text.chHeapStatus
                0x0000000008001fd0       0x40 build/obj/chheap.o
                0x0000000008001fd0                chHeapStatus
 .text.chPoolFreeI
                0x0000000008002010       0x30 build/obj/chmempools.o
                0x0000000008002010                chPoolFreeI
 .text.chPoolFree
                0x0000000008002040       0x30 build/obj/chmempools.o
                0x0000000008002040                chPoolFree
 .text.halInit  0x0000000008002070       0x40 build/obj/hal.o
                0x0000000008002070                halInit
 .text.halPolledDelay
                0x00000000080020b0       0x50 build/obj/hal.o
                0x00000000080020b0                halPolledDelay
 .text.adcInit  0x0000000008002100       0x10 build/obj/adc.o
                0x0000000008002100                adcInit
 .text.adcObjectInit
                0x0000000008002110       0x20 build/obj/adc.o
                0x0000000008002110                adcObjectInit
 .text.adcStart
                0x0000000008002130       0x50 build/obj/adc.o
                0x0000000008002130                adcStart
 .text.adcStartConversionI
                0x0000000008002180       0x60 build/obj/adc.o
                0x0000000008002180                adcStartConversionI
 .text.extInit  0x00000000080021e0       0x10 build/obj/ext.o
                0x00000000080021e0                extInit
 .text.extObjectInit
                0x00000000080021f0       0x10 build/obj/ext.o
                0x00000000080021f0                extObjectInit
 .text.extStart
                0x0000000008002200       0x50 build/obj/ext.o
                0x0000000008002200                extStart
 .text.gptInit  0x0000000008002250       0x10 build/obj/gpt.o
                0x0000000008002250                gptInit
 .text.gptObjectInit
                0x0000000008002260       0x10 build/obj/gpt.o
                0x0000000008002260                gptObjectInit
 .text.gptStart
                0x0000000008002270       0x50 build/obj/gpt.o
                0x0000000008002270                gptStart
 .text.gptStartContinuousI
                0x00000000080022c0       0x40 build/obj/gpt.o
                0x00000000080022c0                gptStartContinuousI
 .text.gptStartContinuous
                0x0000000008002300       0x30 build/obj/gpt.o
                0x0000000008002300                gptStartContinuous
 .text.pwmInit  0x0000000008002330       0x10 build/obj/pwm.o
                0x0000000008002330                pwmInit
 .text.pwmObjectInit
                0x0000000008002340       0x10 build/obj/pwm.o
                0x0000000008002340                pwmObjectInit
 .text.pwmStart
                0x0000000008002350       0x60 build/obj/pwm.o
                0x0000000008002350                pwmStart
 .text.pwmEnableChannel
                0x00000000080023b0       0x60 build/obj/pwm.o
                0x00000000080023b0                pwmEnableChannel
 .text.readt    0x0000000008002410       0x10 build/obj/serial.o
 .text.read     0x0000000008002420       0x10 build/obj/serial.o
 .text.writet   0x0000000008002430       0x10 build/obj/serial.o
 .text.write    0x0000000008002440       0x10 build/obj/serial.o
 .text.gett     0x0000000008002450       0x10 build/obj/serial.o
 .text.get      0x0000000008002460       0x10 build/obj/serial.o
 .text.putt     0x0000000008002470       0x10 build/obj/serial.o
 .text.put      0x0000000008002480       0x10 build/obj/serial.o
 .text.sdInit   0x0000000008002490       0x10 build/obj/serial.o
                0x0000000008002490                sdInit
 .text.sdObjectInit
                0x00000000080024a0       0x50 build/obj/serial.o
                0x00000000080024a0                sdObjectInit
 .text.sdStart  0x00000000080024f0       0x50 build/obj/serial.o
                0x00000000080024f0                sdStart
 .text.sdIncomingDataI
                0x0000000008002540       0x50 build/obj/serial.o
                0x0000000008002540                sdIncomingDataI
 .text.onotify  0x0000000008002590       0x70 build/obj/serial_usb.o
 .text.inotify  0x0000000008002600       0x80 build/obj/serial_usb.o
 .text.readt    0x0000000008002680       0x10 build/obj/serial_usb.o
 .text.read     0x0000000008002690       0x10 build/obj/serial_usb.o
 .text.writet   0x00000000080026a0       0x10 build/obj/serial_usb.o
 .text.write    0x00000000080026b0       0x10 build/obj/serial_usb.o
 .text.gett     0x00000000080026c0       0x10 build/obj/serial_usb.o
 .text.get      0x00000000080026d0       0x10 build/obj/serial_usb.o
 .text.putt     0x00000000080026e0       0x10 build/obj/serial_usb.o
 .text.put      0x00000000080026f0       0x10 build/obj/serial_usb.o
 .text.sduInit  0x0000000008002700       0x10 build/obj/serial_usb.o
                0x0000000008002700                sduInit
 .text.sduObjectInit
                0x0000000008002710       0x60 build/obj/serial_usb.o
                0x0000000008002710                sduObjectInit
 .text.sduStart
                0x0000000008002770       0x60 build/obj/serial_usb.o
                0x0000000008002770                sduStart
 .text.sduConfigureHookI
                0x00000000080027d0       0x50 build/obj/serial_usb.o
                0x00000000080027d0                sduConfigureHookI
 .text.sduRequestsHook
                0x0000000008002820       0x40 build/obj/serial_usb.o
                0x0000000008002820                sduRequestsHook
 .text.sduDataTransmitted
                0x0000000008002860       0x90 build/obj/serial_usb.o
                0x0000000008002860                sduDataTransmitted
 .text.sduDataReceived
                0x00000000080028f0       0x80 build/obj/serial_usb.o
                0x00000000080028f0                sduDataReceived
 .text.sduInterruptTransmitted
                0x0000000008002970       0x10 build/obj/serial_usb.o
                0x0000000008002970                sduInterruptTransmitted
 .text.tm_start
                0x0000000008002980       0x10 build/obj/tm.o
 .text.tm_stop  0x0000000008002990       0x40 build/obj/tm.o
 .text.tmInit   0x00000000080029d0       0x50 build/obj/tm.o
                0x00000000080029d0                tmInit
 .text.usbInit  0x0000000008002a20       0x10 build/obj/usb.o
                0x0000000008002a20                usbInit
 .text.usbObjectInit
                0x0000000008002a30       0x20 build/obj/usb.o
                0x0000000008002a30                usbObjectInit
 .text.usbStart
                0x0000000008002a50       0x60 build/obj/usb.o
                0x0000000008002a50                usbStart
 .text.usbInitEndpointI
                0x0000000008002ab0       0x70 build/obj/usb.o
                0x0000000008002ab0                usbInitEndpointI
 .text.usbPrepareReceive
                0x0000000008002b20       0x20 build/obj/usb.o
                0x0000000008002b20                usbPrepareReceive
 .text.usbPrepareTransmit
                0x0000000008002b40       0x20 build/obj/usb.o
                0x0000000008002b40                usbPrepareTransmit
 .text.usbPrepareQueuedReceive
                0x0000000008002b60       0x20 build/obj/usb.o
                0x0000000008002b60                usbPrepareQueuedReceive
 .text.usbPrepareQueuedTransmit
                0x0000000008002b80       0x20 build/obj/usb.o
                0x0000000008002b80                usbPrepareQueuedTransmit
 .text.usbStartReceiveI
                0x0000000008002ba0       0x40 build/obj/usb.o
                0x0000000008002ba0                usbStartReceiveI
 .text.usbStartTransmitI
                0x0000000008002be0       0x40 build/obj/usb.o
                0x0000000008002be0                usbStartTransmitI
 .text._usb_reset
                0x0000000008002c20       0x30 build/obj/usb.o
                0x0000000008002c20                _usb_reset
 .text._usb_ep0setup
                0x0000000008002c50      0x350 build/obj/usb.o
                0x0000000008002c50                _usb_ep0setup
 .text._usb_ep0in
                0x0000000008002fa0       0xd0 build/obj/usb.o
                0x0000000008002fa0                _usb_ep0in
 .text._usb_ep0out
                0x0000000008003070       0x80 build/obj/usb.o
                0x0000000008003070                _usb_ep0out
 .text.Vector6C
                0x00000000080030f0       0x40 build/obj/stm32_dma.o
                0x00000000080030f0                Vector6C
 .text.Vector70
                0x0000000008003130       0x40 build/obj/stm32_dma.o
                0x0000000008003130                Vector70
 .text.Vector74
                0x0000000008003170       0x40 build/obj/stm32_dma.o
                0x0000000008003170                Vector74
 .text.Vector78
                0x00000000080031b0       0x40 build/obj/stm32_dma.o
                0x00000000080031b0                Vector78
 .text.Vector7C
                0x00000000080031f0       0x40 build/obj/stm32_dma.o
                0x00000000080031f0                Vector7C
 .text.Vector80
                0x0000000008003230       0x40 build/obj/stm32_dma.o
                0x0000000008003230                Vector80
 .text.Vector84
                0x0000000008003270       0x40 build/obj/stm32_dma.o
                0x0000000008003270                Vector84
 .text.VectorFC
                0x00000000080032b0       0x40 build/obj/stm32_dma.o
                0x00000000080032b0                VectorFC
 .text.Vector120
                0x00000000080032f0       0x40 build/obj/stm32_dma.o
                0x00000000080032f0                Vector120
 .text.Vector124
                0x0000000008003330       0x40 build/obj/stm32_dma.o
                0x0000000008003330                Vector124
 .text.Vector128
                0x0000000008003370       0x40 build/obj/stm32_dma.o
                0x0000000008003370                Vector128
 .text.Vector12C
                0x00000000080033b0       0x40 build/obj/stm32_dma.o
                0x00000000080033b0                Vector12C
 .text.Vector130
                0x00000000080033f0       0x40 build/obj/stm32_dma.o
                0x00000000080033f0                Vector130
 .text.Vector150
                0x0000000008003430       0x40 build/obj/stm32_dma.o
                0x0000000008003430                Vector150
 .text.Vector154
                0x0000000008003470       0x40 build/obj/stm32_dma.o
                0x0000000008003470                Vector154
 .text.Vector158
                0x00000000080034b0       0x40 build/obj/stm32_dma.o
                0x00000000080034b0                Vector158
 .text.dmaInit  0x00000000080034f0       0x50 build/obj/stm32_dma.o
                0x00000000080034f0                dmaInit
 .text.dmaStreamAllocate
                0x0000000008003540       0xc0 build/obj/stm32_dma.o
                0x0000000008003540                dmaStreamAllocate
 .text.hal_lld_init
                0x0000000008003600       0xc0 build/obj/hal_lld.o
                0x0000000008003600                hal_lld_init
 .text.stm32_clock_init
                0x00000000080036c0       0xe0 build/obj/hal_lld.o
                0x00000000080036c0                stm32_clock_init
 .text.adc_lld_init
                0x00000000080037a0       0x90 build/obj/adc_lld.o
                0x00000000080037a0                adc_lld_init
 .text.adc_lld_start
                0x0000000008003830      0x100 build/obj/adc_lld.o
                0x0000000008003830                adc_lld_start
 .text.adc_lld_start_conversion
                0x0000000008003930       0x80 build/obj/adc_lld.o
                0x0000000008003930                adc_lld_start_conversion
 .text.adc_lld_stop_conversion
                0x00000000080039b0       0x30 build/obj/adc_lld.o
                0x00000000080039b0                adc_lld_stop_conversion
 .text.adc_lld_serve_rx_interrupt
                0x00000000080039e0      0x110 build/obj/adc_lld.o
 .text.Vector88
                0x0000000008003af0      0x170 build/obj/adc_lld.o
                0x0000000008003af0                Vector88
 .text.Vector58
                0x0000000008003c60       0x30 build/obj/ext_lld_isr.o
                0x0000000008003c60                Vector58
 .text.Vector5C
                0x0000000008003c90       0x30 build/obj/ext_lld_isr.o
                0x0000000008003c90                Vector5C
 .text.Vector60
                0x0000000008003cc0       0x30 build/obj/ext_lld_isr.o
                0x0000000008003cc0                Vector60
 .text.Vector64
                0x0000000008003cf0       0x30 build/obj/ext_lld_isr.o
                0x0000000008003cf0                Vector64
 .text.Vector68
                0x0000000008003d20       0x30 build/obj/ext_lld_isr.o
                0x0000000008003d20                Vector68
 .text.Vector9C
                0x0000000008003d50       0x80 build/obj/ext_lld_isr.o
                0x0000000008003d50                Vector9C
 .text.VectorE0
                0x0000000008003dd0       0x90 build/obj/ext_lld_isr.o
                0x0000000008003dd0                VectorE0
 .text.Vector44
                0x0000000008003e60       0x40 build/obj/ext_lld_isr.o
                0x0000000008003e60                Vector44
 .text.VectorE8
                0x0000000008003ea0       0x40 build/obj/ext_lld_isr.o
                0x0000000008003ea0                VectorE8
 .text.Vector138
                0x0000000008003ee0       0x40 build/obj/ext_lld_isr.o
                0x0000000008003ee0                Vector138
 .text.Vector170
                0x0000000008003f20       0x40 build/obj/ext_lld_isr.o
                0x0000000008003f20                Vector170
 .text.Vector4C
                0x0000000008003f60       0x40 build/obj/ext_lld_isr.o
                0x0000000008003f60                Vector4C
 .text.ext_lld_exti_irq_enable
                0x0000000008003fa0       0x80 build/obj/ext_lld_isr.o
                0x0000000008003fa0                ext_lld_exti_irq_enable
 .text.ext_lld_init
                0x0000000008004020       0x10 build/obj/ext_lld.o
                0x0000000008004020                ext_lld_init
 .text.ext_lld_channel_enable
                0x0000000008004030       0xc0 build/obj/ext_lld.o
                0x0000000008004030                ext_lld_channel_enable
 .text.ext_lld_channel_disable
                0x00000000080040f0       0x30 build/obj/ext_lld.o
                0x00000000080040f0                ext_lld_channel_disable
 .text.ext_lld_start
                0x0000000008004120       0x40 build/obj/ext_lld.o
                0x0000000008004120                ext_lld_start
 .text.VectorA4
                0x0000000008004160       0x40 build/obj/gpt_lld.o
                0x0000000008004160                VectorA4
 .text.gpt_lld_init
                0x00000000080041a0       0x20 build/obj/gpt_lld.o
                0x00000000080041a0                gpt_lld_init
 .text.gpt_lld_start
                0x00000000080041c0       0x80 build/obj/gpt_lld.o
                0x00000000080041c0                gpt_lld_start
 .text.gpt_lld_start_timer
                0x0000000008004240       0x20 build/obj/gpt_lld.o
                0x0000000008004240                gpt_lld_start_timer
 .text.VectorB8
                0x0000000008004260       0x80 build/obj/pwm_lld.o
                0x0000000008004260                VectorB8
 .text.pwm_lld_init
                0x00000000080042e0       0x20 build/obj/pwm_lld.o
                0x00000000080042e0                pwm_lld_init
 .text.pwm_lld_start
                0x0000000008004300      0x130 build/obj/pwm_lld.o
                0x0000000008004300                pwm_lld_start
 .text.pwm_lld_enable_channel
                0x0000000008004430       0x40 build/obj/pwm_lld.o
                0x0000000008004430                pwm_lld_enable_channel
 .text._pal_lld_init
                0x0000000008004470      0x1b0 build/obj/pal_lld.o
                0x0000000008004470                _pal_lld_init
 .text._pal_lld_setgroupmode
                0x0000000008004620       0xd0 build/obj/pal_lld.o
                0x0000000008004620                _pal_lld_setgroupmode
 .text.otg_disable_ep
                0x00000000080046f0       0x90 build/obj/usb_lld.o
 .text.otg_epout_handler
                0x0000000008004780       0x60 build/obj/usb_lld.o
 .text.otg_txfifo_flush
                0x00000000080047e0       0x20 build/obj/usb_lld.o
 .text.usb_lld_pump
                0x0000000008004800      0x3c0 build/obj/usb_lld.o
 .text.otg_epin_handler
                0x0000000008004bc0       0x90 build/obj/usb_lld.o
 .text.Vector14C
                0x0000000008004c50      0x110 build/obj/usb_lld.o
                0x0000000008004c50                Vector14C
 .text.usb_lld_init
                0x0000000008004d60       0x50 build/obj/usb_lld.o
                0x0000000008004d60                usb_lld_init
 .text.usb_lld_start
                0x0000000008004db0       0xe0 build/obj/usb_lld.o
                0x0000000008004db0                usb_lld_start
 .text.usb_lld_reset
                0x0000000008004e90       0xe0 build/obj/usb_lld.o
                0x0000000008004e90                usb_lld_reset
 .text.usb_lld_set_address
                0x0000000008004f70       0x20 build/obj/usb_lld.o
                0x0000000008004f70                usb_lld_set_address
 .text.usb_lld_init_endpoint
                0x0000000008004f90      0x160 build/obj/usb_lld.o
                0x0000000008004f90                usb_lld_init_endpoint
 .text.usb_lld_get_status_out
                0x00000000080050f0       0x20 build/obj/usb_lld.o
                0x00000000080050f0                usb_lld_get_status_out
 .text.usb_lld_get_status_in
                0x0000000008005110       0x20 build/obj/usb_lld.o
                0x0000000008005110                usb_lld_get_status_in
 .text.usb_lld_read_setup
                0x0000000008005130       0x20 build/obj/usb_lld.o
                0x0000000008005130                usb_lld_read_setup
 .text.usb_lld_prepare_receive
                0x0000000008005150       0x30 build/obj/usb_lld.o
                0x0000000008005150                usb_lld_prepare_receive
 .text.usb_lld_prepare_transmit
                0x0000000008005180       0x40 build/obj/usb_lld.o
                0x0000000008005180                usb_lld_prepare_transmit
 .text.usb_lld_start_out
                0x00000000080051c0       0x10 build/obj/usb_lld.o
                0x00000000080051c0                usb_lld_start_out
 .text.usb_lld_start_in
                0x00000000080051d0       0x30 build/obj/usb_lld.o
                0x00000000080051d0                usb_lld_start_in
 .text.usb_lld_stall_out
                0x0000000008005200       0x10 build/obj/usb_lld.o
                0x0000000008005200                usb_lld_stall_out
 .text.usb_lld_stall_in
                0x0000000008005210       0x10 build/obj/usb_lld.o
                0x0000000008005210                usb_lld_stall_in
 .text.usb_lld_clear_out
                0x0000000008005220       0x10 build/obj/usb_lld.o
                0x0000000008005220                usb_lld_clear_out
 .text.usb_lld_clear_in
                0x0000000008005230       0x10 build/obj/usb_lld.o
                0x0000000008005230                usb_lld_clear_in
 .text.notify6  0x0000000008005240       0x20 build/obj/serial_lld.o
 .text.Vector15C
                0x0000000008005260      0x170 build/obj/serial_lld.o
                0x0000000008005260                Vector15C
 .text.sd_lld_init
                0x00000000080053d0       0x30 build/obj/serial_lld.o
                0x00000000080053d0                sd_lld_init
 .text.sd_lld_start
                0x0000000008005400       0xa0 build/obj/serial_lld.o
                0x0000000008005400                sd_lld_start
 .text.__early_init
                0x00000000080054a0       0x10 build/obj/board.o
                0x00000000080054a0                __early_init
 .text.boardInit
                0x00000000080054b0       0x10 build/obj/board.o
                0x00000000080054b0                boardInit
 .text.long_to_string_with_divisor.constprop.0
                0x00000000080054c0       0x50 build/obj/chprintf.o
 .text.chprintf
                0x0000000008005510      0x2d0 build/obj/chprintf.o
                0x0000000008005510                chprintf
 .text._strtok.constprop.2
                0x00000000080057e0       0x40 build/obj/shell.o
 .text.cmd_systime
                0x0000000008005820       0x30 build/obj/shell.o
 .text.cmd_info
                0x0000000008005850       0xc0 build/obj/shell.o
 .text.shellInit
                0x0000000008005910       0x10 build/obj/shell.o
                0x0000000008005910                shellInit
 .text.shellCreate
                0x0000000008005920       0x20 build/obj/shell.o
                0x0000000008005920                shellCreate
 .text.shellGetLine
                0x0000000008005940       0xa0 build/obj/shell.o
                0x0000000008005940                shellGetLine
 .text.shell_thread
                0x00000000080059e0      0x1c0 build/obj/shell.o
 .text.get_descriptor
                0x0000000008005ba0       0x40 build/obj/usbdetail.o
                0x0000000008005ba0                get_descriptor
 .text.usb_event
                0x0000000008005be0       0x50 build/obj/usbdetail.o
                0x0000000008005be0                usb_event
 .text.controlLoop
                0x0000000008005c30      0x1e0 build/obj/control.o
                0x0000000008005c30                controlLoop
 .text.green_led_off
                0x0000000008005e10       0x10 build/obj/main.o
 .text.cmd_stop
                0x0000000008005e20       0x30 build/obj/main.o
 .text.WKUP_button_handler
                0x0000000008005e50       0x40 build/obj/main.o
 .text.extcb1   0x0000000008005e90       0x60 build/obj/main.o
 .text.ControlAxis
                0x0000000008005ef0       0xf0 build/obj/main.o
 .text.adccb3   0x0000000008005fe0       0x30 build/obj/main.o
 .text.cmd_unfreeze
                0x0000000008006010       0xb0 build/obj/main.o
 .text.cmd_freeze
                0x00000000080060c0       0x90 build/obj/main.o
 .text.cmd_mode
                0x0000000008006150       0x80 build/obj/main.o
 .text.cmd_enable
                0x00000000080061d0       0x30 build/obj/main.o
 .text.cmd_gain
                0x0000000008006200      0x100 build/obj/main.o
 .text.cmd_mem  0x0000000008006300       0x60 build/obj/main.o
 .text.adccb2   0x0000000008006360       0x20 build/obj/main.o
 .text.adccb1   0x0000000008006380       0x20 build/obj/main.o
 .text.DisplayData
                0x00000000080063a0       0x80 build/obj/main.o
                0x00000000080063a0                DisplayData
 .text.cmd_data
                0x0000000008006420       0xb0 build/obj/main.o
 *(.rodata)
 .rodata        0x00000000080064d0      0x101 /opt/psas/x-tools/stm32f407/arm-psas-eabi/bin/../lib/gcc/arm-psas-eabi/4.7.2/../../../../arm-psas-eabi/lib/libc.a(lib_a-ctype_.o)
                0x00000000080064d0                _ctype_
 *(.rodata.*)
 *fill*         0x00000000080065d1        0xf 00
 .rodata.str1.4
                0x00000000080065e0        0x5 build/obj/chsys.o
                                          0x8 (size before relaxing)
 *fill*         0x00000000080065e5        0xb 00
 .rodata.str1.4
                0x00000000080065f0       0x56 build/obj/chdebug.o
                                         0x58 (size before relaxing)
 *fill*         0x0000000008006646        0xa 00
 .rodata.str1.4
                0x0000000008006650       0x31 build/obj/chvt.o
                                         0x34 (size before relaxing)
 *fill*         0x0000000008006681        0xf 00
 .rodata.str1.4
                0x0000000008006690       0x23 build/obj/chschd.o
                                         0x24 (size before relaxing)
 *fill*         0x00000000080066b3        0xd 00
 .rodata.str1.4
                0x00000000080066c0       0x94 build/obj/chthreads.o
 *fill*         0x0000000008006754        0xc 00
 .rodata.str1.4
                0x0000000008006760       0x46 build/obj/chdynamic.o
                                         0x48 (size before relaxing)
 *fill*         0x00000000080067a6        0xa 00
 .rodata.ch_debug
                0x00000000080067b0       0x18 build/obj/chregistry.o
                0x00000000080067b0                ch_debug
 *fill*         0x00000000080067c8        0x8 00
 .rodata.str1.4
                0x00000000080067d0       0xab build/obj/chmtx.o
                                         0xac (size before relaxing)
 *fill*         0x000000000800687b        0x5 00
 .rodata.str1.4
                0x0000000008006880       0x90 build/obj/chevents.o
 .rodata.str1.4
                0x0000000008006910       0x29 build/obj/chqueues.o
                                         0x2c (size before relaxing)
 *fill*         0x0000000008006939        0x7 00
 .rodata.str1.4
                0x0000000008006940       0x31 build/obj/chheap.o
                                         0x34 (size before relaxing)
 *fill*         0x0000000008006971        0xf 00
 .rodata.str1.4
                0x0000000008006980       0x48 build/obj/chmempools.o
 *fill*         0x00000000080069c8        0x8 00
 .rodata.str1.4
                0x00000000080069d0      0x10e build/obj/adc.o
                                        0x110 (size before relaxing)
 *fill*         0x0000000008006ade        0x2 00
 .rodata.str1.4
                0x0000000008006ae0       0xcd build/obj/ext.o
                                         0xd0 (size before relaxing)
 *fill*         0x0000000008006bad        0x3 00
 .rodata.str1.4
                0x0000000008006bb0      0x109 build/obj/gpt.o
                                        0x10c (size before relaxing)
 *fill*         0x0000000008006cb9        0x7 00
 .rodata.str1.4
                0x0000000008006cc0       0xb0 build/obj/pwm.o
 .rodata.str1.4
                0x0000000008006d70       0x5f build/obj/serial.o
                                         0x60 (size before relaxing)
 *fill*         0x0000000008006dcf        0x1 00
 .rodata.vmt    0x0000000008006dd0       0x20 build/obj/serial.o
 .rodata.str1.4
                0x0000000008006df0       0x2e build/obj/serial_usb.o
                                         0x30 (size before relaxing)
 *fill*         0x0000000008006e1e        0x2 00
 .rodata.vmt    0x0000000008006e20       0x20 build/obj/serial_usb.o
 .rodata.zero_status
                0x0000000008006e40        0x4 build/obj/usb.o
 *fill*         0x0000000008006e44        0xc 00
 .rodata.active_status
                0x0000000008006e50        0x4 build/obj/usb.o
 *fill*         0x0000000008006e54        0xc 00
 .rodata.str1.4
                0x0000000008006e60      0x122 build/obj/usb.o
                                        0x124 (size before relaxing)
 *fill*         0x0000000008006f82        0xe 00
 .rodata.halted_status
                0x0000000008006f90        0x4 build/obj/usb.o
 *fill*         0x0000000008006f94        0xc 00
 .rodata.str1.4
                0x0000000008006fa0       0x47 build/obj/stm32_dma.o
                                         0x48 (size before relaxing)
 *fill*         0x0000000008006fe7        0x9 00
 .rodata._stm32_dma_streams
                0x0000000008006ff0       0xc0 build/obj/stm32_dma.o
                0x0000000008006ff0                _stm32_dma_streams
 .rodata.str1.4
                0x00000000080070b0       0x3c build/obj/adc_lld.o
 *fill*         0x00000000080070ec        0x4 00
 .rodata.str1.4
                0x00000000080070f0       0x14 build/obj/gpt_lld.o
 *fill*         0x0000000008007104        0xc 00
 .rodata.str1.4
                0x0000000008007110       0x14 build/obj/pwm_lld.o
 *fill*         0x0000000008007124        0xc 00
 .rodata.fsparams
                0x0000000008007130        0xc build/obj/usb_lld.o
 *fill*         0x000000000800713c        0x4 00
 .rodata.str1.4
                0x0000000008007140       0x25 build/obj/usb_lld.o
                                         0x28 (size before relaxing)
 *fill*         0x0000000008007165        0xb 00
 .rodata.ep0config
                0x0000000008007170       0x24 build/obj/usb_lld.o
 *fill*         0x0000000008007194        0xc 00
 .rodata.default_config
                0x00000000080071a0        0xc build/obj/serial_lld.o
 *fill*         0x00000000080071ac        0x4 00
 .rodata.pal_default_config
                0x00000000080071b0       0xfc build/obj/board.o
                0x00000000080071b0                pal_default_config
 *fill*         0x00000000080072ac        0x4 00
 .rodata.str1.4
                0x00000000080072b0        0x7 build/obj/chprintf.o
                                          0x8 (size before relaxing)
 *fill*         0x00000000080072b7        0x9 00
 .rodata.str1.4
                0x00000000080072c0      0x1e9 build/obj/shell.o
                                        0x1f0 (size before relaxing)
 *fill*         0x00000000080074a9        0x7 00
 .rodata.ep1config
                0x00000000080074b0       0x24 build/obj/usbdetail.o
 *fill*         0x00000000080074d4        0xc 00
 .rodata.vcom_configuration_descriptor_data
                0x00000000080074e0       0x44 build/obj/usbdetail.o
 *fill*         0x0000000008007524        0xc 00
 .rodata.vcom_configuration_descriptor
                0x0000000008007530        0x8 build/obj/usbdetail.o
 *fill*         0x0000000008007538        0x8 00
 .rodata.ep2config
                0x0000000008007540       0x24 build/obj/usbdetail.o
 *fill*         0x0000000008007564        0xc 00
 .rodata.usbcfg
                0x0000000008007570       0x10 build/obj/usbdetail.o
                0x0000000008007570                usbcfg
 .rodata.vcom_string0
                0x0000000008007580        0x4 build/obj/usbdetail.o
 *fill*         0x0000000008007584        0xc 00
 .rodata.vcom_string1
                0x0000000008007590       0x28 build/obj/usbdetail.o
 *fill*         0x00000000080075b8        0x8 00
 .rodata.vcom_string2
                0x00000000080075c0       0x38 build/obj/usbdetail.o
 *fill*         0x00000000080075f8        0x8 00
 .rodata.vcom_string3
                0x0000000008007600       0x14 build/obj/usbdetail.o
 *fill*         0x0000000008007614        0xc 00
 .rodata.vcom_device_descriptor_data
                0x0000000008007620       0x14 build/obj/usbdetail.o
 *fill*         0x0000000008007634        0xc 00
 .rodata.vcom_strings
                0x0000000008007640       0x20 build/obj/usbdetail.o
 .rodata.serusbcfg
                0x0000000008007660        0x8 build/obj/usbdetail.o
                0x0000000008007660                serusbcfg
 *fill*         0x0000000008007668        0x8 00
 .rodata.vcom_device_descriptor
                0x0000000008007670        0x8 build/obj/usbdetail.o
 *fill*         0x0000000008007678        0x8 00
 .rodata.gpt1cfg
                0x0000000008007680        0x8 build/obj/main.o
 *fill*         0x0000000008007688        0x8 00
 .rodata.adcgrp1cfg4
                0x0000000008007690       0x28 build/obj/main.o
 *fill*         0x00000000080076b8        0x8 00
 .rodata.adcgrp1cfg5
                0x00000000080076c0       0x28 build/obj/main.o
 *fill*         0x00000000080076e8        0x8 00
 .rodata.extcfg
                0x00000000080076f0       0xb8 build/obj/main.o
 *fill*         0x00000000080077a8        0x8 00
 .rodata.str1.4
                0x00000000080077b0      0x314 build/obj/main.o
                                        0x334 (size before relaxing)
 *fill*         0x0000000008007ac4        0xc 00
 .rodata.commands
                0x0000000008007ad0       0x50 build/obj/main.o
 .rodata.shell_cfg1
                0x0000000008007b20        0x8 build/obj/main.o
 *fill*         0x0000000008007b28        0x8 00
 .rodata.adcgrp2cfg
                0x0000000008007b30       0x28 build/obj/main.o
 *fill*         0x0000000008007b58        0x8 00
 .rodata.evhndl.8823
                0x0000000008007b60        0x4 build/obj/main.o
 *fill*         0x0000000008007b64        0xc 00
 .rodata.str1.1
                0x0000000008007b70        0x2 /opt/psas/x-tools/stm32f407/arm-psas-eabi/bin/../lib/gcc/arm-psas-eabi/4.7.2/../../../../arm-psas-eabi/lib/libc.a(lib_a-impure.o)
 *(.glue_7t)
 .glue_7t       0x0000000000000000        0x0 linker stubs
 *(.glue_7)
 .glue_7        0x0000000000000000        0x0 linker stubs
 *(.gcc*)

.vfp11_veneer   0x0000000008007b74        0x0
 .vfp11_veneer  0x0000000000000000        0x0 linker stubs

.v4_bx          0x0000000008007b74        0x0
 .v4_bx         0x0000000000000000        0x0 linker stubs

.iplt           0x0000000008007b74        0x0
 .iplt          0x0000000000000000        0x0 build/obj/crt0.o

.rel.dyn        0x0000000008007b74        0x0
 .rel.iplt      0x0000000000000000        0x0 build/obj/crt0.o

.ARM.extab
 *(.ARM.extab* .gnu.linkonce.armextab.*)

.ARM.exidx      0x0000000008007b72        0x0
                0x0000000008007b72                PROVIDE (__exidx_start, .)
 *(.ARM.exidx* .gnu.linkonce.armexidx.*)
                0x0000000008007b72                PROVIDE (__exidx_end, .)

.eh_frame_hdr
 *(.eh_frame_hdr)

.eh_frame
 *(.eh_frame)

.textalign      0x0000000008007b72        0x6
                0x0000000008007b78                . = ALIGN (0x8)
 *fill*         0x0000000008007b72        0x6 00
                0x0000000008007b78                _etext = .
                0x0000000008007b78                _textdata = _etext

.stacks         0x0000000020000000      0x800
                0x0000000020000000                . = ALIGN (0x8)
                0x0000000020000000                __main_stack_base__ = .
                0x0000000020000400                . = (. + __main_stack_size__)
 *fill*         0x0000000020000000      0x400 00
                0x0000000020000400                . = ALIGN (0x8)
                0x0000000020000400                __main_stack_end__ = .
                0x0000000020000400                __process_stack_base__ = .
                0x0000000020000400                __main_thread_stack_base__ = .
                0x0000000020000800                . = (. + __process_stack_size__)
 *fill*         0x0000000020000400      0x400 00
                0x0000000020000800                . = ALIGN (0x8)
                0x0000000020000800                __process_stack_end__ = .
                0x0000000020000800                __main_thread_stack_end__ = .

.data           0x0000000020000800      0x48c load address 0x0000000008007b78
                0x0000000020000800                . = ALIGN (0x4)
                0x0000000020000800                PROVIDE (_data, .)
 *(.data)
 .data          0x0000000020000800        0x4 /opt/psas/x-tools/stm32f407/arm-psas-eabi/bin/../lib/gcc/arm-psas-eabi/4.7.2/../../../../arm-psas-eabi/lib/libc.a(lib_a-ctype_.o)
                0x0000000020000800                __ctype_ptr__
 *fill*         0x0000000020000804        0x4 00
 .data          0x0000000020000808      0x430 /opt/psas/x-tools/stm32f407/arm-psas-eabi/bin/../lib/gcc/arm-psas-eabi/4.7.2/../../../../arm-psas-eabi/lib/libc.a(lib_a-impure.o)
                0x0000000020000808                _impure_ptr
                0x0000000020000c38                . = ALIGN (0x4)
 *(.data.*)
 .data.linecoding
                0x0000000020000c38        0x8 build/obj/serial_usb.o
 .data.local_commands
                0x0000000020000c40       0x18 build/obj/shell.o
 .data.pwmcfg   0x0000000020000c58       0x30 build/obj/pwmdetail.o
                0x0000000020000c58                pwmcfg
 .data.U8ShellMode
                0x0000000020000c88        0x1 build/obj/main.o
                0x0000000020000c88                U8ShellMode
 .data.U8LatLedState
                0x0000000020000c89        0x1 build/obj/main.o
 .data.U8VertLedState
                0x0000000020000c8a        0x1 build/obj/main.o
                0x0000000020000c8c                . = ALIGN (0x4)
 *fill*         0x0000000020000c8b        0x1 00
 *(.ramtext)
                0x0000000020000c8c                . = ALIGN (0x4)
                0x0000000020000c8c                PROVIDE (_edata, .)

.igot.plt       0x0000000020000c8c        0x0 load address 0x0000000008008004
 .igot.plt      0x0000000000000000        0x0 build/obj/crt0.o

.bss            0x0000000020000c90      0xc64 load address 0x0000000008008008
                0x0000000020000c90                . = ALIGN (0x4)
                0x0000000020000c90                PROVIDE (_bss_start, .)
 *(.bss)
                0x0000000020000c90                . = ALIGN (0x4)
 *(.bss.*)
 .bss.mainthread.4820
                0x0000000020000c90       0x4c build/obj/chsys.o
 *fill*         0x0000000020000cdc        0x4 00
 .bss._idle_thread_wa
                0x0000000020000ce0       0xc0 build/obj/chsys.o
                0x0000000020000ce0                _idle_thread_wa
 .bss.dbg_isr_cnt
                0x0000000020000da0        0x4 build/obj/chdebug.o
                0x0000000020000da0                dbg_isr_cnt
 .bss.dbg_trace_buffer
                0x0000000020000da4      0x408 build/obj/chdebug.o
                0x0000000020000da4                dbg_trace_buffer
 .bss.dbg_lock_cnt
                0x00000000200011ac        0x4 build/obj/chdebug.o
                0x00000000200011ac                dbg_lock_cnt
 .bss.dbg_panic_msg
                0x00000000200011b0        0x4 build/obj/chdebug.o
                0x00000000200011b0                dbg_panic_msg
 .bss.vtlist    0x00000000200011b4       0x10 build/obj/chvt.o
                0x00000000200011b4                vtlist
 .bss.rlist     0x00000000200011c4       0x1c build/obj/chschd.o
                0x00000000200011c4                rlist
 .bss.endmem    0x00000000200011e0        0x4 build/obj/chmemcore.o
 .bss.nextmem   0x00000000200011e4        0x4 build/obj/chmemcore.o
 .bss.default_heap
                0x00000000200011e8       0x20 build/obj/chheap.o
 .bss.measurement_offset
                0x0000000020001208        0x4 build/obj/tm.o
 .bss.dma_isr_redir
                0x000000002000120c       0x80 build/obj/stm32_dma.o
 .bss.dma_streams_mask
                0x000000002000128c        0x4 build/obj/stm32_dma.o
 .bss.ADCD1     0x0000000020001290       0x34 build/obj/adc_lld.o
                0x0000000020001290                ADCD1
 .bss.ADCD2     0x00000000200012c4       0x34 build/obj/adc_lld.o
                0x00000000200012c4                ADCD2
 .bss.ADCD3     0x00000000200012f8       0x34 build/obj/adc_lld.o
                0x00000000200012f8                ADCD3
 .bss.EXTD1     0x000000002000132c        0x8 build/obj/ext_lld.o
                0x000000002000132c                EXTD1
 .bss.GPTD1     0x0000000020001334       0x10 build/obj/gpt_lld.o
                0x0000000020001334                GPTD1
 .bss.PWMD4     0x0000000020001344       0x14 build/obj/pwm_lld.o
                0x0000000020001344                PWMD4
 .bss.USBD1     0x0000000020001358      0x198 build/obj/usb_lld.o
                0x0000000020001358                USBD1
 .bss.ep0_state
                0x00000000200014f0       0x10 build/obj/usb_lld.o
 .bss.ep0setup_buffer
                0x0000000020001500        0x8 build/obj/usb_lld.o
 .bss.SD6       0x0000000020001508       0x78 build/obj/serial_lld.o
                0x0000000020001508                SD6
 .bss.shell_terminated
                0x0000000020001580        0x4 build/obj/shell.o
                0x0000000020001580                shell_terminated
 .bss.ep1instate
                0x0000000020001584       0x10 build/obj/usbdetail.o
 .bss.ep2instate
                0x0000000020001594       0x10 build/obj/usbdetail.o
 .bss.SDU_PSAS  0x00000000200015a4      0x258 build/obj/usbdetail.o
                0x00000000200015a4                SDU_PSAS
 .bss.ep1outstate
                0x00000000200017fc       0x10 build/obj/usbdetail.o
 .bss.shelltp.8822
                0x000000002000180c        0x4 build/obj/main.o
 .bss.u8WatchDogCycleCount
                0x0000000020001810        0x1 build/obj/main.o
 *fill*         0x0000000020001811        0x3 00
 .bss.vertFeedbackSample
                0x0000000020001814        0x4 build/obj/main.o
 .bss.wkup_event
                0x0000000020001818        0x4 build/obj/main.o
 .bss.InputSamples
                0x000000002000181c        0x4 build/obj/main.o
 .bss.U32DelayCount
                0x0000000020001820        0x4 build/obj/main.o
 .bss.u32Temp   0x0000000020001824        0x4 build/obj/main.o
                0x0000000020001824                u32Temp
 .bss.U8PrevPosnVelModeSwitchState
                0x0000000020001828        0x1 build/obj/main.o
                0x0000000020001828                U8PrevPosnVelModeSwitchState
 .bss.U8ShellEnable
                0x0000000020001829        0x1 build/obj/main.o
                0x0000000020001829                U8ShellEnable
 .bss.U8PosnVelModeSwitch
                0x000000002000182a        0x1 build/obj/main.o
 .bss.U8LedState
                0x000000002000182b        0x1 build/obj/main.o
 .bss.latAxisStruct
                0x000000002000182c       0x54 build/obj/main.o
                0x000000002000182c                latAxisStruct
 .bss.vertAxisStruct
                0x0000000020001880       0x54 build/obj/main.o
                0x0000000020001880                vertAxisStruct
 .bss.vt4.8742  0x00000000200018d4       0x14 build/obj/main.o
 .bss.U8EnableDriveSwitch
                0x00000000200018e8        0x1 build/obj/main.o
                0x00000000200018e8                U8EnableDriveSwitch
 *fill*         0x00000000200018e9        0x3 00
 .bss.u32LedCount
                0x00000000200018ec        0x4 build/obj/main.o
 .bss.latFeedbackSample
                0x00000000200018f0        0x4 build/obj/main.o
                0x00000000200018f4                . = ALIGN (0x4)
 *(COMMON)
                0x00000000200018f4                . = ALIGN (0x4)
                0x00000000200018f4                PROVIDE (_bss_end, .)
                0x00000000200018f4                PROVIDE (end, .)
                0x00000000200018f4                _end = .
                0x00000000200018f4                __heap_base__ = _end
                0x000000002001c000                __heap_end__ = __ram_end__
OUTPUT(build/ch.elf elf32-littlearm)

.debug_info     0x0000000000000000    0x24282
 .debug_info    0x0000000000000000      0x2a8 build/obj/crt0.o
 .debug_info    0x00000000000002a8      0x1f0 build/obj/vectors.o
 .debug_info    0x0000000000000498       0x9a build/obj/chcore.o
 .debug_info    0x0000000000000532      0x946 build/obj/chcore_v7m.o
 .debug_info    0x0000000000000e78      0x455 build/obj/nvic.o
 .debug_info    0x00000000000012cd      0x94a build/obj/chsys.o
 .debug_info    0x0000000000001c17      0x9f3 build/obj/chdebug.o
 .debug_info    0x000000000000260a      0x2ea build/obj/chvt.o
 .debug_info    0x00000000000028f4      0xb87 build/obj/chschd.o
 .debug_info    0x000000000000347b      0xec2 build/obj/chthreads.o
 .debug_info    0x000000000000433d      0xa77 build/obj/chdynamic.o
 .debug_info    0x0000000000004db4      0x721 build/obj/chregistry.o
 .debug_info    0x00000000000054d5      0xbba build/obj/chmtx.o
 .debug_info    0x000000000000608f     0x108d build/obj/chevents.o
 .debug_info    0x000000000000711c      0xdbd build/obj/chqueues.o
 .debug_info    0x0000000000007ed9      0x23b build/obj/chmemcore.o
 .debug_info    0x0000000000008114      0x7a0 build/obj/chheap.o
 .debug_info    0x00000000000088b4      0x426 build/obj/chmempools.o
 .debug_info    0x0000000000008cda      0x454 build/obj/hal.o
 .debug_info    0x000000000000912e     0x10ac build/obj/adc.o
 .debug_info    0x000000000000a1da      0x63b build/obj/ext.o
 .debug_info    0x000000000000a815      0xa94 build/obj/gpt.o
 .debug_info    0x000000000000b2a9      0x8ff build/obj/pwm.o
 .debug_info    0x000000000000bba8     0x11de build/obj/serial.o
 .debug_info    0x000000000000cd86     0x214f build/obj/serial_usb.o
 .debug_info    0x000000000000eed5      0x2f3 build/obj/tm.o
 .debug_info    0x000000000000f1c8     0x21aa build/obj/usb.o
 .debug_info    0x0000000000011372      0xcaa build/obj/stm32_dma.o
 .debug_info    0x000000000001201c      0x4e0 build/obj/hal_lld.o
 .debug_info    0x00000000000124fc     0x14d1 build/obj/adc_lld.o
 .debug_info    0x00000000000139cd      0xbc2 build/obj/ext_lld_isr.o
 .debug_info    0x000000000001458f      0x441 build/obj/ext_lld.o
 .debug_info    0x00000000000149d0      0xa98 build/obj/gpt_lld.o
 .debug_info    0x0000000000015468      0xb52 build/obj/pwm_lld.o
 .debug_info    0x0000000000015fba      0x74b build/obj/pal_lld.o
 .debug_info    0x0000000000016705     0x2b6b build/obj/usb_lld.o
 .debug_info    0x0000000000019270     0x1383 build/obj/serial_lld.o
 .debug_info    0x000000000001a5f3      0x215 build/obj/board.o
 .debug_info    0x000000000001a808      0x4b4 build/obj/chprintf.o
 .debug_info    0x000000000001acbc     0x1456 build/obj/shell.o
 .debug_info    0x000000000001c112     0x17a4 build/obj/usbdetail.o
 .debug_info    0x000000000001d8b6      0x439 build/obj/pwmdetail.o
 .debug_info    0x000000000001dcef      0x30b build/obj/control.o
 .debug_info    0x000000000001dffa     0x405c build/obj/main.o
 .debug_info    0x0000000000022056      0xa1c /opt/psas/x-tools/stm32f407/arm-psas-eabi/bin/../lib/gcc/arm-psas-eabi/4.7.2/../../../../arm-psas-eabi/lib/libc.a(lib_a-atoi.o)
 .debug_info    0x0000000000022a72       0xd3 /opt/psas/x-tools/stm32f407/arm-psas-eabi/bin/../lib/gcc/arm-psas-eabi/4.7.2/../../../../arm-psas-eabi/lib/libc.a(lib_a-memset.o)
 .debug_info    0x0000000000022b45      0x150 /opt/psas/x-tools/stm32f407/arm-psas-eabi/bin/../lib/gcc/arm-psas-eabi/4.7.2/../../../../arm-psas-eabi/lib/libc.a(lib_a-strcasecmp.o)
 .debug_info    0x0000000000022c95       0xc9 /opt/psas/x-tools/stm32f407/arm-psas-eabi/bin/../lib/gcc/arm-psas-eabi/4.7.2/../../../../arm-psas-eabi/lib/libc.a(lib_a-strpbrk.o)
 .debug_info    0x0000000000022d5e       0xd7 /opt/psas/x-tools/stm32f407/arm-psas-eabi/bin/../lib/gcc/arm-psas-eabi/4.7.2/../../../../arm-psas-eabi/lib/libc.a(lib_a-strspn.o)
 .debug_info    0x0000000000022e35      0xa7f /opt/psas/x-tools/stm32f407/arm-psas-eabi/bin/../lib/gcc/arm-psas-eabi/4.7.2/../../../../arm-psas-eabi/lib/libc.a(lib_a-strtol.o)
 .debug_info    0x00000000000238b4       0x6d /opt/psas/x-tools/stm32f407/arm-psas-eabi/bin/../lib/gcc/arm-psas-eabi/4.7.2/../../../../arm-psas-eabi/lib/libc.a(lib_a-ctype_.o)
 .debug_info    0x0000000000023921      0x961 /opt/psas/x-tools/stm32f407/arm-psas-eabi/bin/../lib/gcc/arm-psas-eabi/4.7.2/../../../../arm-psas-eabi/lib/libc.a(lib_a-impure.o)

.debug_abbrev   0x0000000000000000     0x6c73
 .debug_abbrev  0x0000000000000000       0xdc build/obj/crt0.o
 .debug_abbrev  0x00000000000000dc       0xb1 build/obj/vectors.o
 .debug_abbrev  0x000000000000018d       0x44 build/obj/chcore.o
 .debug_abbrev  0x00000000000001d1      0x1d5 build/obj/chcore_v7m.o
 .debug_abbrev  0x00000000000003a6       0xf2 build/obj/nvic.o
 .debug_abbrev  0x0000000000000498      0x1ff build/obj/chsys.o
 .debug_abbrev  0x0000000000000697      0x246 build/obj/chdebug.o
 .debug_abbrev  0x00000000000008dd      0x18d build/obj/chvt.o
 .debug_abbrev  0x0000000000000a6a      0x32e build/obj/chschd.o
 .debug_abbrev  0x0000000000000d98      0x37a build/obj/chthreads.o
 .debug_abbrev  0x0000000000001112      0x24d build/obj/chdynamic.o
 .debug_abbrev  0x000000000000135f      0x1bc build/obj/chregistry.o
 .debug_abbrev  0x000000000000151b      0x2d3 build/obj/chmtx.o
 .debug_abbrev  0x00000000000017ee      0x30b build/obj/chevents.o
 .debug_abbrev  0x0000000000001af9      0x35f build/obj/chqueues.o
 .debug_abbrev  0x0000000000001e58      0x12e build/obj/chmemcore.o
 .debug_abbrev  0x0000000000001f86      0x21b build/obj/chheap.o
 .debug_abbrev  0x00000000000021a1      0x182 build/obj/chmempools.o
 .debug_abbrev  0x0000000000002323      0x1b4 build/obj/hal.o
 .debug_abbrev  0x00000000000024d7      0x2db build/obj/adc.o
 .debug_abbrev  0x00000000000027b2      0x1d0 build/obj/ext.o
 .debug_abbrev  0x0000000000002982      0x24f build/obj/gpt.o
 .debug_abbrev  0x0000000000002bd1      0x20d build/obj/pwm.o
 .debug_abbrev  0x0000000000002dde      0x2dc build/obj/serial.o
 .debug_abbrev  0x00000000000030ba      0x3c3 build/obj/serial_usb.o
 .debug_abbrev  0x000000000000347d      0x19c build/obj/tm.o
 .debug_abbrev  0x0000000000003619      0x3a2 build/obj/usb.o
 .debug_abbrev  0x00000000000039bb      0x252 build/obj/stm32_dma.o
 .debug_abbrev  0x0000000000003c0d      0x12d build/obj/hal_lld.o
 .debug_abbrev  0x0000000000003d3a      0x31e build/obj/adc_lld.o
 .debug_abbrev  0x0000000000004058      0x208 build/obj/ext_lld_isr.o
 .debug_abbrev  0x0000000000004260      0x1e9 build/obj/ext_lld.o
 .debug_abbrev  0x0000000000004449      0x2c6 build/obj/gpt_lld.o
 .debug_abbrev  0x000000000000470f      0x2ae build/obj/pwm_lld.o
 .debug_abbrev  0x00000000000049bd      0x1c6 build/obj/pal_lld.o
 .debug_abbrev  0x0000000000004b83      0x552 build/obj/usb_lld.o
 .debug_abbrev  0x00000000000050d5      0x35d build/obj/serial_lld.o
 .debug_abbrev  0x0000000000005432       0xe5 build/obj/board.o
 .debug_abbrev  0x0000000000005517      0x1d3 build/obj/chprintf.o
 .debug_abbrev  0x00000000000056ea      0x394 build/obj/shell.o
 .debug_abbrev  0x0000000000005a7e      0x2e3 build/obj/usbdetail.o
 .debug_abbrev  0x0000000000005d61      0x116 build/obj/pwmdetail.o
 .debug_abbrev  0x0000000000005e77       0xd1 build/obj/control.o
 .debug_abbrev  0x0000000000005f48      0x583 build/obj/main.o
 .debug_abbrev  0x00000000000064cb      0x1b1 /opt/psas/x-tools/stm32f407/arm-psas-eabi/bin/../lib/gcc/arm-psas-eabi/4.7.2/../../../../arm-psas-eabi/lib/libc.a(lib_a-atoi.o)
 .debug_abbrev  0x000000000000667c       0x8c /opt/psas/x-tools/stm32f407/arm-psas-eabi/bin/../lib/gcc/arm-psas-eabi/4.7.2/../../../../arm-psas-eabi/lib/libc.a(lib_a-memset.o)
 .debug_abbrev  0x0000000000006708       0xc0 /opt/psas/x-tools/stm32f407/arm-psas-eabi/bin/../lib/gcc/arm-psas-eabi/4.7.2/../../../../arm-psas-eabi/lib/libc.a(lib_a-strcasecmp.o)
 .debug_abbrev  0x00000000000067c8       0x7f /opt/psas/x-tools/stm32f407/arm-psas-eabi/bin/../lib/gcc/arm-psas-eabi/4.7.2/../../../../arm-psas-eabi/lib/libc.a(lib_a-strpbrk.o)
 .debug_abbrev  0x0000000000006847       0x99 /opt/psas/x-tools/stm32f407/arm-psas-eabi/bin/../lib/gcc/arm-psas-eabi/4.7.2/../../../../arm-psas-eabi/lib/libc.a(lib_a-strspn.o)
 .debug_abbrev  0x00000000000068e0      0x1e7 /opt/psas/x-tools/stm32f407/arm-psas-eabi/bin/../lib/gcc/arm-psas-eabi/4.7.2/../../../../arm-psas-eabi/lib/libc.a(lib_a-strtol.o)
 .debug_abbrev  0x0000000000006ac7       0x4c /opt/psas/x-tools/stm32f407/arm-psas-eabi/bin/../lib/gcc/arm-psas-eabi/4.7.2/../../../../arm-psas-eabi/lib/libc.a(lib_a-ctype_.o)
 .debug_abbrev  0x0000000000006b13      0x160 /opt/psas/x-tools/stm32f407/arm-psas-eabi/bin/../lib/gcc/arm-psas-eabi/4.7.2/../../../../arm-psas-eabi/lib/libc.a(lib_a-impure.o)

.debug_aranges  0x0000000000000000      0xfd0
 .debug_aranges
                0x0000000000000000       0x38 build/obj/crt0.o
 .debug_aranges
                0x0000000000000038       0x20 build/obj/vectors.o
 .debug_aranges
                0x0000000000000058       0x20 build/obj/chcore.o
 .debug_aranges
                0x0000000000000078       0x50 build/obj/chcore_v7m.o
 .debug_aranges
                0x00000000000000c8       0x30 build/obj/nvic.o
 .debug_aranges
                0x00000000000000f8       0x30 build/obj/chsys.o
 .debug_aranges
                0x0000000000000128       0x88 build/obj/chdebug.o
 .debug_aranges
                0x00000000000001b0       0x38 build/obj/chvt.o
 .debug_aranges
                0x00000000000001e8       0x68 build/obj/chschd.o
 .debug_aranges
                0x0000000000000250       0x80 build/obj/chthreads.o
 .debug_aranges
                0x00000000000002d0       0x38 build/obj/chdynamic.o
 .debug_aranges
                0x0000000000000308       0x28 build/obj/chregistry.o
 .debug_aranges
                0x0000000000000330       0x58 build/obj/chmtx.o
 .debug_aranges
                0x0000000000000388       0xa0 build/obj/chevents.o
 .debug_aranges
                0x0000000000000428       0x70 build/obj/chqueues.o
 .debug_aranges
                0x0000000000000498       0x38 build/obj/chmemcore.o
 .debug_aranges
                0x00000000000004d0       0x40 build/obj/chheap.o
 .debug_aranges
                0x0000000000000510       0x48 build/obj/chmempools.o
 .debug_aranges
                0x0000000000000558       0x30 build/obj/hal.o
 .debug_aranges
                0x0000000000000588       0x70 build/obj/adc.o
 .debug_aranges
                0x00000000000005f8       0x50 build/obj/ext.o
 .debug_aranges
                0x0000000000000648       0x78 build/obj/gpt.o
 .debug_aranges
                0x00000000000006c0       0x50 build/obj/pwm.o
 .debug_aranges
                0x0000000000000710       0x88 build/obj/serial.o
 .debug_aranges
                0x0000000000000798       0xb0 build/obj/serial_usb.o
 .debug_aranges
                0x0000000000000848       0x38 build/obj/tm.o
 .debug_aranges
                0x0000000000000880       0xa8 build/obj/usb.o
 .debug_aranges
                0x0000000000000928       0xb0 build/obj/stm32_dma.o
 .debug_aranges
                0x00000000000009d8       0x28 build/obj/hal_lld.o
 .debug_aranges
                0x0000000000000a00       0x70 build/obj/adc_lld.o
 .debug_aranges
                0x0000000000000a70       0x98 build/obj/ext_lld_isr.o
 .debug_aranges
                0x0000000000000b08       0x40 build/obj/ext_lld.o
 .debug_aranges
                0x0000000000000b48       0x50 build/obj/gpt_lld.o
 .debug_aranges
                0x0000000000000b98       0x48 build/obj/pwm_lld.o
 .debug_aranges
                0x0000000000000be0       0x28 build/obj/pal_lld.o
 .debug_aranges
                0x0000000000000c08       0xd8 build/obj/usb_lld.o
 .debug_aranges
                0x0000000000000ce0       0x40 build/obj/serial_lld.o
 .debug_aranges
                0x0000000000000d20       0x28 build/obj/board.o
 .debug_aranges
                0x0000000000000d48       0x28 build/obj/chprintf.o
 .debug_aranges
                0x0000000000000d70       0x58 build/obj/shell.o
 .debug_aranges
                0x0000000000000dc8       0x28 build/obj/usbdetail.o
 .debug_aranges
                0x0000000000000df0       0x18 build/obj/pwmdetail.o
 .debug_aranges
                0x0000000000000e08       0x20 build/obj/control.o
 .debug_aranges
                0x0000000000000e28       0xb8 build/obj/main.o
 .debug_aranges
                0x0000000000000ee0       0x20 /opt/psas/x-tools/stm32f407/arm-psas-eabi/bin/../lib/gcc/arm-psas-eabi/4.7.2/../../../../arm-psas-eabi/lib/libc.a(lib_a-atoi.o)
 .debug_aranges
                0x0000000000000f00       0x20 /opt/psas/x-tools/stm32f407/arm-psas-eabi/bin/../lib/gcc/arm-psas-eabi/4.7.2/../../../../arm-psas-eabi/lib/libc.a(lib_a-memset.o)
 .debug_aranges
                0x0000000000000f20       0x20 /opt/psas/x-tools/stm32f407/arm-psas-eabi/bin/../lib/gcc/arm-psas-eabi/4.7.2/../../../../arm-psas-eabi/lib/libc.a(lib_a-strcasecmp.o)
 .debug_aranges
                0x0000000000000f40       0x20 /opt/psas/x-tools/stm32f407/arm-psas-eabi/bin/../lib/gcc/arm-psas-eabi/4.7.2/../../../../arm-psas-eabi/lib/libc.a(lib_a-strpbrk.o)
 .debug_aranges
                0x0000000000000f60       0x20 /opt/psas/x-tools/stm32f407/arm-psas-eabi/bin/../lib/gcc/arm-psas-eabi/4.7.2/../../../../arm-psas-eabi/lib/libc.a(lib_a-strspn.o)
 .debug_aranges
                0x0000000000000f80       0x20 /opt/psas/x-tools/stm32f407/arm-psas-eabi/bin/../lib/gcc/arm-psas-eabi/4.7.2/../../../../arm-psas-eabi/lib/libc.a(lib_a-strtol.o)
 .debug_aranges
                0x0000000000000fa0       0x18 /opt/psas/x-tools/stm32f407/arm-psas-eabi/bin/../lib/gcc/arm-psas-eabi/4.7.2/../../../../arm-psas-eabi/lib/libc.a(lib_a-ctype_.o)
 .debug_aranges
                0x0000000000000fb8       0x18 /opt/psas/x-tools/stm32f407/arm-psas-eabi/bin/../lib/gcc/arm-psas-eabi/4.7.2/../../../../arm-psas-eabi/lib/libc.a(lib_a-impure.o)

.debug_ranges   0x0000000000000000     0x1cd0
 .debug_ranges  0x0000000000000000       0xe0 build/obj/crt0.o
 .debug_ranges  0x00000000000000e0       0x10 build/obj/vectors.o
 .debug_ranges  0x00000000000000f0       0x10 build/obj/chcore.o
 .debug_ranges  0x0000000000000100       0x58 build/obj/chcore_v7m.o
 .debug_ranges  0x0000000000000158       0x20 build/obj/nvic.o
 .debug_ranges  0x0000000000000178       0x20 build/obj/chsys.o
 .debug_ranges  0x0000000000000198       0xf0 build/obj/chdebug.o
 .debug_ranges  0x0000000000000288       0x28 build/obj/chvt.o
 .debug_ranges  0x00000000000002b0      0x1d8 build/obj/chschd.o
 .debug_ranges  0x0000000000000488      0x110 build/obj/chthreads.o
 .debug_ranges  0x0000000000000598       0x40 build/obj/chdynamic.o
 .debug_ranges  0x00000000000005d8       0x18 build/obj/chregistry.o
 .debug_ranges  0x00000000000005f0      0x230 build/obj/chmtx.o
 .debug_ranges  0x0000000000000820       0xd8 build/obj/chevents.o
 .debug_ranges  0x00000000000008f8       0xc0 build/obj/chqueues.o
 .debug_ranges  0x00000000000009b8       0x40 build/obj/chmemcore.o
 .debug_ranges  0x00000000000009f8       0x30 build/obj/chheap.o
 .debug_ranges  0x0000000000000a28       0x50 build/obj/chmempools.o
 .debug_ranges  0x0000000000000a78       0x60 build/obj/hal.o
 .debug_ranges  0x0000000000000ad8       0x78 build/obj/adc.o
 .debug_ranges  0x0000000000000b50       0x40 build/obj/ext.o
 .debug_ranges  0x0000000000000b90       0x80 build/obj/gpt.o
 .debug_ranges  0x0000000000000c10       0x40 build/obj/pwm.o
 .debug_ranges  0x0000000000000c50       0x78 build/obj/serial.o
 .debug_ranges  0x0000000000000cc8       0xb8 build/obj/serial_usb.o
 .debug_ranges  0x0000000000000d80       0x80 build/obj/tm.o
 .debug_ranges  0x0000000000000e00       0xc8 build/obj/usb.o
 .debug_ranges  0x0000000000000ec8       0xa0 build/obj/stm32_dma.o
 .debug_ranges  0x0000000000000f68       0x30 build/obj/hal_lld.o
 .debug_ranges  0x0000000000000f98       0xa8 build/obj/adc_lld.o
 .debug_ranges  0x0000000000001040       0x88 build/obj/ext_lld_isr.o
 .debug_ranges  0x00000000000010c8       0x30 build/obj/ext_lld.o
 .debug_ranges  0x00000000000010f8       0x40 build/obj/gpt_lld.o
 .debug_ranges  0x0000000000001138       0x78 build/obj/pwm_lld.o
 .debug_ranges  0x00000000000011b0      0x168 build/obj/pal_lld.o
 .debug_ranges  0x0000000000001318      0x3f0 build/obj/usb_lld.o
 .debug_ranges  0x0000000000001708       0x60 build/obj/serial_lld.o
 .debug_ranges  0x0000000000001768       0x18 build/obj/board.o
 .debug_ranges  0x0000000000001780       0x18 build/obj/chprintf.o
 .debug_ranges  0x0000000000001798      0x110 build/obj/shell.o
 .debug_ranges  0x00000000000018a8       0x18 build/obj/usbdetail.o
 .debug_ranges  0x00000000000018c0       0x10 build/obj/control.o
 .debug_ranges  0x00000000000018d0      0x3b0 build/obj/main.o
 .debug_ranges  0x0000000000001c80       0x50 /opt/psas/x-tools/stm32f407/arm-psas-eabi/bin/../lib/gcc/arm-psas-eabi/4.7.2/../../../../arm-psas-eabi/lib/libc.a(lib_a-strcasecmp.o)

.debug_line     0x0000000000000000     0x91ce
 .debug_line    0x0000000000000000      0x157 build/obj/crt0.o
 .debug_line    0x0000000000000157       0xe1 build/obj/vectors.o
 .debug_line    0x0000000000000238       0x5b build/obj/chcore.o
 .debug_line    0x0000000000000293      0x233 build/obj/chcore_v7m.o
 .debug_line    0x00000000000004c6      0x120 build/obj/nvic.o
 .debug_line    0x00000000000005e6      0x247 build/obj/chsys.o
 .debug_line    0x000000000000082d      0x32f build/obj/chdebug.o
 .debug_line    0x0000000000000b5c      0x1b2 build/obj/chvt.o
 .debug_line    0x0000000000000d0e      0x378 build/obj/chschd.o
 .debug_line    0x0000000000001086      0x3f0 build/obj/chthreads.o
 .debug_line    0x0000000000001476      0x287 build/obj/chdynamic.o
 .debug_line    0x00000000000016fd      0x219 build/obj/chregistry.o
 .debug_line    0x0000000000001916      0x3b7 build/obj/chmtx.o
 .debug_line    0x0000000000001ccd      0x386 build/obj/chevents.o
 .debug_line    0x0000000000002053      0x3f3 build/obj/chqueues.o
 .debug_line    0x0000000000002446      0x1a8 build/obj/chmemcore.o
 .debug_line    0x00000000000025ee      0x2d8 build/obj/chheap.o
 .debug_line    0x00000000000028c6      0x218 build/obj/chmempools.o
 .debug_line    0x0000000000002ade      0x2e2 build/obj/hal.o
 .debug_line    0x0000000000002dc0      0x400 build/obj/adc.o
 .debug_line    0x00000000000031c0      0x270 build/obj/ext.o
 .debug_line    0x0000000000003430      0x2ea build/obj/gpt.o
 .debug_line    0x000000000000371a      0x26d build/obj/pwm.o
 .debug_line    0x0000000000003987      0x407 build/obj/serial.o
 .debug_line    0x0000000000003d8e      0x4ba build/obj/serial_usb.o
 .debug_line    0x0000000000004248      0x205 build/obj/tm.o
 .debug_line    0x000000000000444d      0x588 build/obj/usb.o
 .debug_line    0x00000000000049d5      0x44d build/obj/stm32_dma.o
 .debug_line    0x0000000000004e22      0x1fe build/obj/hal_lld.o
 .debug_line    0x0000000000005020      0x536 build/obj/adc_lld.o
 .debug_line    0x0000000000005556      0x3ce build/obj/ext_lld_isr.o
 .debug_line    0x0000000000005924      0x21f build/obj/ext_lld.o
 .debug_line    0x0000000000005b43      0x2e1 build/obj/gpt_lld.o
 .debug_line    0x0000000000005e24      0x311 build/obj/pwm_lld.o
 .debug_line    0x0000000000006135      0x20f build/obj/pal_lld.o
 .debug_line    0x0000000000006344      0x842 build/obj/usb_lld.o
 .debug_line    0x0000000000006b86      0x393 build/obj/serial_lld.o
 .debug_line    0x0000000000006f19      0x19b build/obj/board.o
 .debug_line    0x00000000000070b4      0x2f3 build/obj/chprintf.o
 .debug_line    0x00000000000073a7      0x3d7 build/obj/shell.o
 .debug_line    0x000000000000777e      0x2b3 build/obj/usbdetail.o
 .debug_line    0x0000000000007a31      0x14b build/obj/pwmdetail.o
 .debug_line    0x0000000000007b7c      0x1cd build/obj/control.o
 .debug_line    0x0000000000007d49      0x876 build/obj/main.o
 .debug_line    0x00000000000085bf      0x20d /opt/psas/x-tools/stm32f407/arm-psas-eabi/bin/../lib/gcc/arm-psas-eabi/4.7.2/../../../../arm-psas-eabi/lib/libc.a(lib_a-atoi.o)
 .debug_line    0x00000000000087cc      0x197 /opt/psas/x-tools/stm32f407/arm-psas-eabi/bin/../lib/gcc/arm-psas-eabi/4.7.2/../../../../arm-psas-eabi/lib/libc.a(lib_a-memset.o)
 .debug_line    0x0000000000008963      0x122 /opt/psas/x-tools/stm32f407/arm-psas-eabi/bin/../lib/gcc/arm-psas-eabi/4.7.2/../../../../arm-psas-eabi/lib/libc.a(lib_a-strcasecmp.o)
 .debug_line    0x0000000000008a85      0x115 /opt/psas/x-tools/stm32f407/arm-psas-eabi/bin/../lib/gcc/arm-psas-eabi/4.7.2/../../../../arm-psas-eabi/lib/libc.a(lib_a-strpbrk.o)
 .debug_line    0x0000000000008b9a      0x197 /opt/psas/x-tools/stm32f407/arm-psas-eabi/bin/../lib/gcc/arm-psas-eabi/4.7.2/../../../../arm-psas-eabi/lib/libc.a(lib_a-strspn.o)
 .debug_line    0x0000000000008d31      0x28a /opt/psas/x-tools/stm32f407/arm-psas-eabi/bin/../lib/gcc/arm-psas-eabi/4.7.2/../../../../arm-psas-eabi/lib/libc.a(lib_a-strtol.o)
 .debug_line    0x0000000000008fbb       0x87 /opt/psas/x-tools/stm32f407/arm-psas-eabi/bin/../lib/gcc/arm-psas-eabi/4.7.2/../../../../arm-psas-eabi/lib/libc.a(lib_a-ctype_.o)
 .debug_line    0x0000000000009042      0x18c /opt/psas/x-tools/stm32f407/arm-psas-eabi/bin/../lib/gcc/arm-psas-eabi/4.7.2/../../../../arm-psas-eabi/lib/libc.a(lib_a-impure.o)

.debug_str      0x0000000000000000     0x476d
 .debug_str     0x0000000000000000      0x1cc build/obj/crt0.o
                                        0x206 (size before relaxing)
 .debug_str     0x00000000000001cc      0x14d build/obj/vectors.o
                                        0x231 (size before relaxing)
 .debug_str     0x0000000000000319       0x35 build/obj/chcore.o
                                        0x104 (size before relaxing)
 .debug_str     0x000000000000034e      0x364 build/obj/chcore_v7m.o
                                        0x472 (size before relaxing)
 .debug_str     0x00000000000006b2       0x9e build/obj/nvic.o
                                        0x203 (size before relaxing)
 .debug_str     0x0000000000000750      0x242 build/obj/chsys.o
                                        0x537 (size before relaxing)
 .debug_str     0x0000000000000992      0x103 build/obj/chdebug.o
                                        0x4ae (size before relaxing)
 .debug_str     0x0000000000000a95       0x54 build/obj/chvt.o
                                        0x1bc (size before relaxing)
 .debug_str     0x0000000000000ae9       0xdd build/obj/chschd.o
                                        0x46e (size before relaxing)
 .debug_str     0x0000000000000bc6       0xf7 build/obj/chthreads.o
                                        0x4c8 (size before relaxing)
 .debug_str     0x0000000000000cbd      0x115 build/obj/chdynamic.o
                                        0x40e (size before relaxing)
 .debug_str     0x0000000000000dd2       0x4a build/obj/chregistry.o
                                        0x41e (size before relaxing)
 .debug_str     0x0000000000000e1c       0x92 build/obj/chmtx.o
                                        0x3c6 (size before relaxing)
 .debug_str     0x0000000000000eae      0x1c1 build/obj/chevents.o
                                        0x4ea (size before relaxing)
 .debug_str     0x000000000000106f      0x12e build/obj/chqueues.o
                                        0x451 (size before relaxing)
 .debug_str     0x000000000000119d       0x78 build/obj/chmemcore.o
                                        0x1a0 (size before relaxing)
 .debug_str     0x0000000000001215       0x50 build/obj/chheap.o
                                        0x365 (size before relaxing)
 .debug_str     0x0000000000001265       0x5d build/obj/chmempools.o
                                        0x1f9 (size before relaxing)
 .debug_str     0x00000000000012c2      0x1a5 build/obj/hal.o
                                        0x29a (size before relaxing)
 .debug_str     0x0000000000001467      0x309 build/obj/adc.o
                                        0x670 (size before relaxing)
 .debug_str     0x0000000000001770      0x146 build/obj/ext.o
                                        0x289 (size before relaxing)
 .debug_str     0x00000000000018b6      0x274 build/obj/gpt.o
                                        0x3bb (size before relaxing)
 .debug_str     0x0000000000001b2a      0x156 build/obj/pwm.o
                                        0x371 (size before relaxing)
 .debug_str     0x0000000000001c80      0x183 build/obj/serial.o
                                        0x5d6 (size before relaxing)
 .debug_str     0x0000000000001e03      0x7b4 build/obj/serial_usb.o
                                        0xc9e (size before relaxing)
 .debug_str     0x00000000000025b7       0x6a build/obj/tm.o
                                        0x1c0 (size before relaxing)
 .debug_str     0x0000000000002621      0x2b8 build/obj/usb.o
                                        0xcd5 (size before relaxing)
 .debug_str     0x00000000000028d9      0x735 build/obj/stm32_dma.o
                                        0x95b (size before relaxing)
 .debug_str     0x000000000000300e       0xbf build/obj/hal_lld.o
                                        0x312 (size before relaxing)
 .debug_str     0x00000000000030cd       0xe2 build/obj/adc_lld.o
                                        0xcc8 (size before relaxing)
 .debug_str     0x00000000000031af      0x125 build/obj/ext_lld_isr.o
                                        0x7f7 (size before relaxing)
 .debug_str     0x00000000000032d4       0x60 build/obj/ext_lld.o
                                        0x29d (size before relaxing)
 .debug_str     0x0000000000003334       0x56 build/obj/gpt_lld.o
                                        0x988 (size before relaxing)
 .debug_str     0x000000000000338a       0x60 build/obj/pwm_lld.o
                                        0x9a2 (size before relaxing)
 .debug_str     0x00000000000033ea       0xcc build/obj/pal_lld.o
                                        0x363 (size before relaxing)
 .debug_str     0x00000000000034b6      0x206 build/obj/usb_lld.o
                                       0x146a (size before relaxing)
 .debug_str     0x00000000000036bc       0x6e build/obj/serial_lld.o
                                        0xb83 (size before relaxing)
 .debug_str     0x000000000000372a       0x2f build/obj/board.o
                                        0x1d8 (size before relaxing)
 .debug_str     0x0000000000003759       0xda build/obj/chprintf.o
                                        0x1ee (size before relaxing)
 .debug_str     0x0000000000003833      0x14d build/obj/shell.o
                                        0x5b8 (size before relaxing)
 .debug_str     0x0000000000003980      0x13f build/obj/usbdetail.o
                                        0xbe5 (size before relaxing)
 .debug_str     0x0000000000003abf       0x13 build/obj/pwmdetail.o
                                        0x261 (size before relaxing)
 .debug_str     0x0000000000003ad2      0x2ce build/obj/control.o
                                        0x3d7 (size before relaxing)
 .debug_str     0x0000000000003da0      0x2a1 build/obj/main.o
                                       0x181a (size before relaxing)
 .debug_str     0x0000000000004041      0x3ff /opt/psas/x-tools/stm32f407/arm-psas-eabi/bin/../lib/gcc/arm-psas-eabi/4.7.2/../../../../arm-psas-eabi/lib/libc.a(lib_a-atoi.o)
                                        0x4d0 (size before relaxing)
 .debug_str     0x0000000000004440       0x67 /opt/psas/x-tools/stm32f407/arm-psas-eabi/bin/../lib/gcc/arm-psas-eabi/4.7.2/../../../../arm-psas-eabi/lib/libc.a(lib_a-memset.o)
                                        0x113 (size before relaxing)
 .debug_str     0x00000000000044a7       0x83 /opt/psas/x-tools/stm32f407/arm-psas-eabi/bin/../lib/gcc/arm-psas-eabi/4.7.2/../../../../arm-psas-eabi/lib/libc.a(lib_a-strcasecmp.o)
                                        0x12c (size before relaxing)
 .debug_str     0x000000000000452a       0x68 /opt/psas/x-tools/stm32f407/arm-psas-eabi/bin/../lib/gcc/arm-psas-eabi/4.7.2/../../../../arm-psas-eabi/lib/libc.a(lib_a-strpbrk.o)
                                        0x10e (size before relaxing)
 .debug_str     0x0000000000004592       0x67 /opt/psas/x-tools/stm32f407/arm-psas-eabi/bin/../lib/gcc/arm-psas-eabi/4.7.2/../../../../arm-psas-eabi/lib/libc.a(lib_a-strspn.o)
                                        0x113 (size before relaxing)
 .debug_str     0x00000000000045f9       0x81 /opt/psas/x-tools/stm32f407/arm-psas-eabi/bin/../lib/gcc/arm-psas-eabi/4.7.2/../../../../arm-psas-eabi/lib/libc.a(lib_a-strtol.o)
                                        0x503 (size before relaxing)
 .debug_str     0x000000000000467a       0x6e /opt/psas/x-tools/stm32f407/arm-psas-eabi/bin/../lib/gcc/arm-psas-eabi/4.7.2/../../../../arm-psas-eabi/lib/libc.a(lib_a-ctype_.o)
                                         0x96 (size before relaxing)
 .debug_str     0x00000000000046e8       0x85 /opt/psas/x-tools/stm32f407/arm-psas-eabi/bin/../lib/gcc/arm-psas-eabi/4.7.2/../../../../arm-psas-eabi/lib/libc.a(lib_a-impure.o)
                                        0x4de (size before relaxing)

.comment        0x0000000000000000       0x33
 .comment       0x0000000000000000       0x33 build/obj/crt0.o
                                         0x34 (size before relaxing)
 .comment       0x0000000000000000       0x34 build/obj/vectors.o
 .comment       0x0000000000000000       0x34 build/obj/chcore.o
 .comment       0x0000000000000000       0x34 build/obj/chcore_v7m.o
 .comment       0x0000000000000000       0x34 build/obj/nvic.o
 .comment       0x0000000000000000       0x34 build/obj/chsys.o
 .comment       0x0000000000000000       0x34 build/obj/chdebug.o
 .comment       0x0000000000000000       0x34 build/obj/chvt.o
 .comment       0x0000000000000000       0x34 build/obj/chschd.o
 .comment       0x0000000000000000       0x34 build/obj/chthreads.o
 .comment       0x0000000000000000       0x34 build/obj/chdynamic.o
 .comment       0x0000000000000000       0x34 build/obj/chregistry.o
 .comment       0x0000000000000000       0x34 build/obj/chmtx.o
 .comment       0x0000000000000000       0x34 build/obj/chevents.o
 .comment       0x0000000000000000       0x34 build/obj/chqueues.o
 .comment       0x0000000000000000       0x34 build/obj/chmemcore.o
 .comment       0x0000000000000000       0x34 build/obj/chheap.o
 .comment       0x0000000000000000       0x34 build/obj/chmempools.o
 .comment       0x0000000000000000       0x34 build/obj/hal.o
 .comment       0x0000000000000000       0x34 build/obj/adc.o
 .comment       0x0000000000000000       0x34 build/obj/ext.o
 .comment       0x0000000000000000       0x34 build/obj/gpt.o
 .comment       0x0000000000000000       0x34 build/obj/pwm.o
 .comment       0x0000000000000000       0x34 build/obj/serial.o
 .comment       0x0000000000000000       0x34 build/obj/serial_usb.o
 .comment       0x0000000000000000       0x34 build/obj/tm.o
 .comment       0x0000000000000000       0x34 build/obj/usb.o
 .comment       0x0000000000000000       0x34 build/obj/stm32_dma.o
 .comment       0x0000000000000000       0x34 build/obj/hal_lld.o
 .comment       0x0000000000000000       0x34 build/obj/adc_lld.o
 .comment       0x0000000000000000       0x34 build/obj/ext_lld_isr.o
 .comment       0x0000000000000000       0x34 build/obj/ext_lld.o
 .comment       0x0000000000000000       0x34 build/obj/gpt_lld.o
 .comment       0x0000000000000000       0x34 build/obj/pwm_lld.o
 .comment       0x0000000000000000       0x34 build/obj/pal_lld.o
 .comment       0x0000000000000000       0x34 build/obj/usb_lld.o