Archive member included because of file (symbol)

/home/david/toolchains/psas/x-tools/stm32f407/arm-psas-eabi/bin/../lib/gcc/arm-psas-eabi/4.7.2/../../../../arm-psas-eabi/lib/libc.a(lib_a-memset.o)
                              build/obj/usb.o (memset)
/home/david/toolchains/psas/x-tools/stm32f407/arm-psas-eabi/bin/../lib/gcc/arm-psas-eabi/4.7.2/../../../../arm-psas-eabi/lib/libc.a(lib_a-strcasecmp.o)
                              build/obj/shell.o (strcasecmp)
/home/david/toolchains/psas/x-tools/stm32f407/arm-psas-eabi/bin/../lib/gcc/arm-psas-eabi/4.7.2/../../../../arm-psas-eabi/lib/libc.a(lib_a-strpbrk.o)
                              build/obj/shell.o (strpbrk)
/home/david/toolchains/psas/x-tools/stm32f407/arm-psas-eabi/bin/../lib/gcc/arm-psas-eabi/4.7.2/../../../../arm-psas-eabi/lib/libc.a(lib_a-strspn.o)
                              build/obj/shell.o (strspn)
/home/david/toolchains/psas/x-tools/stm32f407/arm-psas-eabi/bin/../lib/gcc/arm-psas-eabi/4.7.2/../../../../arm-psas-eabi/lib/libc.a(lib_a-ctype_.o)
                              /home/david/toolchains/psas/x-tools/stm32f407/arm-psas-eabi/bin/../lib/gcc/arm-psas-eabi/4.7.2/../../../../arm-psas-eabi/lib/libc.a(lib_a-strcasecmp.o) (__ctype_ptr__)

Discarded input sections

 .text          0x0000000000000000        0x0 build/obj/crt0.o
 .data          0x0000000000000000        0x0 build/obj/crt0.o
 .bss           0x0000000000000000        0x0 build/obj/crt0.o
 .text.__early_init
                0x0000000000000000       0x10 build/obj/crt0.o
 .text          0x0000000000000000        0x0 build/obj/vectors.o
 .data          0x0000000000000000        0x0 build/obj/vectors.o
 .bss           0x0000000000000000        0x0 build/obj/vectors.o
 .text          0x0000000000000000        0x0 build/obj/chcore.o
 .data          0x0000000000000000        0x0 build/obj/chcore.o
 .bss           0x0000000000000000        0x0 build/obj/chcore.o
 .text          0x0000000000000000        0x0 build/obj/chcore_v7m.o
 .data          0x0000000000000000        0x0 build/obj/chcore_v7m.o
 .bss           0x0000000000000000        0x0 build/obj/chcore_v7m.o
 .text          0x0000000000000000        0x0 build/obj/nvic.o
 .data          0x0000000000000000        0x0 build/obj/nvic.o
 .bss           0x0000000000000000        0x0 build/obj/nvic.o
 .text.nvicDisableVector
                0x0000000000000000       0x40 build/obj/nvic.o
 .text          0x0000000000000000        0x0 build/obj/chsys.o
 .data          0x0000000000000000        0x0 build/obj/chsys.o
 .bss           0x0000000000000000        0x0 build/obj/chsys.o
 .text          0x0000000000000000        0x0 build/obj/chdebug.o
 .data          0x0000000000000000        0x0 build/obj/chdebug.o
 .bss           0x0000000000000000        0x0 build/obj/chdebug.o
 .text.dbg_check_disable
                0x0000000000000000       0x30 build/obj/chdebug.o
 .text.dbg_check_suspend
                0x0000000000000000       0x30 build/obj/chdebug.o
 .text          0x0000000000000000        0x0 build/obj/chlists.o
 .data          0x0000000000000000        0x0 build/obj/chlists.o
 .bss           0x0000000000000000        0x0 build/obj/chlists.o
 .debug_info    0x0000000000000000       0x72 build/obj/chlists.o
 .debug_abbrev  0x0000000000000000       0x26 build/obj/chlists.o
 .debug_aranges
                0x0000000000000000       0x18 build/obj/chlists.o
 .debug_line    0x0000000000000000       0x1d build/obj/chlists.o
 .debug_str     0x0000000000000000       0xf3 build/obj/chlists.o
 .comment       0x0000000000000000       0x34 build/obj/chlists.o
 .ARM.attributes
                0x0000000000000000       0x3b build/obj/chlists.o
 .text          0x0000000000000000        0x0 build/obj/chvt.o
 .data          0x0000000000000000        0x0 build/obj/chvt.o
 .bss           0x0000000000000000        0x0 build/obj/chvt.o
 .text.chTimeIsWithin
                0x0000000000000000       0x40 build/obj/chvt.o
 .text          0x0000000000000000        0x0 build/obj/chschd.o
 .data          0x0000000000000000        0x0 build/obj/chschd.o
 .bss           0x0000000000000000        0x0 build/obj/chschd.o
 .text          0x0000000000000000        0x0 build/obj/chthreads.o
 .data          0x0000000000000000        0x0 build/obj/chthreads.o
 .bss           0x0000000000000000        0x0 build/obj/chthreads.o
 .text.chThdSetPriority
                0x0000000000000000       0x50 build/obj/chthreads.o
 .text.chThdResume
                0x0000000000000000       0x40 build/obj/chthreads.o
 .text.chThdTerminate
                0x0000000000000000       0x30 build/obj/chthreads.o
 .text.chThdSleepUntil
                0x0000000000000000       0x30 build/obj/chthreads.o
 .text.chThdYield
                0x0000000000000000       0x30 build/obj/chthreads.o
 .text.chThdWait
                0x0000000000000000       0x80 build/obj/chthreads.o
 .text          0x0000000000000000        0x0 build/obj/chdynamic.o
[...]
Memory Configuration

Name             Origin             Length             Attributes
flash            0x0000000008000000 0x0000000000100000
ram              0x0000000020000000 0x000000000001c000
ethram           0x000000002001c000 0x0000000000004000
ccmram           0x0000000010000000 0x0000000000010000
*default*        0x0000000000000000 0xffffffffffffffff

Linker script and memory map

LOAD build/obj/crt0.o
LOAD build/obj/vectors.o
LOAD build/obj/chcore.o
LOAD build/obj/chcore_v7m.o
LOAD build/obj/nvic.o
LOAD build/obj/chsys.o
LOAD build/obj/chdebug.o
LOAD build/obj/chlists.o
LOAD build/obj/chvt.o
LOAD build/obj/chschd.o
LOAD build/obj/chthreads.o
LOAD build/obj/chdynamic.o
LOAD build/obj/chregistry.o
LOAD build/obj/chsem.o
LOAD build/obj/chmtx.o
LOAD build/obj/chcond.o
LOAD build/obj/chevents.o
LOAD build/obj/chmsg.o
LOAD build/obj/chmboxes.o
LOAD build/obj/chqueues.o
LOAD build/obj/chmemcore.o
LOAD build/obj/chheap.o
LOAD build/obj/chmempools.o
LOAD build/obj/hal.o
LOAD build/obj/adc.o
LOAD build/obj/can.o
LOAD build/obj/ext.o
LOAD build/obj/gpt.o
LOAD build/obj/i2c.o
LOAD build/obj/icu.o
LOAD build/obj/mac.o
LOAD build/obj/mmc_spi.o
LOAD build/obj/mmcsd.o
LOAD build/obj/pal.o
LOAD build/obj/pwm.o
LOAD build/obj/rtc.o
LOAD build/obj/sdc.o
LOAD build/obj/serial.o
LOAD build/obj/serial_usb.o
LOAD build/obj/spi.o
LOAD build/obj/tm.o
LOAD build/obj/uart.o
LOAD build/obj/usb.o
LOAD build/obj/stm32_dma.o
LOAD build/obj/hal_lld.o
LOAD build/obj/adc_lld.o
LOAD build/obj/ext_lld_isr.o
LOAD build/obj/can_lld.o
LOAD build/obj/ext_lld.o
LOAD build/obj/gpt_lld.o
LOAD build/obj/icu_lld.o
LOAD build/obj/mac_lld.o
LOAD build/obj/pwm_lld.o
LOAD build/obj/sdc_lld.o
LOAD build/obj/pal_lld.o
LOAD build/obj/i2c_lld.o
LOAD build/obj/usb_lld.o
LOAD build/obj/rtc_lld.o
LOAD build/obj/spi_lld.o
LOAD build/obj/serial_lld.o
LOAD build/obj/uart_lld.o
LOAD build/obj/board.o
LOAD build/obj/evtimer.o
LOAD build/obj/chprintf.o
LOAD build/obj/shell.o
LOAD build/obj/iwdg_lld.o
LOAD build/obj/ADIS16405.o
LOAD build/obj/MPL3115A2.o
LOAD build/obj/cmddetail.o
LOAD build/obj/extdetail.o
LOAD build/obj/usbdetail.o
LOAD build/obj/main.o
START GROUP
LOAD /home/david/toolchains/psas/x-tools/stm32f407/arm-psas-eabi/bin/../lib/gcc/arm-psas-eabi/4.7.2/libgcc.a
LOAD /home/david/toolchains/psas/x-tools/stm32f407/arm-psas-eabi/bin/../lib/gcc/arm-psas-eabi/4.7.2/../../../../arm-psas-eabi/lib/libc.a
END GROUP
                0x0000000000000400                __main_stack_size__ = 0x400
                0x0000000000000400                __process_stack_size__ = 0x400
                0x0000000020000000                __ram_start__ = ORIGIN (ram)
                0x000000000001c000                __ram_size__ = 0x1c000
                0x000000002001c000                __ram_end__ = (__ram_start__ + __ram_size__)
                0x0000000000000000                . = 0x0
                0x0000000000000000                _text = .

startup         0x0000000008000000      0x188
 *(vectors)
 vectors        0x0000000008000000      0x188 build/obj/vectors.o
                0x0000000008000000                _vectors

constructors    0x0000000008000188        0x0
                0x0000000008000188                PROVIDE (__init_array_start, .)
 *(SORT(.init_array.*))
 *(.init_array)
                0x0000000008000188                PROVIDE (__init_array_end, .)

destructors     0x0000000008000188        0x0
                0x0000000008000188                PROVIDE (__fini_array_start, .)
 *(.fini_array)
 *(SORT(.fini_array.*))
                0x0000000008000188                PROVIDE (__fini_array_end, .)

.text           0x0000000008000190     0x6234
 *(.text.startup.*)
 .text.startup.main
                0x0000000008000190      0x140 build/obj/main.o
                0x0000000008000190                main
 *(.text)
 .text          0x00000000080002d0       0x10 /home/david/toolchains/psas/x-tools/stm32f407/arm-psas-eabi/bin/../lib/gcc/arm-psas-eabi/4.7.2/../../../../arm-psas-eabi/lib/libc.a(lib_a-memset.o)
                0x00000000080002d0                memset
 .text          0x00000000080002e0       0x3c /home/david/toolchains/psas/x-tools/stm32f407/arm-psas-eabi/bin/../lib/gcc/arm-psas-eabi/4.7.2/../../../../arm-psas-eabi/lib/libc.a(lib_a-strcasecmp.o)
                0x00000000080002e0                strcasecmp
 *fill*         0x000000000800031c        0x4 00
 .text          0x0000000008000320       0x32 /home/david/toolchains/psas/x-tools/stm32f407/arm-psas-eabi/bin/../lib/gcc/arm-psas-eabi/4.7.2/../../../../arm-psas-eabi/lib/libc.a(lib_a-strpbrk.o)
                0x0000000008000320                strpbrk
 *fill*         0x0000000008000352        0xe 00
 .text          0x0000000008000360       0x24 /home/david/toolchains/psas/x-tools/stm32f407/arm-psas-eabi/bin/../lib/gcc/arm-psas-eabi/4.7.2/../../../../arm-psas-eabi/lib/libc.a(lib_a-strspn.o)
                0x0000000008000360                strspn
 *(.text.*)
 *fill*         0x0000000008000384        0xc 00
 .text.__late_init
                0x0000000008000390       0x10 build/obj/crt0.o
                0x0000000008000390                __late_init
 .text._default_exit
                0x00000000080003a0       0x10 build/obj/crt0.o
                0x00000000080003a0                _default_exit
 .text.ResetHandler
                0x00000000080003b0      0x120 build/obj/crt0.o
                0x00000000080003b0                ResetHandler
 .text._unhandled_exception
                0x00000000080004d0       0x10 build/obj/vectors.o
                0x00000000080004d0                VectorAC
                0x00000000080004d0                NMIVector
                0x00000000080004d0                Vector11C
                0x00000000080004d0                Vector8C
                0x00000000080004d0                VectorDC
                0x00000000080004d0                Vector168
                0x00000000080004d0                Vector110
                0x00000000080004d0                Vector94
                0x00000000080004d0                VectorA8
                0x00000000080004d0                VectorB4
                0x00000000080004d0                Vector160
                0x00000000080004d0                VectorEC
                0x00000000080004d0                UsageFaultVector
                0x00000000080004d0                DebugMonitorVector
                0x00000000080004d0                Vector40
                0x00000000080004d0                VectorF8
                0x00000000080004d0                Vector108
                0x00000000080004d0                VectorBC
                0x00000000080004d0                Vector148
                0x00000000080004d0                PendSVVector
                0x00000000080004d0                Vector118
                0x00000000080004d0                VectorCC
                0x00000000080004d0                Vector54
                0x00000000080004d0                Vector98
                0x00000000080004d0                VectorD8
                0x00000000080004d0                Vector24
                0x00000000080004d0                Vector178
                0x00000000080004d0                BusFaultVector
                0x00000000080004d0                VectorD0
                0x00000000080004d0                Vector140
                0x00000000080004d0                VectorE4
                0x00000000080004d0                VectorC0
                0x00000000080004d0                HardFaultVector
                0x00000000080004d0                Vector134
                0x00000000080004d0                VectorF0
                0x00000000080004d0                Vector13C
                0x00000000080004d0                Vector100
                0x00000000080004d0                VectorF4
                0x00000000080004d0                MemManageVector
                0x00000000080004d0                VectorA0
                0x00000000080004d0                Vector180
                0x00000000080004d0                VectorB0
                0x00000000080004d0                Vector90
                0x00000000080004d0                Vector114
                0x00000000080004d0                Vector164
                0x00000000080004d0                Vector1C
                0x00000000080004d0                Vector17C
                0x00000000080004d0                Vector48
                0x00000000080004d0                Vector16C
                0x00000000080004d0                VectorD4
                0x00000000080004d0                Vector144
                0x00000000080004d0                _unhandled_exception
                0x00000000080004d0                Vector88
                0x00000000080004d0                Vector104
                0x00000000080004d0                Vector184
                0x00000000080004d0                Vector10C
                0x00000000080004d0                Vector50
                0x00000000080004d0                Vector28
                0x00000000080004d0                VectorB8
                0x00000000080004d0                Vector34
                0x00000000080004d0                VectorA4
                0x00000000080004d0                Vector20
                0x00000000080004d0                Vector174
 .text.port_halt
                0x00000000080004e0       0x10 build/obj/chcore.o
                0x00000000080004e0                port_halt
 .text._port_switch_from_isr
                0x00000000080004f0       0x10 build/obj/chcore_v7m.o
                0x00000000080004f0                _port_switch_from_isr
 .text.SVCallVector
                0x0000000008000500       0x20 build/obj/chcore_v7m.o
                0x0000000008000500                SVCallVector
 .text._port_init
                0x0000000008000520       0x40 build/obj/chcore_v7m.o
                0x0000000008000520                _port_init
 .text._port_irq_epilogue
                0x0000000008000560       0x80 build/obj/chcore_v7m.o
                0x0000000008000560                _port_irq_epilogue
 .text.SysTickVector
                0x00000000080005e0       0x30 build/obj/chcore_v7m.o
                0x00000000080005e0                SysTickVector
 .text._port_switch
                0x0000000008000610       0x10 build/obj/chcore_v7m.o
                0x0000000008000610                _port_switch
 .text._port_thread_start
                0x0000000008000620       0x20 build/obj/chcore_v7m.o
                0x0000000008000620                _port_thread_start
 .text.nvicEnableVector
                0x0000000008000640       0x50 build/obj/nvic.o
                0x0000000008000640                nvicEnableVector
 .text.nvicSetSystemHandlerPriority
                0x0000000008000690       0x30 build/obj/nvic.o
                0x0000000008000690                nvicSetSystemHandlerPriority
 .text._idle_thread
                0x00000000080006c0       0x20 build/obj/chsys.o
                0x00000000080006c0                _idle_thread
 .text.chSysInit
                0x00000000080006e0       0x80 build/obj/chsys.o
                0x00000000080006e0                chSysInit
 .text.chSysTimerHandlerI
                0x0000000008000760       0x70 build/obj/chsys.o
                0x0000000008000760                chSysTimerHandlerI
 .text.dbg_check_enable
                0x00000000080007d0       0x30 build/obj/chdebug.o
                0x00000000080007d0                dbg_check_enable
 .text.dbg_check_lock
                0x0000000008000800       0x30 build/obj/chdebug.o
                0x0000000008000800                dbg_check_lock
 .text.dbg_check_unlock
                0x0000000008000830       0x40 build/obj/chdebug.o
                0x0000000008000830                dbg_check_unlock
 .text.dbg_check_lock_from_isr
                0x0000000008000870       0x30 build/obj/chdebug.o
                0x0000000008000870                dbg_check_lock_from_isr
 .text.dbg_check_unlock_from_isr
                0x00000000080008a0       0x40 build/obj/chdebug.o
                0x00000000080008a0                dbg_check_unlock_from_isr
 .text.dbg_check_enter_isr
                0x00000000080008e0       0x40 build/obj/chdebug.o
                0x00000000080008e0                dbg_check_enter_isr
 .text.dbg_check_leave_isr
                0x0000000008000920       0x40 build/obj/chdebug.o
                0x0000000008000920                dbg_check_leave_isr
 .text.chDbgCheckClassI
                0x0000000008000960       0x30 build/obj/chdebug.o
                0x0000000008000960                chDbgCheckClassI
 .text.chDbgCheckClassS
                0x0000000008000990       0x30 build/obj/chdebug.o
                0x0000000008000990                chDbgCheckClassS
 .text._trace_init
                0x00000000080009c0       0x20 build/obj/chdebug.o
                0x00000000080009c0                _trace_init
 .text.dbg_trace
                0x00000000080009e0       0x40 build/obj/chdebug.o
                0x00000000080009e0                dbg_trace
 .text.chDbgPanic
                0x0000000008000a20       0x10 build/obj/chdebug.o
                0x0000000008000a20                chDbgPanic
 .text._vt_init
                0x0000000008000a30       0x20 build/obj/chvt.o
                0x0000000008000a30                _vt_init
 .text.chVTSetI
                0x0000000008000a50       0x60 build/obj/chvt.o
                0x0000000008000a50                chVTSetI
 .text.chVTResetI
                0x0000000008000ab0       0x50 build/obj/chvt.o
                0x0000000008000ab0                chVTResetI
 .text._scheduler_init
                0x0000000008000b00       0x20 build/obj/chschd.o
                0x0000000008000b00                _scheduler_init
 .text.chSchReadyI
                0x0000000008000b20       0x50 build/obj/chschd.o
                0x0000000008000b20                chSchReadyI
 .text.wakeup   0x0000000008000b70       0x60 build/obj/chschd.o
 .text.chSchGoSleepS
                0x0000000008000bd0       0x50 build/obj/chschd.o
                0x0000000008000bd0                chSchGoSleepS
 .text.chSchGoSleepTimeoutS
                0x0000000008000c20       0x50 build/obj/chschd.o
                0x0000000008000c20                chSchGoSleepTimeoutS
 .text.chSchWakeupS
                0x0000000008000c70       0x60 build/obj/chschd.o
                0x0000000008000c70                chSchWakeupS
 .text.chSchDoRescheduleBehind
                0x0000000008000cd0       0x50 build/obj/chschd.o
                0x0000000008000cd0                chSchDoRescheduleBehind
 .text.chSchDoRescheduleAhead
                0x0000000008000d20       0x60 build/obj/chschd.o
                0x0000000008000d20                chSchDoRescheduleAhead
 .text.chSchRescheduleS
                0x0000000008000d80       0x30 build/obj/chschd.o
                0x0000000008000d80                chSchRescheduleS
 .text.chSchDoReschedule
                0x0000000008000db0       0x20 build/obj/chschd.o
                0x0000000008000db0                chSchDoReschedule
 .text._thread_init
                0x0000000008000dd0       0x60 build/obj/chthreads.o
                0x0000000008000dd0                _thread_init
 .text._thread_memfill
                0x0000000008000e30       0x10 build/obj/chthreads.o
                0x0000000008000e30                _thread_memfill
 .text.chThdCreateI
                0x0000000008000e40       0xb0 build/obj/chthreads.o
                0x0000000008000e40                chThdCreateI
 .text.chThdCreateStatic
                0x0000000008000ef0       0x70 build/obj/chthreads.o
                0x0000000008000ef0                chThdCreateStatic
 .text.chThdSleep
                0x0000000008000f60       0x30 build/obj/chthreads.o
                0x0000000008000f60                chThdSleep
 .text.chThdExitS
                0x0000000008000f90       0x50 build/obj/chthreads.o
                0x0000000008000f90                chThdExitS
 .text.chThdExit
                0x0000000008000fe0       0x20 build/obj/chthreads.o
                0x0000000008000fe0                chThdExit
 .text.chThdRelease
                0x0000000008001000       0x80 build/obj/chdynamic.o
                0x0000000008001000                chThdRelease
 .text.chThdCreateFromHeap
                0x0000000008001080       0x70 build/obj/chdynamic.o
                0x0000000008001080                chThdCreateFromHeap
 .text.chRegFirstThread
                0x00000000080010f0       0x30 build/obj/chregistry.o
                0x00000000080010f0                chRegFirstThread
 .text.chRegNextThread
                0x0000000008001120       0x50 build/obj/chregistry.o
                0x0000000008001120                chRegNextThread
 .text.chMtxInit
                0x0000000008001170       0x20 build/obj/chmtx.o
                0x0000000008001170                chMtxInit
 .text.chMtxLockS
                0x0000000008001190      0x100 build/obj/chmtx.o
                0x0000000008001190                chMtxLockS
 .text.chMtxLock
                0x0000000008001290       0x20 build/obj/chmtx.o
                0x0000000008001290                chMtxLock
 .text.chMtxUnlock
                0x00000000080012b0       0x90 build/obj/chmtx.o
                0x00000000080012b0                chMtxUnlock
 .text.chEvtRegisterMask
                0x0000000008001340       0x50 build/obj/chevents.o
                0x0000000008001340                chEvtRegisterMask
 .text.chEvtSignalI
                0x0000000008001390       0x50 build/obj/chevents.o
                0x0000000008001390                chEvtSignalI
 .text.chEvtBroadcastFlagsI
                0x00000000080013e0       0x40 build/obj/chevents.o
                0x00000000080013e0                chEvtBroadcastFlagsI
 .text.chEvtDispatch
                0x0000000008001420       0x50 build/obj/chevents.o
                0x0000000008001420                chEvtDispatch
 .text.chEvtWaitOneTimeout
                0x0000000008001470       0x60 build/obj/chevents.o
                0x0000000008001470                chEvtWaitOneTimeout
 .text.qwait    0x00000000080014d0       0x30 build/obj/chqueues.o
 .text.chIQInit
                0x0000000008001500       0x20 build/obj/chqueues.o
                0x0000000008001500                chIQInit
 .text.chIQResetI
                0x0000000008001520       0x30 build/obj/chqueues.o
                0x0000000008001520                chIQResetI
 .text.chIQPutI
                0x0000000008001550       0x50 build/obj/chqueues.o
                0x0000000008001550                chIQPutI
 .text.chIQGetTimeout
                0x00000000080015a0       0x60 build/obj/chqueues.o
                0x00000000080015a0                chIQGetTimeout
 .text.chIQReadTimeout
                0x0000000008001600       0xa0 build/obj/chqueues.o
                0x0000000008001600                chIQReadTimeout
 .text.chOQInit
                0x00000000080016a0       0x20 build/obj/chqueues.o
                0x00000000080016a0                chOQInit
 .text.chOQResetI
                0x00000000080016c0       0x40 build/obj/chqueues.o
                0x00000000080016c0                chOQResetI
 .text.chOQPutTimeout
                0x0000000008001700       0x70 build/obj/chqueues.o
                0x0000000008001700                chOQPutTimeout
 .text.chOQGetI
                0x0000000008001770       0x50 build/obj/chqueues.o
                0x0000000008001770                chOQGetI
 .text.chOQWriteTimeout
                0x00000000080017c0       0xa0 build/obj/chqueues.o
                0x00000000080017c0                chOQWriteTimeout
 .text._core_init
                0x0000000008001860       0x30 build/obj/chmemcore.o
                0x0000000008001860                _core_init
 .text.chCoreAllocI
                0x0000000008001890       0x30 build/obj/chmemcore.o
                0x0000000008001890                chCoreAllocI
 .text.chCoreAlloc
                0x00000000080018c0       0x30 build/obj/chmemcore.o
                0x00000000080018c0                chCoreAlloc
 .text.chCoreStatus
                0x00000000080018f0       0x20 build/obj/chmemcore.o
                0x00000000080018f0                chCoreStatus
 .text._heap_init
                0x0000000008001910       0x20 build/obj/chheap.o
                0x0000000008001910                _heap_init
 .text.chHeapAlloc
                0x0000000008001930       0x90 build/obj/chheap.o
                0x0000000008001930                chHeapAlloc
 .text.chHeapFree
                0x00000000080019c0       0xb0 build/obj/chheap.o
                0x00000000080019c0                chHeapFree
 .text.chHeapStatus
                0x0000000008001a70       0x40 build/obj/chheap.o
                0x0000000008001a70                chHeapStatus
 .text.chPoolFreeI
                0x0000000008001ab0       0x30 build/obj/chmempools.o
                0x0000000008001ab0                chPoolFreeI
 .text.chPoolFree
                0x0000000008001ae0       0x30 build/obj/chmempools.o
                0x0000000008001ae0                chPoolFree
 .text.halInit  0x0000000008001b10       0x40 build/obj/hal.o
                0x0000000008001b10                halInit
 .text.halPolledDelay
                0x0000000008001b50       0x50 build/obj/hal.o
                0x0000000008001b50                halPolledDelay
 .text.extInit  0x0000000008001ba0       0x10 build/obj/ext.o
                0x0000000008001ba0                extInit
 .text.extObjectInit
                0x0000000008001bb0       0x10 build/obj/ext.o
                0x0000000008001bb0                extObjectInit
 .text.i2cInit  0x0000000008001bc0       0x10 build/obj/i2c.o
                0x0000000008001bc0                i2cInit
 .text.i2cObjectInit
                0x0000000008001bd0       0x10 build/obj/i2c.o
                0x0000000008001bd0                i2cObjectInit
 .text.i2cStart
                0x0000000008001be0       0x60 build/obj/i2c.o
                0x0000000008001be0                i2cStart
 .text.readt    0x0000000008001c40       0x10 build/obj/serial.o
 .text.read     0x0000000008001c50       0x10 build/obj/serial.o
 .text.writet   0x0000000008001c60       0x10 build/obj/serial.o
 .text.write    0x0000000008001c70       0x10 build/obj/serial.o
 .text.gett     0x0000000008001c80       0x10 build/obj/serial.o
 .text.get      0x0000000008001c90       0x10 build/obj/serial.o
 .text.putt     0x0000000008001ca0       0x10 build/obj/serial.o
 .text.put      0x0000000008001cb0       0x10 build/obj/serial.o
 .text.sdInit   0x0000000008001cc0       0x10 build/obj/serial.o
                0x0000000008001cc0                sdInit
 .text.sdObjectInit
                0x0000000008001cd0       0x50 build/obj/serial.o
                0x0000000008001cd0                sdObjectInit
 .text.sdIncomingDataI
                0x0000000008001d20       0x50 build/obj/serial.o
                0x0000000008001d20                sdIncomingDataI
 .text.onotify  0x0000000008001d70       0x60 build/obj/serial_usb.o
 .text.inotify  0x0000000008001dd0       0x70 build/obj/serial_usb.o
 .text.readt    0x0000000008001e40       0x10 build/obj/serial_usb.o
 .text.read     0x0000000008001e50       0x10 build/obj/serial_usb.o
 .text.writet   0x0000000008001e60       0x10 build/obj/serial_usb.o
 .text.write    0x0000000008001e70       0x10 build/obj/serial_usb.o
 .text.gett     0x0000000008001e80       0x10 build/obj/serial_usb.o
 .text.get      0x0000000008001e90       0x10 build/obj/serial_usb.o
 .text.putt     0x0000000008001ea0       0x10 build/obj/serial_usb.o
 .text.put      0x0000000008001eb0       0x10 build/obj/serial_usb.o
 .text.sduInit  0x0000000008001ec0       0x10 build/obj/serial_usb.o
                0x0000000008001ec0                sduInit
 .text.sduObjectInit
                0x0000000008001ed0       0x60 build/obj/serial_usb.o
                0x0000000008001ed0                sduObjectInit
 .text.sduStart
                0x0000000008001f30       0x50 build/obj/serial_usb.o
                0x0000000008001f30                sduStart
 .text.sduConfigureHookI
                0x0000000008001f80       0x40 build/obj/serial_usb.o
                0x0000000008001f80                sduConfigureHookI
 .text.sduRequestsHook
                0x0000000008001fc0       0x40 build/obj/serial_usb.o
                0x0000000008001fc0                sduRequestsHook
 .text.sduDataTransmitted
                0x0000000008002000       0x80 build/obj/serial_usb.o
                0x0000000008002000                sduDataTransmitted
 .text.sduDataReceived
                0x0000000008002080       0x70 build/obj/serial_usb.o
                0x0000000008002080                sduDataReceived
 .text.sduInterruptTransmitted
                0x00000000080020f0       0x10 build/obj/serial_usb.o
                0x00000000080020f0                sduInterruptTransmitted
 .text.spiInit  0x0000000008002100       0x10 build/obj/spi.o
                0x0000000008002100                spiInit
 .text.spiObjectInit
                0x0000000008002110       0x10 build/obj/spi.o
                0x0000000008002110                spiObjectInit
 .text.tm_start
                0x0000000008002120       0x10 build/obj/tm.o
 .text.tm_stop  0x0000000008002130       0x40 build/obj/tm.o
 .text.tmInit   0x0000000008002170       0x50 build/obj/tm.o
                0x0000000008002170                tmInit
 .text.usbInit  0x00000000080021c0       0x10 build/obj/usb.o
                0x00000000080021c0                usbInit
 .text.usbObjectInit
                0x00000000080021d0       0x10 build/obj/usb.o
                0x00000000080021d0                usbObjectInit
 .text.usbStart
                0x00000000080021e0       0x60 build/obj/usb.o
                0x00000000080021e0                usbStart
 .text.usbInitEndpointI
                0x0000000008002240       0x70 build/obj/usb.o
                0x0000000008002240                usbInitEndpointI
 .text.usbPrepareReceive
                0x00000000080022b0       0x20 build/obj/usb.o
                0x00000000080022b0                usbPrepareReceive
 .text.usbPrepareTransmit
                0x00000000080022d0       0x20 build/obj/usb.o
                0x00000000080022d0                usbPrepareTransmit
 .text.usbPrepareQueuedReceive
                0x00000000080022f0       0x20 build/obj/usb.o
                0x00000000080022f0                usbPrepareQueuedReceive
 .text.usbPrepareQueuedTransmit
                0x0000000008002310       0x20 build/obj/usb.o
                0x0000000008002310                usbPrepareQueuedTransmit
 .text.usbStartReceiveI
                0x0000000008002330       0x40 build/obj/usb.o
                0x0000000008002330                usbStartReceiveI
 .text.usbStartTransmitI
                0x0000000008002370       0x40 build/obj/usb.o
                0x0000000008002370                usbStartTransmitI
 .text._usb_reset
                0x00000000080023b0       0x30 build/obj/usb.o
                0x00000000080023b0                _usb_reset
 .text._usb_ep0setup
                0x00000000080023e0      0x340 build/obj/usb.o
                0x00000000080023e0                _usb_ep0setup
 .text._usb_ep0in
                0x0000000008002720       0xc0 build/obj/usb.o
                0x0000000008002720                _usb_ep0in
 .text._usb_ep0out
                0x00000000080027e0       0x80 build/obj/usb.o
                0x00000000080027e0                _usb_ep0out
 .text.Vector6C
                0x0000000008002860       0x40 build/obj/stm32_dma.o
                0x0000000008002860                Vector6C
 .text.Vector70
                0x00000000080028a0       0x40 build/obj/stm32_dma.o
                0x00000000080028a0                Vector70
 .text.Vector74
                0x00000000080028e0       0x40 build/obj/stm32_dma.o
                0x00000000080028e0                Vector74
 .text.Vector78
                0x0000000008002920       0x40 build/obj/stm32_dma.o
                0x0000000008002920                Vector78
 .text.Vector7C
                0x0000000008002960       0x40 build/obj/stm32_dma.o
                0x0000000008002960                Vector7C
 .text.Vector80
                0x00000000080029a0       0x40 build/obj/stm32_dma.o
                0x00000000080029a0                Vector80
 .text.Vector84
                0x00000000080029e0       0x40 build/obj/stm32_dma.o
                0x00000000080029e0                Vector84
 .text.VectorFC
                0x0000000008002a20       0x40 build/obj/stm32_dma.o
                0x0000000008002a20                VectorFC
 .text.Vector120
                0x0000000008002a60       0x40 build/obj/stm32_dma.o
                0x0000000008002a60                Vector120
 .text.Vector124
                0x0000000008002aa0       0x40 build/obj/stm32_dma.o
                0x0000000008002aa0                Vector124
 .text.Vector128
                0x0000000008002ae0       0x40 build/obj/stm32_dma.o
                0x0000000008002ae0                Vector128
 .text.Vector12C
                0x0000000008002b20       0x40 build/obj/stm32_dma.o
                0x0000000008002b20                Vector12C
 .text.Vector130
                0x0000000008002b60       0x40 build/obj/stm32_dma.o
                0x0000000008002b60                Vector130
 .text.Vector150
                0x0000000008002ba0       0x40 build/obj/stm32_dma.o
                0x0000000008002ba0                Vector150
 .text.Vector154
                0x0000000008002be0       0x40 build/obj/stm32_dma.o
                0x0000000008002be0                Vector154
 .text.Vector158
                0x0000000008002c20       0x40 build/obj/stm32_dma.o
                0x0000000008002c20                Vector158
 .text.dmaInit  0x0000000008002c60       0x50 build/obj/stm32_dma.o
                0x0000000008002c60                dmaInit
 .text.dmaStreamAllocate
                0x0000000008002cb0       0xc0 build/obj/stm32_dma.o
                0x0000000008002cb0                dmaStreamAllocate
 .text.hal_lld_init
                0x0000000008002d70       0xd0 build/obj/hal_lld.o
                0x0000000008002d70                hal_lld_init
 .text.stm32_clock_init
                0x0000000008002e40       0xe0 build/obj/hal_lld.o
                0x0000000008002e40                stm32_clock_init
 .text.Vector58
                0x0000000008002f20       0x30 build/obj/ext_lld_isr.o
                0x0000000008002f20                Vector58
 .text.Vector5C
                0x0000000008002f50       0x30 build/obj/ext_lld_isr.o
                0x0000000008002f50                Vector5C
 .text.Vector60
                0x0000000008002f80       0x30 build/obj/ext_lld_isr.o
                0x0000000008002f80                Vector60
 .text.Vector64
                0x0000000008002fb0       0x30 build/obj/ext_lld_isr.o
                0x0000000008002fb0                Vector64
 .text.Vector68
                0x0000000008002fe0       0x30 build/obj/ext_lld_isr.o
                0x0000000008002fe0                Vector68
 .text.Vector9C
                0x0000000008003010       0x80 build/obj/ext_lld_isr.o
                0x0000000008003010                Vector9C
 .text.VectorE0
                0x0000000008003090       0x90 build/obj/ext_lld_isr.o
                0x0000000008003090                VectorE0
 .text.Vector44
                0x0000000008003120       0x40 build/obj/ext_lld_isr.o
                0x0000000008003120                Vector44
 .text.VectorE8
                0x0000000008003160       0x40 build/obj/ext_lld_isr.o
                0x0000000008003160                VectorE8
 .text.Vector138
                0x00000000080031a0       0x40 build/obj/ext_lld_isr.o
                0x00000000080031a0                Vector138
 .text.Vector170
                0x00000000080031e0       0x40 build/obj/ext_lld_isr.o
                0x00000000080031e0                Vector170
 .text.Vector4C
                0x0000000008003220       0x40 build/obj/ext_lld_isr.o
                0x0000000008003220                Vector4C
 .text.ext_lld_init
                0x0000000008003260       0x10 build/obj/ext_lld.o
                0x0000000008003260                ext_lld_init
 .text._pal_lld_init
                0x0000000008003270      0x1b0 build/obj/pal_lld.o
                0x0000000008003270                _pal_lld_init
 .text._pal_lld_setgroupmode
                0x0000000008003420       0xd0 build/obj/pal_lld.o
                0x0000000008003420                _pal_lld_setgroupmode
 .text.i2c_lld_serve_tx_end_irq
                0x00000000080034f0       0x40 build/obj/i2c_lld.o
 .text.i2c_lld_serve_rx_end_irq
                0x0000000008003530       0x80 build/obj/i2c_lld.o
 .text.VectorC4
                0x00000000080035b0      0x110 build/obj/i2c_lld.o
                0x00000000080035b0                VectorC4
 .text.VectorC8
                0x00000000080036c0      0x170 build/obj/i2c_lld.o
                0x00000000080036c0                VectorC8
 .text.i2c_lld_init
                0x0000000008003830       0x30 build/obj/i2c_lld.o
                0x0000000008003830                i2c_lld_init
 .text.i2c_lld_start
                0x0000000008003860      0x2b0 build/obj/i2c_lld.o
                0x0000000008003860                i2c_lld_start
 .text.otg_disable_ep
                0x0000000008003b10       0x90 build/obj/usb_lld.o
 .text.otg_epout_handler
                0x0000000008003ba0       0x60 build/obj/usb_lld.o
 .text.otg_txfifo_flush
                0x0000000008003c00       0x20 build/obj/usb_lld.o
 .text.usb_lld_pump
                0x0000000008003c20      0x3c0 build/obj/usb_lld.o
 .text.otg_epin_handler
                0x0000000008003fe0       0x90 build/obj/usb_lld.o
 .text.Vector14C
                0x0000000008004070      0x110 build/obj/usb_lld.o
                0x0000000008004070                Vector14C
 .text.usb_lld_init
                0x0000000008004180       0x50 build/obj/usb_lld.o
                0x0000000008004180                usb_lld_init
 .text.usb_lld_start
                0x00000000080041d0       0xe0 build/obj/usb_lld.o
                0x00000000080041d0                usb_lld_start
 .text.usb_lld_reset
                0x00000000080042b0       0xe0 build/obj/usb_lld.o
                0x00000000080042b0                usb_lld_reset
 .text.usb_lld_set_address
                0x0000000008004390       0x20 build/obj/usb_lld.o
                0x0000000008004390                usb_lld_set_address
 .text.usb_lld_init_endpoint
                0x00000000080043b0      0x160 build/obj/usb_lld.o
                0x00000000080043b0                usb_lld_init_endpoint
 .text.usb_lld_get_status_out
                0x0000000008004510       0x20 build/obj/usb_lld.o
                0x0000000008004510                usb_lld_get_status_out
 .text.usb_lld_get_status_in
                0x0000000008004530       0x20 build/obj/usb_lld.o
                0x0000000008004530                usb_lld_get_status_in
 .text.usb_lld_read_setup
                0x0000000008004550       0x20 build/obj/usb_lld.o
                0x0000000008004550                usb_lld_read_setup
 .text.usb_lld_prepare_receive
                0x0000000008004570       0x30 build/obj/usb_lld.o
                0x0000000008004570                usb_lld_prepare_receive
 .text.usb_lld_prepare_transmit
                0x00000000080045a0       0x40 build/obj/usb_lld.o
                0x00000000080045a0                usb_lld_prepare_transmit
 .text.usb_lld_start_out
                0x00000000080045e0       0x10 build/obj/usb_lld.o
                0x00000000080045e0                usb_lld_start_out
 .text.usb_lld_start_in
                0x00000000080045f0       0x30 build/obj/usb_lld.o
                0x00000000080045f0                usb_lld_start_in
 .text.usb_lld_stall_out
                0x0000000008004620       0x10 build/obj/usb_lld.o
                0x0000000008004620                usb_lld_stall_out
 .text.usb_lld_stall_in
                0x0000000008004630       0x10 build/obj/usb_lld.o
                0x0000000008004630                usb_lld_stall_in
 .text.usb_lld_clear_out
                0x0000000008004640       0x10 build/obj/usb_lld.o
                0x0000000008004640                usb_lld_clear_out
 .text.usb_lld_clear_in
                0x0000000008004650       0x10 build/obj/usb_lld.o
                0x0000000008004650                usb_lld_clear_in
 .text.spi_lld_init
                0x0000000008004660       0x50 build/obj/spi_lld.o
                0x0000000008004660                spi_lld_init
 .text.notify6  0x00000000080046b0       0x20 build/obj/serial_lld.o
 .text.Vector15C
                0x00000000080046d0      0x170 build/obj/serial_lld.o
                0x00000000080046d0                Vector15C
 .text.sd_lld_init
                0x0000000008004840       0x30 build/obj/serial_lld.o
                0x0000000008004840                sd_lld_init
 .text.__early_init
                0x0000000008004870       0x10 build/obj/board.o
                0x0000000008004870                __early_init
 .text.boardInit
                0x0000000008004880       0x10 build/obj/board.o
                0x0000000008004880                boardInit
 .text.long_to_string_with_divisor.constprop.0
                0x0000000008004890       0x50 build/obj/chprintf.o
 .text.chprintf
                0x00000000080048e0      0x2d0 build/obj/chprintf.o
                0x00000000080048e0                chprintf
 .text._strtok.constprop.2
                0x0000000008004bb0       0x40 build/obj/shell.o
 .text.cmd_systime
                0x0000000008004bf0       0x30 build/obj/shell.o
 .text.cmd_info
                0x0000000008004c20       0xc0 build/obj/shell.o
 .text.shellInit
                0x0000000008004ce0       0x10 build/obj/shell.o
                0x0000000008004ce0                shellInit
 .text.shellCreate
                0x0000000008004cf0       0x20 build/obj/shell.o
                0x0000000008004cf0                shellCreate
 .text.shellGetLine
                0x0000000008004d10       0xa0 build/obj/shell.o
                0x0000000008004d10                shellGetLine
 .text.shell_thread
                0x0000000008004db0      0x1c0 build/obj/shell.o
 .text.iwdg_lld_init
                0x0000000008004f70       0x30 build/obj/iwdg_lld.o
                0x0000000008004f70                iwdg_lld_init
 .text.iwdg_lld_reload
                0x0000000008004fa0       0x30 build/obj/iwdg_lld.o
                0x0000000008004fa0                iwdg_lld_reload
 .text.iwdg_lld_set_prescale
                0x0000000008004fd0       0x30 build/obj/iwdg_lld.o
                0x0000000008004fd0                iwdg_lld_set_prescale
 .text.iwdg_begin
                0x0000000008005000       0x30 build/obj/iwdg_lld.o
                0x0000000008005000                iwdg_begin
 .text.cmd_mem  0x0000000008005030       0x60 build/obj/cmddetail.o
                0x0000000008005030                cmd_mem
 .text.cmd_threads
                0x0000000008005090       0x70 build/obj/cmddetail.o
                0x0000000008005090                cmd_threads
 .text.extdetail_init
                0x0000000008005100       0x10 build/obj/extdetail.o
                0x0000000008005100                extdetail_init
 .text.extdetail_WKUP_button_handler
                0x0000000008005110       0x40 build/obj/extdetail.o
                0x0000000008005110                extdetail_WKUP_button_handler
 .text.get_descriptor
                0x0000000008005150       0x40 build/obj/usbdetail.o
                0x0000000008005150                get_descriptor
 .text.usb_event
                0x0000000008005190       0x50 build/obj/usbdetail.o
                0x0000000008005190                usb_event
 .text.Thread_blinker
                0x00000000080051e0       0x30 build/obj/main.o
 .text.Thread_indwatchdog
                0x0000000008005210       0x20 build/obj/main.o
 *(.rodata)
 .rodata        0x0000000008005230      0x101 /home/david/toolchains/psas/x-tools/stm32f407/arm-psas-eabi/bin/../lib/gcc/arm-psas-eabi/4.7.2/../../../../arm-psas-eabi/lib/libc.a(lib_a-ctype_.o)
                0x0000000008005230                _ctype_
 *(.rodata.*)
 *fill*         0x0000000008005331        0xf 00
 .rodata.str1.4
                0x0000000008005340        0x5 build/obj/chsys.o
                                          0x8 (size before relaxing)
 *fill*         0x0000000008005345        0xb 00
 .rodata.str1.4
                0x0000000008005350       0x56 build/obj/chdebug.o
                                         0x58 (size before relaxing)
 *fill*         0x00000000080053a6        0xa 00
 .rodata.str1.4
                0x00000000080053b0       0x31 build/obj/chvt.o
                                         0x34 (size before relaxing)
 *fill*         0x00000000080053e1        0xf 00
 .rodata.str1.4
                0x00000000080053f0       0x23 build/obj/chschd.o
                                         0x24 (size before relaxing)
 *fill*         0x0000000008005413        0xd 00
 .rodata.str1.4
                0x0000000008005420       0x94 build/obj/chthreads.o
 *fill*         0x00000000080054b4        0xc 00
 .rodata.str1.4
                0x00000000080054c0       0x46 build/obj/chdynamic.o
                                         0x48 (size before relaxing)
 *fill*         0x0000000008005506        0xa 00
 .rodata.ch_debug
                0x0000000008005510       0x18 build/obj/chregistry.o
                0x0000000008005510                ch_debug
 *fill*         0x0000000008005528        0x8 00
 .rodata.str1.4
                0x0000000008005530       0x16 build/obj/chregistry.o
                                         0x18 (size before relaxing)
 *fill*         0x0000000008005546        0xa 00
 .rodata.str1.4
                0x0000000008005550       0xab build/obj/chmtx.o
                                         0xac (size before relaxing)
 *fill*         0x00000000080055fb        0x5 00
 .rodata.str1.4
                0x0000000008005600       0x90 build/obj/chevents.o
 .rodata.str1.4
                0x0000000008005690       0x29 build/obj/chqueues.o
                                         0x2c (size before relaxing)
 *fill*         0x00000000080056b9        0x7 00
 .rodata.str1.4
                0x00000000080056c0       0x31 build/obj/chheap.o
                                         0x34 (size before relaxing)
 *fill*         0x00000000080056f1        0xf 00
 .rodata.str1.4
                0x0000000008005700       0x48 build/obj/chmempools.o
 *fill*         0x0000000008005748        0x8 00
 .rodata.str1.4
                0x0000000008005750       0xea build/obj/i2c.o
                                         0xec (size before relaxing)
 *fill*         0x000000000800583a        0x6 00
 .rodata.str1.4
                0x0000000008005840       0x5f build/obj/serial.o
                                         0x60 (size before relaxing)
 *fill*         0x000000000800589f        0x1 00
 .rodata.vmt    0x00000000080058a0       0x20 build/obj/serial.o
 .rodata.str1.4
                0x00000000080058c0       0x2e build/obj/serial_usb.o
                                         0x3c (size before relaxing)
 *fill*         0x00000000080058ee        0x2 00
 .rodata.vmt    0x00000000080058f0       0x20 build/obj/serial_usb.o
 .rodata.zero_status
                0x0000000008005910        0x4 build/obj/usb.o
 *fill*         0x0000000008005914        0xc 00
 .rodata.active_status
                0x0000000008005920        0x4 build/obj/usb.o
 *fill*         0x0000000008005924        0xc 00
 .rodata.str1.4
                0x0000000008005930      0x122 build/obj/usb.o
                                        0x124 (size before relaxing)
 *fill*         0x0000000008005a52        0xe 00
 .rodata.halted_status
                0x0000000008005a60        0x4 build/obj/usb.o
 *fill*         0x0000000008005a64        0xc 00
 .rodata.str1.4
                0x0000000008005a70       0x31 build/obj/stm32_dma.o
                                         0x34 (size before relaxing)
 *fill*         0x0000000008005aa1        0xf 00
 .rodata._stm32_dma_streams
                0x0000000008005ab0       0xc0 build/obj/stm32_dma.o
                0x0000000008005ab0                _stm32_dma_streams
 .rodata.str1.4
                0x0000000008005b70       0xe8 build/obj/i2c_lld.o
 *fill*         0x0000000008005c58        0x8 00
 .rodata.fsparams
                0x0000000008005c60        0xc build/obj/usb_lld.o
 *fill*         0x0000000008005c6c        0x4 00
 .rodata.str1.4
                0x0000000008005c70       0x25 build/obj/usb_lld.o
                                         0x28 (size before relaxing)
 *fill*         0x0000000008005c95        0xb 00
 .rodata.ep0config
                0x0000000008005ca0       0x24 build/obj/usb_lld.o
 *fill*         0x0000000008005cc4        0xc 00
 .rodata.pal_default_config
                0x0000000008005cd0       0xfc build/obj/board.o
                0x0000000008005cd0                pal_default_config
 *fill*         0x0000000008005dcc        0x4 00
 .rodata.str1.4
                0x0000000008005dd0        0x7 build/obj/chprintf.o
                                          0x8 (size before relaxing)
 *fill*         0x0000000008005dd7        0x9 00
 .rodata.str1.4
                0x0000000008005de0      0x1e9 build/obj/shell.o
                                        0x1f0 (size before relaxing)
 *fill*         0x0000000008005fc9        0x7 00
 .rodata.states.8173
                0x0000000008005fd0       0x3c build/obj/cmddetail.o
 *fill*         0x000000000800600c        0x4 00
 .rodata.str1.4
                0x0000000008006010      0x14e build/obj/cmddetail.o
                                        0x150 (size before relaxing)
 *fill*         0x000000000800615e        0x2 00
 .rodata.str1.4
                0x0000000008006160       0x2e build/obj/extdetail.o
                                         0x30 (size before relaxing)
 *fill*         0x000000000800618e        0x2 00
 .rodata.ep1config
                0x0000000008006190       0x24 build/obj/usbdetail.o
 *fill*         0x00000000080061b4        0xc 00
 .rodata.vcom_configuration_descriptor_data
                0x00000000080061c0       0x44 build/obj/usbdetail.o
 *fill*         0x0000000008006204        0xc 00
 .rodata.vcom_configuration_descriptor
                0x0000000008006210        0x8 build/obj/usbdetail.o
 *fill*         0x0000000008006218        0x8 00
 .rodata.ep2config
                0x0000000008006220       0x24 build/obj/usbdetail.o
 *fill*         0x0000000008006244        0xc 00
 .rodata.usbcfg
                0x0000000008006250       0x10 build/obj/usbdetail.o
                0x0000000008006250                usbcfg
 .rodata.vcom_device_descriptor_data
                0x0000000008006260       0x14 build/obj/usbdetail.o
 *fill*         0x0000000008006274        0xc 00
 .rodata.vcom_string0
                0x0000000008006280        0x4 build/obj/usbdetail.o
 *fill*         0x0000000008006284        0xc 00
 .rodata.vcom_string1
                0x0000000008006290       0x28 build/obj/usbdetail.o
 *fill*         0x00000000080062b8        0x8 00
 .rodata.vcom_string2
                0x00000000080062c0       0x38 build/obj/usbdetail.o
 *fill*         0x00000000080062f8        0x8 00
 .rodata.vcom_string3
                0x0000000008006300       0x14 build/obj/usbdetail.o
 *fill*         0x0000000008006314        0xc 00
 .rodata.vcom_strings
                0x0000000008006320       0x20 build/obj/usbdetail.o
 .rodata.serusbcfg
                0x0000000008006340        0x4 build/obj/usbdetail.o
                0x0000000008006340                serusbcfg
 *fill*         0x0000000008006344        0xc 00
 .rodata.vcom_device_descriptor
                0x0000000008006350        0x8 build/obj/usbdetail.o
 *fill*         0x0000000008006358        0x8 00
 .rodata.commands
                0x0000000008006360       0x18 build/obj/main.o
 *fill*         0x0000000008006378        0x8 00
 .rodata.str1.4
                0x0000000008006380       0x20 build/obj/main.o
 .rodata.mpl3115a2_config
                0x00000000080063a0        0xc build/obj/main.o
                0x00000000080063a0                mpl3115a2_config
 *fill*         0x00000000080063ac        0x4 00
 .rodata.shell_cfg1
                0x00000000080063b0        0x8 build/obj/main.o
 *fill*         0x00000000080063b8        0x8 00
 .rodata.evhndl_main.8513
                0x00000000080063c0        0x4 build/obj/main.o
 *(.glue_7t)
 .glue_7t       0x0000000000000000        0x0 linker stubs
 *(.glue_7)
 .glue_7        0x0000000000000000        0x0 linker stubs
 *(.gcc*)

.vfp11_veneer   0x00000000080063c4        0x0
 .vfp11_veneer  0x0000000000000000        0x0 linker stubs

.v4_bx          0x00000000080063c4        0x0
 .v4_bx         0x0000000000000000        0x0 linker stubs

.iplt           0x00000000080063c4        0x0
 .iplt          0x0000000000000000        0x0 build/obj/crt0.o

.rel.dyn        0x00000000080063c4        0x0
 .rel.iplt      0x0000000000000000        0x0 build/obj/crt0.o

.ARM.extab
 *(.ARM.extab* .gnu.linkonce.armextab.*)

.ARM.exidx      0x00000000080063c4        0x0
                0x00000000080063c4                PROVIDE (__exidx_start, .)
 *(.ARM.exidx* .gnu.linkonce.armexidx.*)
                0x00000000080063c4                PROVIDE (__exidx_end, .)

.eh_frame_hdr
 *(.eh_frame_hdr)

.eh_frame
 *(.eh_frame)

.textalign      0x00000000080063c4        0x4
                0x00000000080063c8                . = ALIGN (0x8)
 *fill*         0x00000000080063c4        0x4 00
                0x00000000080063c8                _etext = .
                0x00000000080063c8                _textdata = _etext

.stacks         0x0000000020000000      0x800
                0x0000000020000000                . = ALIGN (0x8)
                0x0000000020000000                __main_stack_base__ = .
                0x0000000020000400                . = (. + __main_stack_size__)
 *fill*         0x0000000020000000      0x400 00
                0x0000000020000400                . = ALIGN (0x8)
                0x0000000020000400                __main_stack_end__ = .
                0x0000000020000400                __process_stack_base__ = .
                0x0000000020000400                __main_thread_stack_base__ = .
                0x0000000020000800                . = (. + __process_stack_size__)
 *fill*         0x0000000020000400      0x400 00
                0x0000000020000800                . = ALIGN (0x8)
                0x0000000020000800                __process_stack_end__ = .
                0x0000000020000800                __main_thread_stack_end__ = .

.data           0x0000000020000800       0x24 load address 0x00000000080063c8
                0x0000000020000800                . = ALIGN (0x4)
                0x0000000020000800                PROVIDE (_data, .)
 *(.data)
 .data          0x0000000020000800        0x4 /home/david/toolchains/psas/x-tools/stm32f407/arm-psas-eabi/bin/../lib/gcc/arm-psas-eabi/4.7.2/../../../../arm-psas-eabi/lib/libc.a(lib_a-ctype_.o)
                0x0000000020000800                __ctype_ptr__
                0x0000000020000804                . = ALIGN (0x4)
 *(.data.*)
 .data.linecoding
                0x0000000020000804        0x8 build/obj/serial_usb.o
 .data.local_commands
                0x000000002000080c       0x18 build/obj/shell.o
                0x0000000020000824                . = ALIGN (0x4)
 *(.ramtext)
                0x0000000020000824                . = ALIGN (0x4)
                0x0000000020000824                PROVIDE (_edata, .)

.igot.plt       0x0000000020000824        0x0 load address 0x00000000080063ec
 .igot.plt      0x0000000000000000        0x0 build/obj/crt0.o

.bss            0x0000000020000828      0xdcc load address 0x00000000080063f0
                0x0000000020000828                . = ALIGN (0x4)
                0x0000000020000828                PROVIDE (_bss_start, .)
 *(.bss)
                0x0000000020000828                . = ALIGN (0x4)
 *(.bss.*)
 .bss.mainthread.4819
                0x0000000020000828       0x4c build/obj/chsys.o
 *fill*         0x0000000020000874        0x4 00
 .bss._idle_thread_wa
                0x0000000020000878       0xc0 build/obj/chsys.o
                0x0000000020000878                _idle_thread_wa
 .bss.dbg_isr_cnt
                0x0000000020000938        0x4 build/obj/chdebug.o
                0x0000000020000938                dbg_isr_cnt
 .bss.dbg_trace_buffer
                0x000000002000093c      0x408 build/obj/chdebug.o
                0x000000002000093c                dbg_trace_buffer
 .bss.dbg_lock_cnt
                0x0000000020000d44        0x4 build/obj/chdebug.o
                0x0000000020000d44                dbg_lock_cnt
 .bss.dbg_panic_msg
                0x0000000020000d48        0x4 build/obj/chdebug.o
                0x0000000020000d48                dbg_panic_msg
 .bss.vtlist    0x0000000020000d4c       0x10 build/obj/chvt.o
                0x0000000020000d4c                vtlist
 .bss.rlist     0x0000000020000d5c       0x1c build/obj/chschd.o
                0x0000000020000d5c                rlist
 .bss.endmem    0x0000000020000d78        0x4 build/obj/chmemcore.o
 .bss.nextmem   0x0000000020000d7c        0x4 build/obj/chmemcore.o
 .bss.default_heap
                0x0000000020000d80       0x20 build/obj/chheap.o
 .bss.measurement_offset
                0x0000000020000da0        0x4 build/obj/tm.o
 .bss.dma_isr_redir
                0x0000000020000da4       0x80 build/obj/stm32_dma.o
 .bss.dma_streams_mask
                0x0000000020000e24        0x4 build/obj/stm32_dma.o
 .bss.EXTD1     0x0000000020000e28        0x8 build/obj/ext_lld.o
                0x0000000020000e28                EXTD1
 .bss.I2CD2     0x0000000020000e30       0x34 build/obj/i2c_lld.o
                0x0000000020000e30                I2CD2
 *fill*         0x0000000020000e64        0x4 00
 .bss.USBD1     0x0000000020000e68      0x188 build/obj/usb_lld.o
                0x0000000020000e68                USBD1
 .bss.ep0_state
                0x0000000020000ff0       0x10 build/obj/usb_lld.o
 .bss.ep0setup_buffer
                0x0000000020001000        0x8 build/obj/usb_lld.o
 .bss.dummytx   0x0000000020001008        0x2 build/obj/spi_lld.o
 *fill*         0x000000002000100a        0x2 00
 .bss.SPID1     0x000000002000100c       0x30 build/obj/spi_lld.o
                0x000000002000100c                SPID1
 .bss.SD6       0x000000002000103c       0x78 build/obj/serial_lld.o
                0x000000002000103c                SD6
 .bss.shell_terminated
                0x00000000200010b4        0x4 build/obj/shell.o
                0x00000000200010b4                shell_terminated
 .bss.adis_driver
                0x00000000200010b8       0x5c build/obj/ADIS16405.o
                0x00000000200010b8                adis_driver
 .bss.mpl3115a2_driver
                0x0000000020001114       0x6c build/obj/MPL3115A2.o
                0x0000000020001114                mpl3115a2_driver
 .bss.extdetail_wkup_event
                0x0000000020001180        0x4 build/obj/extdetail.o
                0x0000000020001180                extdetail_wkup_event
 .bss.SDU1      0x0000000020001184      0x258 build/obj/usbdetail.o
                0x0000000020001184                SDU1
 .bss.ep1instate
                0x00000000200013dc       0x10 build/obj/usbdetail.o
 .bss.ep2instate
                0x00000000200013ec       0x10 build/obj/usbdetail.o
 .bss.ep1outstate
                0x00000000200013fc       0x10 build/obj/usbdetail.o
 *fill*         0x000000002000140c        0x4 00
 .bss.waThread_indwatchdog
                0x0000000020001410       0xf0 build/obj/main.o
 .bss.waThread_blinker
                0x0000000020001500       0xf0 build/obj/main.o
 .bss.shelltp.8512
                0x00000000200015f0        0x4 build/obj/main.o
                0x00000000200015f4                . = ALIGN (0x4)
 *(COMMON)
                0x00000000200015f4                . = ALIGN (0x4)
                0x00000000200015f4                PROVIDE (_bss_end, .)
                0x00000000200015f4                PROVIDE (end, .)
                0x00000000200015f4                _end = .
                0x00000000200015f4                __heap_base__ = _end
                0x000000002001c000                __heap_end__ = __ram_end__
OUTPUT(build/ch.elf elf32-littlearm)

.debug_info     0x0000000000000000    0x24c4f
 .debug_info    0x0000000000000000      0x2a8 build/obj/crt0.o
 .debug_info    0x00000000000002a8      0x1e9 build/obj/vectors.o
 .debug_info    0x0000000000000491       0x93 build/obj/chcore.o
 .debug_info    0x0000000000000524      0x93f build/obj/chcore_v7m.o
 .debug_info    0x0000000000000e63      0x44e build/obj/nvic.o
 .debug_info    0x00000000000012b1      0x943 build/obj/chsys.o
 .debug_info    0x0000000000001bf4      0x9ec build/obj/chdebug.o
 .debug_info    0x00000000000025e0      0x2ee build/obj/chvt.o
 .debug_info    0x00000000000028ce      0xb80 build/obj/chschd.o
 .debug_info    0x000000000000344e      0xebb build/obj/chthreads.o
 .debug_info    0x0000000000004309      0xa70 build/obj/chdynamic.o
 .debug_info    0x0000000000004d79      0x71a build/obj/chregistry.o
 .debug_info    0x0000000000005493      0xbb3 build/obj/chmtx.o
 .debug_info    0x0000000000006046     0x1086 build/obj/chevents.o
 .debug_info    0x00000000000070cc      0xdb6 build/obj/chqueues.o
 .debug_info    0x0000000000007e82      0x234 build/obj/chmemcore.o
 .debug_info    0x00000000000080b6      0x799 build/obj/chheap.o
 .debug_info    0x000000000000884f      0x41f build/obj/chmempools.o
 .debug_info    0x0000000000008c6e      0x43a build/obj/hal.o
 .debug_info    0x00000000000090a8      0x634 build/obj/ext.o
 .debug_info    0x00000000000096dc      0xe00 build/obj/i2c.o
 .debug_info    0x000000000000a4dc     0x11d7 build/obj/serial.o
 .debug_info    0x000000000000b6b3     0x20bf build/obj/serial_usb.o
 .debug_info    0x000000000000d772     0x163c build/obj/spi.o
 .debug_info    0x000000000000edae      0x2ec build/obj/tm.o
 .debug_info    0x000000000000f09a     0x2173 build/obj/usb.o
 .debug_info    0x000000000001120d      0xca5 build/obj/stm32_dma.o
 .debug_info    0x0000000000011eb2      0x4d9 build/obj/hal_lld.o
 .debug_info    0x000000000001238b      0xbbb build/obj/ext_lld_isr.o
 .debug_info    0x0000000000012f46      0x43a build/obj/ext_lld.o
 .debug_info    0x0000000000013380      0x744 build/obj/pal_lld.o
 .debug_info    0x0000000000013ac4     0x1a1e build/obj/i2c_lld.o
 .debug_info    0x00000000000154e2     0x2b2e build/obj/usb_lld.o
 .debug_info    0x0000000000018010      0xf6c build/obj/spi_lld.o
 .debug_info    0x0000000000018f7c     0x137c build/obj/serial_lld.o
 .debug_info    0x000000000001a2f8      0x20e build/obj/board.o
 .debug_info    0x000000000001a506      0x4ad build/obj/chprintf.o
 .debug_info    0x000000000001a9b3     0x144f build/obj/shell.o
 .debug_info    0x000000000001be02      0x530 build/obj/iwdg_lld.o
 .debug_info    0x000000000001c332     0x12ea build/obj/ADIS16405.o
 .debug_info    0x000000000001d61c     0x1250 build/obj/MPL3115A2.o
 .debug_info    0x000000000001e86c      0x84d build/obj/cmddetail.o
 .debug_info    0x000000000001f0b9     0x1fb3 build/obj/extdetail.o
 .debug_info    0x000000000002106c     0x173b build/obj/usbdetail.o
 .debug_info    0x00000000000227a7     0x2078 build/obj/main.o
 .debug_info    0x000000000002481f       0xd3 /home/david/toolchains/psas/x-tools/stm32f407/arm-psas-eabi/bin/../lib/gcc/arm-psas-eabi/4.7.2/../../../../arm-psas-eabi/lib/libc.a(lib_a-memset.o)
 .debug_info    0x00000000000248f2      0x150 /home/david/toolchains/psas/x-tools/stm32f407/arm-psas-eabi/bin/../lib/gcc/arm-psas-eabi/4.7.2/../../../../arm-psas-eabi/lib/libc.a(lib_a-strcasecmp.o)
 .debug_info    0x0000000000024a42       0xc9 /home/david/toolchains/psas/x-tools/stm32f407/arm-psas-eabi/bin/../lib/gcc/arm-psas-eabi/4.7.2/../../../../arm-psas-eabi/lib/libc.a(lib_a-strpbrk.o)
 .debug_info    0x0000000000024b0b       0xd7 /home/david/toolchains/psas/x-tools/stm32f407/arm-psas-eabi/bin/../lib/gcc/arm-psas-eabi/4.7.2/../../../../arm-psas-eabi/lib/libc.a(lib_a-strspn.o)
 .debug_info    0x0000000000024be2       0x6d /home/david/toolchains/psas/x-tools/stm32f407/arm-psas-eabi/bin/../lib/gcc/arm-psas-eabi/4.7.2/../../../../arm-psas-eabi/lib/libc.a(lib_a-ctype_.o)

.debug_abbrev   0x0000000000000000     0x6b93
 .debug_abbrev  0x0000000000000000       0xdc build/obj/crt0.o
 .debug_abbrev  0x00000000000000dc       0xb1 build/obj/vectors.o
 .debug_abbrev  0x000000000000018d       0x44 build/obj/chcore.o
 .debug_abbrev  0x00000000000001d1      0x1d5 build/obj/chcore_v7m.o
 .debug_abbrev  0x00000000000003a6       0xf2 build/obj/nvic.o
 .debug_abbrev  0x0000000000000498      0x1ff build/obj/chsys.o
 .debug_abbrev  0x0000000000000697      0x246 build/obj/chdebug.o
 .debug_abbrev  0x00000000000008dd      0x18d build/obj/chvt.o
 .debug_abbrev  0x0000000000000a6a      0x32e build/obj/chschd.o
 .debug_abbrev  0x0000000000000d98      0x37a build/obj/chthreads.o
 .debug_abbrev  0x0000000000001112      0x24d build/obj/chdynamic.o
 .debug_abbrev  0x000000000000135f      0x1bc build/obj/chregistry.o
 .debug_abbrev  0x000000000000151b      0x2d3 build/obj/chmtx.o
 .debug_abbrev  0x00000000000017ee      0x30b build/obj/chevents.o
 .debug_abbrev  0x0000000000001af9      0x35f build/obj/chqueues.o
 .debug_abbrev  0x0000000000001e58      0x12e build/obj/chmemcore.o
 .debug_abbrev  0x0000000000001f86      0x21b build/obj/chheap.o
 .debug_abbrev  0x00000000000021a1      0x182 build/obj/chmempools.o
 .debug_abbrev  0x0000000000002323      0x1b4 build/obj/hal.o
 .debug_abbrev  0x00000000000024d7      0x1d0 build/obj/ext.o
 .debug_abbrev  0x00000000000026a7      0x2b8 build/obj/i2c.o
 .debug_abbrev  0x000000000000295f      0x2dc build/obj/serial.o
 .debug_abbrev  0x0000000000002c3b      0x3a4 build/obj/serial_usb.o
 .debug_abbrev  0x0000000000002fdf      0x2b5 build/obj/spi.o
 .debug_abbrev  0x0000000000003294      0x19c build/obj/tm.o
 .debug_abbrev  0x0000000000003430      0x3a0 build/obj/usb.o
 .debug_abbrev  0x00000000000037d0      0x252 build/obj/stm32_dma.o
 .debug_abbrev  0x0000000000003a22      0x12d build/obj/hal_lld.o
 .debug_abbrev  0x0000000000003b4f      0x208 build/obj/ext_lld_isr.o
 .debug_abbrev  0x0000000000003d57      0x1e9 build/obj/ext_lld.o
 .debug_abbrev  0x0000000000003f40      0x1c6 build/obj/pal_lld.o
 .debug_abbrev  0x0000000000004106      0x3e3 build/obj/i2c_lld.o
 .debug_abbrev  0x00000000000044e9      0x55f build/obj/usb_lld.o
 .debug_abbrev  0x0000000000004a48      0x340 build/obj/spi_lld.o
 .debug_abbrev  0x0000000000004d88      0x35d build/obj/serial_lld.o
 .debug_abbrev  0x00000000000050e5       0xe5 build/obj/board.o
 .debug_abbrev  0x00000000000051ca      0x1d3 build/obj/chprintf.o
 .debug_abbrev  0x000000000000539d      0x394 build/obj/shell.o
 .debug_abbrev  0x0000000000005731      0x140 build/obj/iwdg_lld.o
 .debug_abbrev  0x0000000000005871      0x340 build/obj/ADIS16405.o
 .debug_abbrev  0x0000000000005bb1      0x290 build/obj/MPL3115A2.o
 .debug_abbrev  0x0000000000005e41      0x211 build/obj/cmddetail.o
 .debug_abbrev  0x0000000000006052      0x2dc build/obj/extdetail.o
 .debug_abbrev  0x000000000000632e      0x2e1 build/obj/usbdetail.o
 .debug_abbrev  0x000000000000660f      0x2d4 build/obj/main.o
 .debug_abbrev  0x00000000000068e3       0x8c /home/david/toolchains/psas/x-tools/stm32f407/arm-psas-eabi/bin/../lib/gcc/arm-psas-eabi/4.7.2/../../../../arm-psas-eabi/lib/libc.a(lib_a-memset.o)
 .debug_abbrev  0x000000000000696f       0xc0 /home/david/toolchains/psas/x-tools/stm32f407/arm-psas-eabi/bin/../lib/gcc/arm-psas-eabi/4.7.2/../../../../arm-psas-eabi/lib/libc.a(lib_a-strcasecmp.o)
 .debug_abbrev  0x0000000000006a2f       0x7f /home/david/toolchains/psas/x-tools/stm32f407/arm-psas-eabi/bin/../lib/gcc/arm-psas-eabi/4.7.2/../../../../arm-psas-eabi/lib/libc.a(lib_a-strpbrk.o)
 .debug_abbrev  0x0000000000006aae       0x99 /home/david/toolchains/psas/x-tools/stm32f407/arm-psas-eabi/bin/../lib/gcc/arm-psas-eabi/4.7.2/../../../../arm-psas-eabi/lib/libc.a(lib_a-strspn.o)
 .debug_abbrev  0x0000000000006b47       0x4c /home/david/toolchains/psas/x-tools/stm32f407/arm-psas-eabi/bin/../lib/gcc/arm-psas-eabi/4.7.2/../../../../arm-psas-eabi/lib/libc.a(lib_a-ctype_.o)

.debug_aranges  0x0000000000000000      0xfa8
 .debug_aranges
                0x0000000000000000       0x38 build/obj/crt0.o
 .debug_aranges
                0x0000000000000038       0x20 build/obj/vectors.o
 .debug_aranges
                0x0000000000000058       0x20 build/obj/chcore.o
 .debug_aranges
                0x0000000000000078       0x50 build/obj/chcore_v7m.o
 .debug_aranges
                0x00000000000000c8       0x30 build/obj/nvic.o
 .debug_aranges
                0x00000000000000f8       0x30 build/obj/chsys.o
 .debug_aranges
                0x0000000000000128       0x88 build/obj/chdebug.o
 .debug_aranges
                0x00000000000001b0       0x38 build/obj/chvt.o
 .debug_aranges
                0x00000000000001e8       0x68 build/obj/chschd.o
 .debug_aranges
                0x0000000000000250       0x80 build/obj/chthreads.o
 .debug_aranges
                0x00000000000002d0       0x38 build/obj/chdynamic.o
 .debug_aranges
                0x0000000000000308       0x28 build/obj/chregistry.o
 .debug_aranges
                0x0000000000000330       0x58 build/obj/chmtx.o
 .debug_aranges
                0x0000000000000388       0xa0 build/obj/chevents.o
 .debug_aranges
                0x0000000000000428       0x70 build/obj/chqueues.o
 .debug_aranges
                0x0000000000000498       0x38 build/obj/chmemcore.o
 .debug_aranges
                0x00000000000004d0       0x40 build/obj/chheap.o
 .debug_aranges
                0x0000000000000510       0x48 build/obj/chmempools.o
 .debug_aranges
                0x0000000000000558       0x30 build/obj/hal.o
 .debug_aranges
                0x0000000000000588       0x50 build/obj/ext.o
 .debug_aranges
                0x00000000000005d8       0x60 build/obj/i2c.o
 .debug_aranges
                0x0000000000000638       0x88 build/obj/serial.o
 .debug_aranges
                0x00000000000006c0       0xb0 build/obj/serial_usb.o
 .debug_aranges
                0x0000000000000770       0x98 build/obj/spi.o
 .debug_aranges
                0x0000000000000808       0x38 build/obj/tm.o
 .debug_aranges
                0x0000000000000840       0xa8 build/obj/usb.o
 .debug_aranges
                0x00000000000008e8       0xb0 build/obj/stm32_dma.o
 .debug_aranges
                0x0000000000000998       0x28 build/obj/hal_lld.o
 .debug_aranges
                0x00000000000009c0       0x98 build/obj/ext_lld_isr.o
 .debug_aranges
                0x0000000000000a58       0x40 build/obj/ext_lld.o
 .debug_aranges
                0x0000000000000a98       0x28 build/obj/pal_lld.o
 .debug_aranges
                0x0000000000000ac0       0x70 build/obj/i2c_lld.o
 .debug_aranges
                0x0000000000000b30       0xd8 build/obj/usb_lld.o
 .debug_aranges
                0x0000000000000c08       0x78 build/obj/spi_lld.o
 .debug_aranges
                0x0000000000000c80       0x40 build/obj/serial_lld.o
 .debug_aranges
                0x0000000000000cc0       0x28 build/obj/board.o
 .debug_aranges
                0x0000000000000ce8       0x28 build/obj/chprintf.o
 .debug_aranges
                0x0000000000000d10       0x58 build/obj/shell.o
 .debug_aranges
                0x0000000000000d68       0x40 build/obj/iwdg_lld.o
 .debug_aranges
                0x0000000000000da8       0x60 build/obj/ADIS16405.o
 .debug_aranges
                0x0000000000000e08       0x40 build/obj/MPL3115A2.o
 .debug_aranges
                0x0000000000000e48       0x28 build/obj/cmddetail.o
 .debug_aranges
                0x0000000000000e70       0x48 build/obj/extdetail.o
 .debug_aranges
                0x0000000000000eb8       0x28 build/obj/usbdetail.o
 .debug_aranges
                0x0000000000000ee0       0x30 build/obj/main.o
 .debug_aranges
                0x0000000000000f10       0x20 /home/david/toolchains/psas/x-tools/stm32f407/arm-psas-eabi/bin/../lib/gcc/arm-psas-eabi/4.7.2/../../../../arm-psas-eabi/lib/libc.a(lib_a-memset.o)
 .debug_aranges
                0x0000000000000f30       0x20 /home/david/toolchains/psas/x-tools/stm32f407/arm-psas-eabi/bin/../lib/gcc/arm-psas-eabi/4.7.2/../../../../arm-psas-eabi/lib/libc.a(lib_a-strcasecmp.o)
 .debug_aranges
                0x0000000000000f50       0x20 /home/david/toolchains/psas/x-tools/stm32f407/arm-psas-eabi/bin/../lib/gcc/arm-psas-eabi/4.7.2/../../../../arm-psas-eabi/lib/libc.a(lib_a-strpbrk.o)
 .debug_aranges
                0x0000000000000f70       0x20 /home/david/toolchains/psas/x-tools/stm32f407/arm-psas-eabi/bin/../lib/gcc/arm-psas-eabi/4.7.2/../../../../arm-psas-eabi/lib/libc.a(lib_a-strspn.o)
 .debug_aranges
                0x0000000000000f90       0x18 /home/david/toolchains/psas/x-tools/stm32f407/arm-psas-eabi/bin/../lib/gcc/arm-psas-eabi/4.7.2/../../../../arm-psas-eabi/lib/libc.a(lib_a-ctype_.o)

.debug_ranges   0x0000000000000000     0x1af8
 .debug_ranges  0x0000000000000000       0xe0 build/obj/crt0.o
 .debug_ranges  0x00000000000000e0       0x10 build/obj/vectors.o
 .debug_ranges  0x00000000000000f0       0x10 build/obj/chcore.o
 .debug_ranges  0x0000000000000100       0x58 build/obj/chcore_v7m.o
 .debug_ranges  0x0000000000000158       0x20 build/obj/nvic.o
 .debug_ranges  0x0000000000000178       0x20 build/obj/chsys.o
 .debug_ranges  0x0000000000000198       0xf0 build/obj/chdebug.o
 .debug_ranges  0x0000000000000288       0x28 build/obj/chvt.o
 .debug_ranges  0x00000000000002b0      0x1d8 build/obj/chschd.o
 .debug_ranges  0x0000000000000488      0x110 build/obj/chthreads.o
 .debug_ranges  0x0000000000000598       0x40 build/obj/chdynamic.o
 .debug_ranges  0x00000000000005d8       0x18 build/obj/chregistry.o
 .debug_ranges  0x00000000000005f0      0x230 build/obj/chmtx.o
 .debug_ranges  0x0000000000000820       0xd8 build/obj/chevents.o
 .debug_ranges  0x00000000000008f8       0xc0 build/obj/chqueues.o
 .debug_ranges  0x00000000000009b8       0x40 build/obj/chmemcore.o
 .debug_ranges  0x00000000000009f8       0x30 build/obj/chheap.o
 .debug_ranges  0x0000000000000a28       0x50 build/obj/chmempools.o
 .debug_ranges  0x0000000000000a78       0x60 build/obj/hal.o
 .debug_ranges  0x0000000000000ad8       0x40 build/obj/ext.o
 .debug_ranges  0x0000000000000b18       0x50 build/obj/i2c.o
 .debug_ranges  0x0000000000000b68       0x78 build/obj/serial.o
 .debug_ranges  0x0000000000000be0       0xb8 build/obj/serial_usb.o
 .debug_ranges  0x0000000000000c98       0x88 build/obj/spi.o
 .debug_ranges  0x0000000000000d20       0x80 build/obj/tm.o
 .debug_ranges  0x0000000000000da0       0xc8 build/obj/usb.o
 .debug_ranges  0x0000000000000e68       0xa0 build/obj/stm32_dma.o
 .debug_ranges  0x0000000000000f08       0x30 build/obj/hal_lld.o
 .debug_ranges  0x0000000000000f38       0x88 build/obj/ext_lld_isr.o
 .debug_ranges  0x0000000000000fc0       0x30 build/obj/ext_lld.o
 .debug_ranges  0x0000000000000ff0      0x168 build/obj/pal_lld.o
 .debug_ranges  0x0000000000001158      0x1f8 build/obj/i2c_lld.o
 .debug_ranges  0x0000000000001350      0x3e8 build/obj/usb_lld.o
 .debug_ranges  0x0000000000001738       0x68 build/obj/spi_lld.o
 .debug_ranges  0x00000000000017a0       0x60 build/obj/serial_lld.o
 .debug_ranges  0x0000000000001800       0x18 build/obj/board.o
 .debug_ranges  0x0000000000001818       0x18 build/obj/chprintf.o
 .debug_ranges  0x0000000000001830      0x110 build/obj/shell.o
 .debug_ranges  0x0000000000001940       0x60 build/obj/iwdg_lld.o
 .debug_ranges  0x00000000000019a0       0x50 build/obj/ADIS16405.o
 .debug_ranges  0x00000000000019f0       0x30 build/obj/MPL3115A2.o
 .debug_ranges  0x0000000000001a20       0x18 build/obj/cmddetail.o
 .debug_ranges  0x0000000000001a38       0x38 build/obj/extdetail.o
 .debug_ranges  0x0000000000001a70       0x18 build/obj/usbdetail.o
 .debug_ranges  0x0000000000001a88       0x20 build/obj/main.o
 .debug_ranges  0x0000000000001aa8       0x50 /home/david/toolchains/psas/x-tools/stm32f407/arm-psas-eabi/bin/../lib/gcc/arm-psas-eabi/4.7.2/../../../../arm-psas-eabi/lib/libc.a(lib_a-strcasecmp.o)

.debug_line     0x0000000000000000     0x99f0
 .debug_line    0x0000000000000000      0x169 build/obj/crt0.o
 .debug_line    0x0000000000000169       0xf3 build/obj/vectors.o
 .debug_line    0x000000000000025c       0x5b build/obj/chcore.o
 .debug_line    0x00000000000002b7      0x245 build/obj/chcore_v7m.o
 .debug_line    0x00000000000004fc      0x132 build/obj/nvic.o
 .debug_line    0x000000000000062e      0x26b build/obj/chsys.o
 .debug_line    0x0000000000000899      0x341 build/obj/chdebug.o
 .debug_line    0x0000000000000bda      0x1c9 build/obj/chvt.o
 .debug_line    0x0000000000000da3      0x38a build/obj/chschd.o
 .debug_line    0x000000000000112d      0x414 build/obj/chthreads.o
 .debug_line    0x0000000000001541      0x2ab build/obj/chdynamic.o
 .debug_line    0x00000000000017ec      0x23d build/obj/chregistry.o
 .debug_line    0x0000000000001a29      0x3c9 build/obj/chmtx.o
 .debug_line    0x0000000000001df2      0x398 build/obj/chevents.o
 .debug_line    0x000000000000218a      0x41a build/obj/chqueues.o
 .debug_line    0x00000000000025a4      0x1cc build/obj/chmemcore.o
 .debug_line    0x0000000000002770      0x2fc build/obj/chheap.o
 .debug_line    0x0000000000002a6c      0x23c build/obj/chmempools.o
 .debug_line    0x0000000000002ca8      0x2e4 build/obj/hal.o
 .debug_line    0x0000000000002f8c      0x282 build/obj/ext.o
 .debug_line    0x000000000000320e      0x3fd build/obj/i2c.o
 .debug_line    0x000000000000360b      0x42b build/obj/serial.o
 .debug_line    0x0000000000003a36      0x4aa build/obj/serial_usb.o
 .debug_line    0x0000000000003ee0      0x5a7 build/obj/spi.o
 .debug_line    0x0000000000004487      0x217 build/obj/tm.o
 .debug_line    0x000000000000469e      0x5aa build/obj/usb.o
 .debug_line    0x0000000000004c48      0x45f build/obj/stm32_dma.o
 .debug_line    0x00000000000050a7      0x20d build/obj/hal_lld.o
 .debug_line    0x00000000000052b4      0x3e0 build/obj/ext_lld_isr.o
 .debug_line    0x0000000000005694      0x231 build/obj/ext_lld.o
 .debug_line    0x00000000000058c5      0x221 build/obj/pal_lld.o
 .debug_line    0x0000000000005ae6      0x63f build/obj/i2c_lld.o
 .debug_line    0x0000000000006125      0x862 build/obj/usb_lld.o
 .debug_line    0x0000000000006987      0x4cc build/obj/spi_lld.o
 .debug_line    0x0000000000006e53      0x3b7 build/obj/serial_lld.o
 .debug_line    0x000000000000720a      0x1a1 build/obj/board.o
 .debug_line    0x00000000000073ab      0x317 build/obj/chprintf.o
 .debug_line    0x00000000000076c2      0x3fb build/obj/shell.o
 .debug_line    0x0000000000007abd      0x1e0 build/obj/iwdg_lld.o
 .debug_line    0x0000000000007c9d      0x54b build/obj/ADIS16405.o
 .debug_line    0x00000000000081e8      0x38d build/obj/MPL3115A2.o
 .debug_line    0x0000000000008575      0x2ad build/obj/cmddetail.o
 .debug_line    0x0000000000008822      0x48b build/obj/extdetail.o
 .debug_line    0x0000000000008cad      0x2cd build/obj/usbdetail.o
 .debug_line    0x0000000000008f7a      0x48a build/obj/main.o
 .debug_line    0x0000000000009404      0x197 /home/david/toolchains/psas/x-tools/stm32f407/arm-psas-eabi/bin/../lib/gcc/arm-psas-eabi/4.7.2/../../../../arm-psas-eabi/lib/libc.a(lib_a-memset.o)
 .debug_line    0x000000000000959b      0x122 /home/david/toolchains/psas/x-tools/stm32f407/arm-psas-eabi/bin/../lib/gcc/arm-psas-eabi/4.7.2/../../../../arm-psas-eabi/lib/libc.a(lib_a-strcasecmp.o)
 .debug_line    0x00000000000096bd      0x115 /home/david/toolchains/psas/x-tools/stm32f407/arm-psas-eabi/bin/../lib/gcc/arm-psas-eabi/4.7.2/../../../../arm-psas-eabi/lib/libc.a(lib_a-strpbrk.o)
 .debug_line    0x00000000000097d2      0x197 /home/david/toolchains/psas/x-tools/stm32f407/arm-psas-eabi/bin/../lib/gcc/arm-psas-eabi/4.7.2/../../../../arm-psas-eabi/lib/libc.a(lib_a-strspn.o)
 .debug_line    0x0000000000009969       0x87 /home/david/toolchains/psas/x-tools/stm32f407/arm-psas-eabi/bin/../lib/gcc/arm-psas-eabi/4.7.2/../../../../arm-psas-eabi/lib/libc.a(lib_a-ctype_.o)

.debug_str      0x0000000000000000     0x48ef
 .debug_str     0x0000000000000000      0x1cb build/obj/crt0.o
                                        0x20a (size before relaxing)
 .debug_str     0x00000000000001cb      0x147 build/obj/vectors.o
                                        0x22f (size before relaxing)
 .debug_str     0x0000000000000312       0x35 build/obj/chcore.o
                                        0x102 (size before relaxing)
 .debug_str     0x0000000000000347      0x364 build/obj/chcore_v7m.o
                                        0x470 (size before relaxing)
 .debug_str     0x00000000000006ab       0x9e build/obj/nvic.o
                                        0x201 (size before relaxing)
 .debug_str     0x0000000000000749      0x242 build/obj/chsys.o
                                        0x535 (size before relaxing)
 .debug_str     0x000000000000098b      0x103 build/obj/chdebug.o
                                        0x4ac (size before relaxing)
 .debug_str     0x0000000000000a8e       0x54 build/obj/chvt.o
                                        0x1c2 (size before relaxing)
 .debug_str     0x0000000000000ae2       0xdd build/obj/chschd.o
                                        0x46c (size before relaxing)
 .debug_str     0x0000000000000bbf       0xf7 build/obj/chthreads.o
                                        0x4c6 (size before relaxing)
 .debug_str     0x0000000000000cb6      0x115 build/obj/chdynamic.o
                                        0x40c (size before relaxing)
 .debug_str     0x0000000000000dcb       0x4a build/obj/chregistry.o
                                        0x41c (size before relaxing)
 .debug_str     0x0000000000000e15       0x92 build/obj/chmtx.o
                                        0x3c4 (size before relaxing)
 .debug_str     0x0000000000000ea7      0x1c1 build/obj/chevents.o
                                        0x4e8 (size before relaxing)
 .debug_str     0x0000000000001068      0x12e build/obj/chqueues.o
                                        0x44f (size before relaxing)
 .debug_str     0x0000000000001196       0x78 build/obj/chmemcore.o
                                        0x19e (size before relaxing)
 .debug_str     0x000000000000120e       0x50 build/obj/chheap.o
                                        0x363 (size before relaxing)
 .debug_str     0x000000000000125e       0x5d build/obj/chmempools.o
                                        0x1f7 (size before relaxing)
 .debug_str     0x00000000000012bb      0x190 build/obj/hal.o
                                        0x290 (size before relaxing)
 .debug_str     0x000000000000144b      0x14f build/obj/ext.o
                                        0x287 (size before relaxing)
 .debug_str     0x000000000000159a      0x308 build/obj/i2c.o
                                        0x617 (size before relaxing)
 .debug_str     0x00000000000018a2      0x143 build/obj/serial.o
                                        0x5d4 (size before relaxing)
 .debug_str     0x00000000000019e5      0x77d build/obj/serial_usb.o
                                        0xc50 (size before relaxing)
 .debug_str     0x0000000000002162      0x25e build/obj/spi.o
                                        0x664 (size before relaxing)
 .debug_str     0x00000000000023c0       0x6f build/obj/tm.o
                                        0x1be (size before relaxing)
 .debug_str     0x000000000000242f      0x2b8 build/obj/usb.o
                                        0xcb0 (size before relaxing)
 .debug_str     0x00000000000026e7      0x73c build/obj/stm32_dma.o
                                        0x959 (size before relaxing)
 .debug_str     0x0000000000002e23       0xbf build/obj/hal_lld.o
                                        0x310 (size before relaxing)
 .debug_str     0x0000000000002ee2      0x125 build/obj/ext_lld_isr.o
                                        0x7f5 (size before relaxing)
 .debug_str     0x0000000000003007       0x5b build/obj/ext_lld.o
                                        0x29b (size before relaxing)
 .debug_str     0x0000000000003062       0x7f build/obj/pal_lld.o
                                        0x361 (size before relaxing)
 .debug_str     0x00000000000030e1      0x133 build/obj/i2c_lld.o
                                        0xdf3 (size before relaxing)
 .debug_str     0x0000000000003214      0x20c build/obj/usb_lld.o
                                       0x1445 (size before relaxing)
 .debug_str     0x0000000000003420       0x9f build/obj/spi_lld.o
                                        0x703 (size before relaxing)
 .debug_str     0x00000000000034bf       0x6e build/obj/serial_lld.o
                                        0xb81 (size before relaxing)
 .debug_str     0x000000000000352d       0x23 build/obj/board.o
                                        0x1ca (size before relaxing)
 .debug_str     0x0000000000003550       0xe0 build/obj/chprintf.o
                                        0x1ec (size before relaxing)
 .debug_str     0x0000000000003630      0x152 build/obj/shell.o
                                        0x5b6 (size before relaxing)
 .debug_str     0x0000000000003782       0xe6 build/obj/iwdg_lld.o
                                        0x2f6 (size before relaxing)
 .debug_str     0x0000000000003868      0x650 build/obj/ADIS16405.o
                                        0xbec (size before relaxing)
 .debug_str     0x0000000000003eb8      0x53b build/obj/MPL3115A2.o
                                        0xacb (size before relaxing)
 .debug_str     0x00000000000043f3       0x27 build/obj/cmddetail.o
                                        0x37a (size before relaxing)
 .debug_str     0x000000000000441a       0xa7 build/obj/extdetail.o
                                       0x111b (size before relaxing)
 .debug_str     0x00000000000044c1      0x12c build/obj/usbdetail.o
                                        0xb9a (size before relaxing)
 .debug_str     0x00000000000045ed       0xdb build/obj/main.o
                                        0xfcb (size before relaxing)
 .debug_str     0x00000000000046c8       0x67 /home/david/toolchains/psas/x-tools/stm32f407/arm-psas-eabi/bin/../lib/gcc/arm-psas-eabi/4.7.2/../../../../arm-psas-eabi/lib/libc.a(lib_a-memset.o)
                                        0x113 (size before relaxing)
 .debug_str     0x000000000000472f       0x83 /home/david/toolchains/psas/x-tools/stm32f407/arm-psas-eabi/bin/../lib/gcc/arm-psas-eabi/4.7.2/../../../../arm-psas-eabi/lib/libc.a(lib_a-strcasecmp.o)
                                        0x12c (size before relaxing)
 .debug_str     0x00000000000047b2       0x68 /home/david/toolchains/psas/x-tools/stm32f407/arm-psas-eabi/bin/../lib/gcc/arm-psas-eabi/4.7.2/../../../../arm-psas-eabi/lib/libc.a(lib_a-strpbrk.o)
                                        0x10e (size before relaxing)
 .debug_str     0x000000000000481a       0x67 /home/david/toolchains/psas/x-tools/stm32f407/arm-psas-eabi/bin/../lib/gcc/arm-psas-eabi/4.7.2/../../../../arm-psas-eabi/lib/libc.a(lib_a-strspn.o)
                                        0x113 (size before relaxing)
 .debug_str     0x0000000000004881       0x6e /home/david/toolchains/psas/x-tools/stm32f407/arm-psas-eabi/bin/../lib/gcc/arm-psas-eabi/4.7.2/../../../../arm-psas-eabi/lib/libc.a(lib_a-ctype_.o)
                                         0x96 (size before relaxing)

.comment        0x0000000000000000       0x33
 .comment       0x0000000000000000       0x33 build/obj/crt0.o
                                         0x34 (size before relaxing)
 .comment       0x0000000000000000       0x34 build/obj/vectors.o
 .comment       0x0000000000000000       0x34 build/obj/chcore.o
 .comment       0x0000000000000000       0x34 build/obj/chcore_v7m.o
 .comment       0x0000000000000000       0x34 build/obj/nvic.o
 .comment       0x0000000000000000       0x34 build/obj/chsys.o
 .comment       0x0000000000000000       0x34 build/obj/chdebug.o
 .comment       0x0000000000000000       0x34 build/obj/chvt.o
 .comment       0x0000000000000000       0x34 build/obj/chschd.o
 .comment       0x0000000000000000       0x34 build/obj/chthreads.o
 .comment       0x0000000000000000       0x34 build/obj/chdynamic.o
 .comment       0x0000000000000000       0x34 build/obj/chregistry.o
 .comment       0x0000000000000000       0x34 build/obj/chmtx.o
 .comment       0x0000000000000000       0x34 build/obj/chevents.o
 .comment       0x0000000000000000       0x34 build/obj/chqueues.o
 .comment       0x0000000000000000       0x34 build/obj/chmemcore.o
 .comment       0x0000000000000000       0x34 build/obj/chheap.o
 .comment       0x0000000000000000       0x34 build/obj/chmempools.o
 .comment       0x0000000000000000       0x34 build/obj/hal.o
 .comment       0x0000000000000000       0x34 build/obj/ext.o
 .comment       0x0000000000000000       0x34 build/obj/i2c.o
 .comment       0x0000000000000000       0x34 build/obj/serial.o
 .comment       0x0000000000000000       0x34 build/obj/serial_usb.o
 .comment       0x0000000000000000       0x34 build/obj/spi.o
 .comment       0x0000000000000000       0x34 build/obj/tm.o
 .comment       0x0000000000000000       0x34 build/obj/usb.o
 .comment       0x0000000000000000       0x34 build/obj/stm32_dma.o
 .comment       0x0000000000000000       0x34 build/obj/hal_lld.o
 .comment       0x0000000000000000       0x34 build/obj/ext_lld_isr.o
 .comment       0x0000000000000000       0x34 build/obj/ext_lld.o
 .comment       0x0000000000000000       0x34 build/obj/pal_lld.o
 .comment       0x0000000000000000       0x34 build/obj/i2c_lld.o
 .comment       0x0000000000000000       0x34 build/obj/usb_lld.o
 .comment       0x0000000000000000       0x34 build/obj/spi_lld.o
 .comment       0x0000000000000000       0x34 build/obj/serial_lld.o
 .comment       0x0000000000000000       0x34 build/obj/board.o
 .comment       0x0000000000000000       0x34 build/obj/chprintf.o
 .comment       0x0000000000000000       0x34 build/obj/shell.o
 .comment       0x0000000000000000       0x34 build/obj/iwdg_lld.o
 .comment       0x0000000000000000       0x34 build/obj/ADIS16405.o
 .comment       0x0000000000000000       0x34 build/obj/MPL3115A2.o
 .comment       0x0000000000000000       0x34 build/obj/cmddetail.o
 .comment       0x0000000000000000       0x34 build/obj/extdetail.o
 .comment       0x0000000000000000       0x34 build/obj/usbdetail.o
 .comment       0x0000000000000000       0x34 build/obj/main.o
 .comment       0x0000000000000000       0x34 /home/david/toolchains/psas/x-tools/stm32f407/arm-psas-eabi/bin/../lib/gcc/arm-psas-eabi/4.7.2/../../../../arm-psas-eabi/lib/libc.a(lib_a-memset.o)
 .comment       0x0000000000000000       0x34 /home/david/toolchains/psas/x-tools/stm32f407/arm-psas-eabi/bin/../lib/gcc/arm-psas-eabi/4.7.2/../../../../arm-psas-eabi/lib/libc.a(lib_a-strcasecmp.o)
 .comment       0x0000000000000000       0x34 /home/david/toolchains/psas/x-tools/stm32f407/arm-psas-eabi/bin/../lib/gcc/arm-psas-eabi/4.7.2/../../../../arm-psas-eabi/lib/libc.a(lib_a-strpbrk.o)
 .comment       0x0000000000000000       0x34 /home/david/toolchains/psas/x-tools/stm32f407/arm-psas-eabi/bin/../lib/gcc/arm-psas-eabi/4.7.2/../../../../arm-psas-eabi/lib/libc.a(lib_a-strspn.o)
 .comment       0x0000000000000000       0x34 /home/david/toolchains/psas/x-tools/stm32f407/arm-psas-eabi/bin/../lib/gcc/arm-psas-eabi/4.7.2/../../../../arm-psas-eabi/lib/libc.a(lib_a-ctype_.o)

.ARM.attributes
                0x0000000000000000       0x3b
 .ARM.attributes
                0x0000000000000000       0x3b build/obj/crt0.o
 .ARM.attributes
                0x000000000000003b       0x3b build/obj/vectors.o
 .ARM.attributes
                0x0000000000000076       0x3b build/obj/chcore.o
 .ARM.attributes
                0x00000000000000b1       0x3b build/obj/chcore_v7m.o
 .ARM.attributes
                0x00000000000000ec       0x3b build/obj/nvic.o
 .ARM.attributes
                0x0000000000000127       0x3b build/obj/chsys.o
 .ARM.attributes
                0x0000000000000162       0x3b build/obj/chdebug.o
 .ARM.attributes
                0x000000000000019d       0x3b build/obj/chvt.o
 .ARM.attributes
                0x00000000000001d8       0x3b build/obj/chschd.o
 .ARM.attributes
                0x0000000000000213       0x3b build/obj/chthreads.o
 .ARM.attributes
                0x000000000000024e       0x3b build/obj/chdynamic.o
 .ARM.attributes
                0x0000000000000289       0x3b build/obj/chregistry.o
 .ARM.attributes
                0x00000000000002c4       0x3b build/obj/chmtx.o
 .ARM.attributes
                0x00000000000002ff       0x3b build/obj/chevents.o
 .ARM.attributes
                0x000000000000033a       0x3b build/obj/chqueues.o
 .ARM.attributes
                0x0000000000000375       0x3b build/obj/chmemcore.o
 .ARM.attributes
                0x00000000000003b0       0x3b build/obj/chheap.o
 .ARM.attributes
                0x00000000000003eb       0x3b build/obj/chmempools.o
 .ARM.attributes
                0x0000000000000426       0x3b build/obj/hal.o
 .ARM.attributes
                0x0000000000000461       0x3b build/obj/ext.o
 .ARM.attributes
                0x000000000000049c       0x3b build/obj/i2c.o
 .ARM.attributes
                0x00000000000004d7       0x3b build/obj/serial.o
 .ARM.attributes
                0x0000000000000512       0x3b build/obj/serial_usb.o
 .ARM.attributes
                0x000000000000054d       0x3b build/obj/spi.o
 .ARM.attributes
                0x0000000000000588       0x3b build/obj/tm.o
 .ARM.attributes
                0x00000000000005c3       0x3b build/obj/usb.o
 .ARM.attributes
                0x00000000000005fe       0x3b build/obj/stm32_dma.o
 .ARM.attributes
                0x0000000000000639       0x3b build/obj/hal_lld.o
 .ARM.attributes
                0x0000000000000674       0x3b build/obj/ext_lld_isr.o
 .ARM.attributes
                0x00000000000006af       0x3b build/obj/ext_lld.o
 .ARM.attributes
                0x00000000000006ea       0x3b build/obj/pal_lld.o
 .ARM.attributes
                0x0000000000000725       0x3b build/obj/i2c_lld.o
 .ARM.attributes
                0x0000000000000760       0x3b build/obj/usb_lld.o
 .ARM.attributes
                0x000000000000079b       0x3b build/obj/spi_lld.o
 .ARM.attributes
                0x00000000000007d6       0x3b build/obj/serial_lld.o
 .ARM.attributes
                0x0000000000000811       0x3b build/obj/board.o
 .ARM.attributes
                0x000000000000084c       0x3b build/obj/chprintf.o
 .ARM.attributes
                0x0000000000000887       0x3b build/obj/shell.o
 .ARM.attributes
                0x00000000000008c2       0x3b build/obj/iwdg_lld.o
 .ARM.attributes
                0x00000000000008fd       0x3b build/obj/ADIS16405.o
 .ARM.attributes
                0x0000000000000938       0x3b build/obj/MPL3115A2.o
 .ARM.attributes
                0x0000000000000973       0x3b build/obj/cmddetail.o
 .ARM.attributes
                0x00000000000009ae       0x3b build/obj/extdetail.o
 .ARM.attributes
                0x00000000000009e9       0x3b build/obj/usbdetail.o
 .ARM.attributes
                0x0000000000000a24       0x3b build/obj/main.o
 .ARM.attributes
                0x0000000000000a5f       0x3b /home/david/toolchains/psas/x-tools/stm32f407/arm-psas-eabi/bin/../lib/gcc/arm-psas-eabi/4.7.2/../../../../arm-psas-eabi/lib/libc.a(lib_a-memset.o)
 .ARM.attributes
                0x0000000000000a9a       0x3b /home/david/toolchains/psas/x-tools/stm32f407/arm-psas-eabi/bin/../lib/gcc/arm-psas-eabi/4.7.2/../../../../arm-psas-eabi/lib/libc.a(lib_a-strcasecmp.o)
 .ARM.attributes
                0x0000000000000ad5       0x3b /home/david/toolchains/psas/x-tools/stm32f407/arm-psas-eabi/bin/../lib/gcc/arm-psas-eabi/4.7.2/../../../../arm-psas-eabi/lib/libc.a(lib_a-strpbrk.o)
 .ARM.attributes
                0x0000000000000b10       0x3b /home/david/toolchains/psas/x-tools/stm32f407/arm-psas-eabi/bin/../lib/gcc/arm-psas-eabi/4.7.2/../../../../arm-psas-eabi/lib/libc.a(lib_a-strspn.o)
 .ARM.attributes
                0x0000000000000b4b       0x3b /home/david/toolchains/psas/x-tools/stm32f407/arm-psas-eabi/bin/../lib/gcc/arm-psas-eabi/4.7.2/../../../../arm-psas-eabi/lib/libc.a(lib_a-ctype_.o)

.debug_frame    0x0000000000000000     0x292c
 .debug_frame   0x0000000000000000       0x50 build/obj/crt0.o
 .debug_frame   0x0000000000000050       0x20 build/obj/vectors.o
 .debug_frame   0x0000000000000070       0x20 build/obj/chcore.o
 .debug_frame   0x0000000000000090       0xa4 build/obj/chcore_v7m.o
 .debug_frame   0x0000000000000134       0x64 build/obj/nvic.o
 .debug_frame   0x0000000000000198       0x68 build/obj/chsys.o
 .debug_frame   0x0000000000000200      0x140 build/obj/chdebug.o
 .debug_frame   0x0000000000000340       0x74 build/obj/chvt.o
 .debug_frame   0x00000000000003b4      0x128 build/obj/chschd.o
 .debug_frame   0x00000000000004dc      0x1ac build/obj/chthreads.o
 .debug_frame   0x0000000000000688       0xa0 build/obj/chdynamic.o
 .debug_frame   0x0000000000000728       0x4c build/obj/chregistry.o
 .debug_frame   0x0000000000000774      0x108 build/obj/chmtx.o
 .debug_frame   0x000000000000087c      0x238 build/obj/chevents.o
 .debug_frame   0x0000000000000ab4      0x180 build/obj/chqueues.o
 .debug_frame   0x0000000000000c34       0x68 build/obj/chmemcore.o
 .debug_frame   0x0000000000000c9c       0xb0 build/obj/chheap.o
 .debug_frame   0x0000000000000d4c       0xc8 build/obj/chmempools.o
 .debug_frame   0x0000000000000e14       0x54 build/obj/hal.o
 .debug_frame   0x0000000000000e68       0xcc build/obj/ext.o
 .debug_frame   0x0000000000000f34      0x118 build/obj/i2c.o
 .debug_frame   0x000000000000104c      0x140 build/obj/serial.o
 .debug_frame   0x000000000000118c      0x1d4 build/obj/serial_usb.o
 .debug_frame   0x0000000000001360      0x1ec build/obj/spi.o
 .debug_frame   0x000000000000154c       0x64 build/obj/tm.o
 .debug_frame   0x00000000000015b0      0x21c build/obj/usb.o
 .debug_frame   0x00000000000017cc      0x234 build/obj/stm32_dma.o
 .debug_frame   0x0000000000001a00       0x3c build/obj/hal_lld.o