Archive member included because of file (symbol)

/home/david/toolchains/psas/x-tools/stm32f407/arm-psas-eabi/bin/../lib/gcc/arm-psas-eabi/4.7.2/../../../../arm-psas-eabi/lib/libc.a(lib_a-memset.o)
                              build/obj/usb.o (memset)
/home/david/toolchains/psas/x-tools/stm32f407/arm-psas-eabi/bin/../lib/gcc/arm-psas-eabi/4.7.2/../../../../arm-psas-eabi/lib/libc.a(lib_a-strcasecmp.o)
                              build/obj/shell.o (strcasecmp)
/home/david/toolchains/psas/x-tools/stm32f407/arm-psas-eabi/bin/../lib/gcc/arm-psas-eabi/4.7.2/../../../../arm-psas-eabi/lib/libc.a(lib_a-strpbrk.o)
                              build/obj/shell.o (strpbrk)
/home/david/toolchains/psas/x-tools/stm32f407/arm-psas-eabi/bin/../lib/gcc/arm-psas-eabi/4.7.2/../../../../arm-psas-eabi/lib/libc.a(lib_a-strspn.o)
                              build/obj/shell.o (strspn)
/home/david/toolchains/psas/x-tools/stm32f407/arm-psas-eabi/bin/../lib/gcc/arm-psas-eabi/4.7.2/../../../../arm-psas-eabi/lib/libc.a(lib_a-ctype_.o)
                              /home/david/toolchains/psas/x-tools/stm32f407/arm-psas-eabi/bin/../lib/gcc/arm-psas-eabi/4.7.2/../../../../arm-psas-eabi/lib/libc.a(lib_a-strcasecmp.o) (__ctype_ptr__)

Discarded input sections

 .text          0x0000000000000000        0x0 build/obj/crt0.o
 .data          0x0000000000000000        0x0 build/obj/crt0.o
 .bss           0x0000000000000000        0x0 build/obj/crt0.o
 .text.__early_init
                0x0000000000000000       0x10 build/obj/crt0.o
 .text          0x0000000000000000        0x0 build/obj/vectors.o
 .data          0x0000000000000000        0x0 build/obj/vectors.o
 .bss           0x0000000000000000        0x0 build/obj/vectors.o
 .text          0x0000000000000000        0x0 build/obj/chcore.o
 .data          0x0000000000000000        0x0 build/obj/chcore.o
 .bss           0x0000000000000000        0x0 build/obj/chcore.o
 .text          0x0000000000000000        0x0 build/obj/chcore_v7m.o
 .data          0x0000000000000000        0x0 build/obj/chcore_v7m.o
 .bss           0x0000000000000000        0x0 build/obj/chcore_v7m.o
 .text          0x0000000000000000        0x0 build/obj/nvic.o
 .data          0x0000000000000000        0x0 build/obj/nvic.o
 .bss           0x0000000000000000        0x0 build/obj/nvic.o
 .text.nvicDisableVector
                0x0000000000000000       0x40 build/obj/nvic.o
 .text          0x0000000000000000        0x0 build/obj/chsys.o
 .data          0x0000000000000000        0x0 build/obj/chsys.o
 .bss           0x0000000000000000        0x0 build/obj/chsys.o
 .text          0x0000000000000000        0x0 build/obj/chdebug.o
 .data          0x0000000000000000        0x0 build/obj/chdebug.o
 .bss           0x0000000000000000        0x0 build/obj/chdebug.o
 .text.dbg_check_disable
                0x0000000000000000       0x30 build/obj/chdebug.o
 .text.dbg_check_suspend
                0x0000000000000000       0x30 build/obj/chdebug.o
 .text          0x0000000000000000        0x0 build/obj/chlists.o
 .data          0x0000000000000000        0x0 build/obj/chlists.o
 .bss           0x0000000000000000        0x0 build/obj/chlists.o
 .debug_info    0x0000000000000000       0x72 build/obj/chlists.o
 .debug_abbrev  0x0000000000000000       0x26 build/obj/chlists.o
 .debug_aranges
                0x0000000000000000       0x18 build/obj/chlists.o
 .debug_line    0x0000000000000000       0x1d build/obj/chlists.o
 .debug_str     0x0000000000000000       0xf3 build/obj/chlists.o
 .comment       0x0000000000000000       0x34 build/obj/chlists.o
 .ARM.attributes
                0x0000000000000000       0x3b build/obj/chlists.o
 .text          0x0000000000000000        0x0 build/obj/chvt.o
 .data          0x0000000000000000        0x0 build/obj/chvt.o
 .bss           0x0000000000000000        0x0 build/obj/chvt.o
 .text.chTimeIsWithin
                0x0000000000000000       0x40 build/obj/chvt.o
 .text          0x0000000000000000        0x0 build/obj/chschd.o
 .data          0x0000000000000000        0x0 build/obj/chschd.o
 .bss           0x0000000000000000        0x0 build/obj/chschd.o
 .text          0x0000000000000000        0x0 build/obj/chthreads.o
 .data          0x0000000000000000        0x0 build/obj/chthreads.o
 .bss           0x0000000000000000        0x0 build/obj/chthreads.o
 .text.chThdSetPriority
                0x0000000000000000       0x50 build/obj/chthreads.o
 .text.chThdResume
                0x0000000000000000       0x40 build/obj/chthreads.o
 .text.chThdTerminate
                0x0000000000000000       0x30 build/obj/chthreads.o
 .text.chThdSleepUntil
                0x0000000000000000       0x30 build/obj/chthreads.o
 .text.chThdYield
                0x0000000000000000       0x30 build/obj/chthreads.o
 .text.chThdWait
                0x0000000000000000       0x80 build/obj/chthreads.o
 .text          0x0000000000000000        0x0 build/obj/chdynamic.o
[...]
Memory Configuration

Name             Origin             Length             Attributes
flash            0x0000000008000000 0x0000000000100000
ram              0x0000000020000000 0x000000000001c000
ethram           0x000000002001c000 0x0000000000004000
ccmram           0x0000000010000000 0x0000000000010000
*default*        0x0000000000000000 0xffffffffffffffff

Linker script and memory map

LOAD build/obj/crt0.o
LOAD build/obj/vectors.o
LOAD build/obj/chcore.o
LOAD build/obj/chcore_v7m.o
LOAD build/obj/nvic.o
LOAD build/obj/chsys.o
LOAD build/obj/chdebug.o
LOAD build/obj/chlists.o
LOAD build/obj/chvt.o
LOAD build/obj/chschd.o
LOAD build/obj/chthreads.o
LOAD build/obj/chdynamic.o
LOAD build/obj/chregistry.o
LOAD build/obj/chsem.o
LOAD build/obj/chmtx.o
LOAD build/obj/chcond.o
LOAD build/obj/chevents.o
LOAD build/obj/chmsg.o
LOAD build/obj/chmboxes.o
LOAD build/obj/chqueues.o
LOAD build/obj/chmemcore.o
LOAD build/obj/chheap.o
LOAD build/obj/chmempools.o
LOAD build/obj/hal.o
LOAD build/obj/adc.o
LOAD build/obj/can.o
LOAD build/obj/ext.o
LOAD build/obj/gpt.o
LOAD build/obj/i2c.o
LOAD build/obj/icu.o
LOAD build/obj/mac.o
LOAD build/obj/mmc_spi.o
LOAD build/obj/mmcsd.o
LOAD build/obj/pal.o
LOAD build/obj/pwm.o
LOAD build/obj/rtc.o
LOAD build/obj/sdc.o
LOAD build/obj/serial.o
LOAD build/obj/serial_usb.o
LOAD build/obj/spi.o
LOAD build/obj/tm.o
LOAD build/obj/uart.o
LOAD build/obj/usb.o
LOAD build/obj/stm32_dma.o
LOAD build/obj/hal_lld.o
LOAD build/obj/adc_lld.o
LOAD build/obj/ext_lld_isr.o
LOAD build/obj/can_lld.o
LOAD build/obj/ext_lld.o
LOAD build/obj/gpt_lld.o
LOAD build/obj/icu_lld.o
LOAD build/obj/mac_lld.o
LOAD build/obj/pwm_lld.o
LOAD build/obj/sdc_lld.o
LOAD build/obj/pal_lld.o
LOAD build/obj/i2c_lld.o
LOAD build/obj/usb_lld.o
LOAD build/obj/rtc_lld.o
LOAD build/obj/spi_lld.o
LOAD build/obj/serial_lld.o
LOAD build/obj/uart_lld.o
LOAD build/obj/board.o
LOAD build/obj/evtimer.o
LOAD build/obj/chprintf.o
LOAD build/obj/shell.o
LOAD build/obj/iwdg_lld.o
LOAD build/obj/ADIS16405.o
LOAD build/obj/MPL3115A2.o
LOAD build/obj/cmddetail.o
LOAD build/obj/extdetail.o
LOAD build/obj/usbdetail.o
LOAD build/obj/main.o
START GROUP
LOAD /home/david/toolchains/psas/x-tools/stm32f407/arm-psas-eabi/bin/../lib/gcc/arm-psas-eabi/4.7.2/libgcc.a
LOAD /home/david/toolchains/psas/x-tools/stm32f407/arm-psas-eabi/bin/../lib/gcc/arm-psas-eabi/4.7.2/../../../../arm-psas-eabi/lib/libc.a
END GROUP
                0x0000000000000400                __main_stack_size__ = 0x400
                0x0000000000000400                __process_stack_size__ = 0x400
                0x0000000020000000                __ram_start__ = ORIGIN (ram)
                0x000000000001c000                __ram_size__ = 0x1c000
                0x000000002001c000                __ram_end__ = (__ram_start__ + __ram_size__)
                0x0000000000000000                . = 0x0
                0x0000000000000000                _text = .

startup         0x0000000008000000      0x188
 *(vectors)
 vectors        0x0000000008000000      0x188 build/obj/vectors.o
                0x0000000008000000                _vectors

constructors    0x0000000008000188        0x0
                0x0000000008000188                PROVIDE (__init_array_start, .)
 *(SORT(.init_array.*))
 *(.init_array)
                0x0000000008000188                PROVIDE (__init_array_end, .)

destructors     0x0000000008000188        0x0
                0x0000000008000188                PROVIDE (__fini_array_start, .)
 *(.fini_array)
 *(SORT(.fini_array.*))
                0x0000000008000188                PROVIDE (__fini_array_end, .)

.text           0x0000000008000190     0x6e94
 *(.text.startup.*)
 .text.startup.main
                0x0000000008000190      0x170 build/obj/main.o
                0x0000000008000190                main
 *(.text)
 .text          0x0000000008000300       0x10 /home/david/toolchains/psas/x-tools/stm32f407/arm-psas-eabi/bin/../lib/gcc/arm-psas-eabi/4.7.2/../../../../arm-psas-eabi/lib/libc.a(lib_a-memset.o)
                0x0000000008000300                memset
 .text          0x0000000008000310       0x3c /home/david/toolchains/psas/x-tools/stm32f407/arm-psas-eabi/bin/../lib/gcc/arm-psas-eabi/4.7.2/../../../../arm-psas-eabi/lib/libc.a(lib_a-strcasecmp.o)
                0x0000000008000310                strcasecmp
 *fill*         0x000000000800034c        0x4 00
 .text          0x0000000008000350       0x32 /home/david/toolchains/psas/x-tools/stm32f407/arm-psas-eabi/bin/../lib/gcc/arm-psas-eabi/4.7.2/../../../../arm-psas-eabi/lib/libc.a(lib_a-strpbrk.o)
                0x0000000008000350                strpbrk
 *fill*         0x0000000008000382        0xe 00
 .text          0x0000000008000390       0x24 /home/david/toolchains/psas/x-tools/stm32f407/arm-psas-eabi/bin/../lib/gcc/arm-psas-eabi/4.7.2/../../../../arm-psas-eabi/lib/libc.a(lib_a-strspn.o)
                0x0000000008000390                strspn
 *(.text.*)
 *fill*         0x00000000080003b4        0xc 00
 .text.__late_init
                0x00000000080003c0       0x10 build/obj/crt0.o
                0x00000000080003c0                __late_init
 .text._default_exit
                0x00000000080003d0       0x10 build/obj/crt0.o
                0x00000000080003d0                _default_exit
 .text.ResetHandler
                0x00000000080003e0      0x120 build/obj/crt0.o
                0x00000000080003e0                ResetHandler
 .text._unhandled_exception
                0x0000000008000500       0x10 build/obj/vectors.o
                0x0000000008000500                VectorAC
                0x0000000008000500                NMIVector
                0x0000000008000500                Vector11C
                0x0000000008000500                Vector8C
                0x0000000008000500                VectorDC
                0x0000000008000500                Vector168
                0x0000000008000500                Vector110
                0x0000000008000500                Vector94
                0x0000000008000500                VectorA8
                0x0000000008000500                VectorB4
                0x0000000008000500                Vector160
                0x0000000008000500                VectorEC
                0x0000000008000500                UsageFaultVector
                0x0000000008000500                DebugMonitorVector
                0x0000000008000500                Vector40
                0x0000000008000500                VectorF8
                0x0000000008000500                Vector108
                0x0000000008000500                VectorBC
                0x0000000008000500                Vector148
                0x0000000008000500                PendSVVector
                0x0000000008000500                Vector118
                0x0000000008000500                VectorCC
                0x0000000008000500                Vector54
                0x0000000008000500                Vector98
                0x0000000008000500                VectorD8
                0x0000000008000500                Vector24
                0x0000000008000500                Vector178
                0x0000000008000500                BusFaultVector
                0x0000000008000500                VectorD0
                0x0000000008000500                Vector140
                0x0000000008000500                VectorE4
                0x0000000008000500                VectorC0
                0x0000000008000500                HardFaultVector
                0x0000000008000500                Vector134
                0x0000000008000500                VectorF0
                0x0000000008000500                Vector13C
                0x0000000008000500                Vector100
                0x0000000008000500                VectorF4
                0x0000000008000500                MemManageVector
                0x0000000008000500                VectorA0
                0x0000000008000500                Vector180
                0x0000000008000500                VectorB0
                0x0000000008000500                Vector90
                0x0000000008000500                Vector114
                0x0000000008000500                Vector164
                0x0000000008000500                Vector1C
                0x0000000008000500                Vector17C
                0x0000000008000500                Vector48
                0x0000000008000500                Vector16C
                0x0000000008000500                VectorD4
                0x0000000008000500                Vector144
                0x0000000008000500                _unhandled_exception
                0x0000000008000500                Vector88
                0x0000000008000500                Vector104
                0x0000000008000500                Vector184
                0x0000000008000500                Vector10C
                0x0000000008000500                Vector50
                0x0000000008000500                Vector28
                0x0000000008000500                VectorB8
                0x0000000008000500                Vector34
                0x0000000008000500                VectorA4
                0x0000000008000500                Vector20
                0x0000000008000500                Vector174
 .text.port_halt
                0x0000000008000510       0x10 build/obj/chcore.o
                0x0000000008000510                port_halt
 .text._port_switch_from_isr
                0x0000000008000520       0x10 build/obj/chcore_v7m.o
                0x0000000008000520                _port_switch_from_isr
 .text.SVCallVector
                0x0000000008000530       0x20 build/obj/chcore_v7m.o
                0x0000000008000530                SVCallVector
 .text._port_init
                0x0000000008000550       0x40 build/obj/chcore_v7m.o
                0x0000000008000550                _port_init
 .text._port_irq_epilogue
                0x0000000008000590       0x80 build/obj/chcore_v7m.o
                0x0000000008000590                _port_irq_epilogue
 .text.SysTickVector
                0x0000000008000610       0x30 build/obj/chcore_v7m.o
                0x0000000008000610                SysTickVector
 .text._port_switch
                0x0000000008000640       0x10 build/obj/chcore_v7m.o
                0x0000000008000640                _port_switch
 .text._port_thread_start
                0x0000000008000650       0x20 build/obj/chcore_v7m.o
                0x0000000008000650                _port_thread_start
 .text.nvicEnableVector
                0x0000000008000670       0x50 build/obj/nvic.o
                0x0000000008000670                nvicEnableVector
 .text.nvicSetSystemHandlerPriority
                0x00000000080006c0       0x30 build/obj/nvic.o
                0x00000000080006c0                nvicSetSystemHandlerPriority
 .text._idle_thread
                0x00000000080006f0       0x20 build/obj/chsys.o
                0x00000000080006f0                _idle_thread
 .text.chSysInit
                0x0000000008000710       0x80 build/obj/chsys.o
                0x0000000008000710                chSysInit
 .text.chSysTimerHandlerI
                0x0000000008000790       0x70 build/obj/chsys.o
                0x0000000008000790                chSysTimerHandlerI
 .text.dbg_check_enable
                0x0000000008000800       0x30 build/obj/chdebug.o
                0x0000000008000800                dbg_check_enable
 .text.dbg_check_lock
                0x0000000008000830       0x30 build/obj/chdebug.o
                0x0000000008000830                dbg_check_lock
 .text.dbg_check_unlock
                0x0000000008000860       0x40 build/obj/chdebug.o
                0x0000000008000860                dbg_check_unlock
 .text.dbg_check_lock_from_isr
                0x00000000080008a0       0x30 build/obj/chdebug.o
                0x00000000080008a0                dbg_check_lock_from_isr
 .text.dbg_check_unlock_from_isr
                0x00000000080008d0       0x40 build/obj/chdebug.o
                0x00000000080008d0                dbg_check_unlock_from_isr
 .text.dbg_check_enter_isr
                0x0000000008000910       0x40 build/obj/chdebug.o
                0x0000000008000910                dbg_check_enter_isr
 .text.dbg_check_leave_isr
                0x0000000008000950       0x40 build/obj/chdebug.o
                0x0000000008000950                dbg_check_leave_isr
 .text.chDbgCheckClassI
                0x0000000008000990       0x30 build/obj/chdebug.o
                0x0000000008000990                chDbgCheckClassI
 .text.chDbgCheckClassS
                0x00000000080009c0       0x30 build/obj/chdebug.o
                0x00000000080009c0                chDbgCheckClassS
 .text._trace_init
                0x00000000080009f0       0x20 build/obj/chdebug.o
                0x00000000080009f0                _trace_init
 .text.dbg_trace
                0x0000000008000a10       0x40 build/obj/chdebug.o
                0x0000000008000a10                dbg_trace
 .text.chDbgPanic
                0x0000000008000a50       0x10 build/obj/chdebug.o
                0x0000000008000a50                chDbgPanic
 .text._vt_init
                0x0000000008000a60       0x20 build/obj/chvt.o
                0x0000000008000a60                _vt_init
 .text.chVTSetI
                0x0000000008000a80       0x60 build/obj/chvt.o
                0x0000000008000a80                chVTSetI
 .text.chVTResetI
                0x0000000008000ae0       0x50 build/obj/chvt.o
                0x0000000008000ae0                chVTResetI
 .text._scheduler_init
                0x0000000008000b30       0x20 build/obj/chschd.o
                0x0000000008000b30                _scheduler_init
 .text.chSchReadyI
                0x0000000008000b50       0x50 build/obj/chschd.o
                0x0000000008000b50                chSchReadyI
 .text.wakeup   0x0000000008000ba0       0x60 build/obj/chschd.o
 .text.chSchGoSleepS
                0x0000000008000c00       0x50 build/obj/chschd.o
                0x0000000008000c00                chSchGoSleepS
 .text.chSchGoSleepTimeoutS
                0x0000000008000c50       0x50 build/obj/chschd.o
                0x0000000008000c50                chSchGoSleepTimeoutS
 .text.chSchWakeupS
                0x0000000008000ca0       0x60 build/obj/chschd.o
                0x0000000008000ca0                chSchWakeupS
 .text.chSchDoRescheduleBehind
                0x0000000008000d00       0x50 build/obj/chschd.o
                0x0000000008000d00                chSchDoRescheduleBehind
 .text.chSchDoRescheduleAhead
                0x0000000008000d50       0x60 build/obj/chschd.o
                0x0000000008000d50                chSchDoRescheduleAhead
 .text.chSchRescheduleS
                0x0000000008000db0       0x30 build/obj/chschd.o
                0x0000000008000db0                chSchRescheduleS
 .text.chSchDoReschedule
                0x0000000008000de0       0x20 build/obj/chschd.o
                0x0000000008000de0                chSchDoReschedule
 .text._thread_init
                0x0000000008000e00       0x60 build/obj/chthreads.o
                0x0000000008000e00                _thread_init
 .text._thread_memfill
                0x0000000008000e60       0x10 build/obj/chthreads.o
                0x0000000008000e60                _thread_memfill
 .text.chThdCreateI
                0x0000000008000e70       0xb0 build/obj/chthreads.o
                0x0000000008000e70                chThdCreateI
 .text.chThdCreateStatic
                0x0000000008000f20       0x70 build/obj/chthreads.o
                0x0000000008000f20                chThdCreateStatic
 .text.chThdSleep
                0x0000000008000f90       0x30 build/obj/chthreads.o
                0x0000000008000f90                chThdSleep
 .text.chThdExitS
                0x0000000008000fc0       0x50 build/obj/chthreads.o
                0x0000000008000fc0                chThdExitS
 .text.chThdExit
                0x0000000008001010       0x20 build/obj/chthreads.o
                0x0000000008001010                chThdExit
 .text.chThdRelease
                0x0000000008001030       0x80 build/obj/chdynamic.o
                0x0000000008001030                chThdRelease
 .text.chThdCreateFromHeap
                0x00000000080010b0       0x70 build/obj/chdynamic.o
                0x00000000080010b0                chThdCreateFromHeap
 .text.chRegFirstThread
                0x0000000008001120       0x30 build/obj/chregistry.o
                0x0000000008001120                chRegFirstThread
 .text.chRegNextThread
                0x0000000008001150       0x50 build/obj/chregistry.o
                0x0000000008001150                chRegNextThread
 .text.chMtxInit
                0x00000000080011a0       0x20 build/obj/chmtx.o
                0x00000000080011a0                chMtxInit
 .text.chMtxLockS
                0x00000000080011c0      0x100 build/obj/chmtx.o
                0x00000000080011c0                chMtxLockS
 .text.chMtxLock
                0x00000000080012c0       0x20 build/obj/chmtx.o
                0x00000000080012c0                chMtxLock
 .text.chMtxUnlock
                0x00000000080012e0       0x90 build/obj/chmtx.o
                0x00000000080012e0                chMtxUnlock
 .text.chEvtRegisterMask
                0x0000000008001370       0x50 build/obj/chevents.o
                0x0000000008001370                chEvtRegisterMask
 .text.chEvtSignalI
                0x00000000080013c0       0x50 build/obj/chevents.o
                0x00000000080013c0                chEvtSignalI
 .text.chEvtBroadcastFlagsI
                0x0000000008001410       0x40 build/obj/chevents.o
                0x0000000008001410                chEvtBroadcastFlagsI
 .text.chEvtDispatch
                0x0000000008001450       0x50 build/obj/chevents.o
                0x0000000008001450                chEvtDispatch
 .text.chEvtWaitOneTimeout
                0x00000000080014a0       0x60 build/obj/chevents.o
                0x00000000080014a0                chEvtWaitOneTimeout
 .text.qwait    0x0000000008001500       0x30 build/obj/chqueues.o
 .text.chIQInit
                0x0000000008001530       0x20 build/obj/chqueues.o
                0x0000000008001530                chIQInit
 .text.chIQResetI
                0x0000000008001550       0x30 build/obj/chqueues.o
                0x0000000008001550                chIQResetI
 .text.chIQPutI
                0x0000000008001580       0x50 build/obj/chqueues.o
                0x0000000008001580                chIQPutI
 .text.chIQGetTimeout
                0x00000000080015d0       0x60 build/obj/chqueues.o
                0x00000000080015d0                chIQGetTimeout
 .text.chIQReadTimeout
                0x0000000008001630       0xa0 build/obj/chqueues.o
                0x0000000008001630                chIQReadTimeout
 .text.chOQInit
                0x00000000080016d0       0x20 build/obj/chqueues.o
                0x00000000080016d0                chOQInit
 .text.chOQResetI
                0x00000000080016f0       0x40 build/obj/chqueues.o
                0x00000000080016f0                chOQResetI
 .text.chOQPutTimeout
                0x0000000008001730       0x70 build/obj/chqueues.o
                0x0000000008001730                chOQPutTimeout
 .text.chOQGetI
                0x00000000080017a0       0x50 build/obj/chqueues.o
                0x00000000080017a0                chOQGetI
 .text.chOQWriteTimeout
                0x00000000080017f0       0xa0 build/obj/chqueues.o
                0x00000000080017f0                chOQWriteTimeout
 .text._core_init
                0x0000000008001890       0x30 build/obj/chmemcore.o
                0x0000000008001890                _core_init
 .text.chCoreAllocI
                0x00000000080018c0       0x30 build/obj/chmemcore.o
                0x00000000080018c0                chCoreAllocI
 .text.chCoreAlloc
                0x00000000080018f0       0x30 build/obj/chmemcore.o
                0x00000000080018f0                chCoreAlloc
 .text.chCoreStatus
                0x0000000008001920       0x20 build/obj/chmemcore.o
                0x0000000008001920                chCoreStatus
 .text._heap_init
                0x0000000008001940       0x20 build/obj/chheap.o
                0x0000000008001940                _heap_init
 .text.chHeapAlloc
                0x0000000008001960       0x90 build/obj/chheap.o
                0x0000000008001960                chHeapAlloc
 .text.chHeapFree
                0x00000000080019f0       0xb0 build/obj/chheap.o
                0x00000000080019f0                chHeapFree
 .text.chHeapStatus
                0x0000000008001aa0       0x40 build/obj/chheap.o
                0x0000000008001aa0                chHeapStatus
 .text.chPoolFreeI
                0x0000000008001ae0       0x30 build/obj/chmempools.o
                0x0000000008001ae0                chPoolFreeI
 .text.chPoolFree
                0x0000000008001b10       0x30 build/obj/chmempools.o
                0x0000000008001b10                chPoolFree
 .text.halInit  0x0000000008001b40       0x40 build/obj/hal.o
                0x0000000008001b40                halInit
 .text.halPolledDelay
                0x0000000008001b80       0x50 build/obj/hal.o
                0x0000000008001b80                halPolledDelay
 .text.extInit  0x0000000008001bd0       0x10 build/obj/ext.o
                0x0000000008001bd0                extInit
 .text.extObjectInit
                0x0000000008001be0       0x10 build/obj/ext.o
                0x0000000008001be0                extObjectInit
 .text.i2cInit  0x0000000008001bf0       0x10 build/obj/i2c.o
                0x0000000008001bf0                i2cInit
 .text.i2cObjectInit
                0x0000000008001c00       0x10 build/obj/i2c.o
                0x0000000008001c00                i2cObjectInit
 .text.i2cStart
                0x0000000008001c10       0x60 build/obj/i2c.o
                0x0000000008001c10                i2cStart
 .text.i2cGetErrors
                0x0000000008001c70       0x20 build/obj/i2c.o
                0x0000000008001c70                i2cGetErrors
 .text.i2cMasterTransmitTimeout
                0x0000000008001c90       0x90 build/obj/i2c.o
                0x0000000008001c90                i2cMasterTransmitTimeout
 .text.i2cAcquireBus
                0x0000000008001d20       0x20 build/obj/i2c.o
                0x0000000008001d20                i2cAcquireBus
 .text.i2cReleaseBus
                0x0000000008001d40       0x20 build/obj/i2c.o
                0x0000000008001d40                i2cReleaseBus
 .text.readt    0x0000000008001d60       0x10 build/obj/serial.o
 .text.read     0x0000000008001d70       0x10 build/obj/serial.o
 .text.writet   0x0000000008001d80       0x10 build/obj/serial.o
 .text.write    0x0000000008001d90       0x10 build/obj/serial.o
 .text.gett     0x0000000008001da0       0x10 build/obj/serial.o
 .text.get      0x0000000008001db0       0x10 build/obj/serial.o
 .text.putt     0x0000000008001dc0       0x10 build/obj/serial.o
 .text.put      0x0000000008001dd0       0x10 build/obj/serial.o
 .text.sdInit   0x0000000008001de0       0x10 build/obj/serial.o
                0x0000000008001de0                sdInit
 .text.sdObjectInit
                0x0000000008001df0       0x50 build/obj/serial.o
                0x0000000008001df0                sdObjectInit
 .text.sdIncomingDataI
                0x0000000008001e40       0x50 build/obj/serial.o
                0x0000000008001e40                sdIncomingDataI
 .text.onotify  0x0000000008001e90       0x60 build/obj/serial_usb.o
 .text.inotify  0x0000000008001ef0       0x70 build/obj/serial_usb.o
 .text.readt    0x0000000008001f60       0x10 build/obj/serial_usb.o
 .text.read     0x0000000008001f70       0x10 build/obj/serial_usb.o
 .text.writet   0x0000000008001f80       0x10 build/obj/serial_usb.o
 .text.write    0x0000000008001f90       0x10 build/obj/serial_usb.o
 .text.gett     0x0000000008001fa0       0x10 build/obj/serial_usb.o
 .text.get      0x0000000008001fb0       0x10 build/obj/serial_usb.o
 .text.putt     0x0000000008001fc0       0x10 build/obj/serial_usb.o
 .text.put      0x0000000008001fd0       0x10 build/obj/serial_usb.o
 .text.sduInit  0x0000000008001fe0       0x10 build/obj/serial_usb.o
                0x0000000008001fe0                sduInit
 .text.sduObjectInit
                0x0000000008001ff0       0x60 build/obj/serial_usb.o
                0x0000000008001ff0                sduObjectInit
 .text.sduStart
                0x0000000008002050       0x50 build/obj/serial_usb.o
                0x0000000008002050                sduStart
 .text.sduConfigureHookI
                0x00000000080020a0       0x40 build/obj/serial_usb.o
                0x00000000080020a0                sduConfigureHookI
 .text.sduRequestsHook
                0x00000000080020e0       0x40 build/obj/serial_usb.o
                0x00000000080020e0                sduRequestsHook
 .text.sduDataTransmitted
                0x0000000008002120       0x80 build/obj/serial_usb.o
                0x0000000008002120                sduDataTransmitted
 .text.sduDataReceived
                0x00000000080021a0       0x70 build/obj/serial_usb.o
                0x00000000080021a0                sduDataReceived
 .text.sduInterruptTransmitted
                0x0000000008002210       0x10 build/obj/serial_usb.o
                0x0000000008002210                sduInterruptTransmitted
 .text.spiInit  0x0000000008002220       0x10 build/obj/spi.o
                0x0000000008002220                spiInit
 .text.spiObjectInit
                0x0000000008002230       0x10 build/obj/spi.o
                0x0000000008002230                spiObjectInit
 .text.tm_start
                0x0000000008002240       0x10 build/obj/tm.o
 .text.tm_stop  0x0000000008002250       0x40 build/obj/tm.o
 .text.tmInit   0x0000000008002290       0x50 build/obj/tm.o
                0x0000000008002290                tmInit
 .text.usbInit  0x00000000080022e0       0x10 build/obj/usb.o
                0x00000000080022e0                usbInit
 .text.usbObjectInit
                0x00000000080022f0       0x10 build/obj/usb.o
                0x00000000080022f0                usbObjectInit
 .text.usbStart
                0x0000000008002300       0x60 build/obj/usb.o
                0x0000000008002300                usbStart
 .text.usbInitEndpointI
                0x0000000008002360       0x70 build/obj/usb.o
                0x0000000008002360                usbInitEndpointI
 .text.usbPrepareReceive
                0x00000000080023d0       0x20 build/obj/usb.o
                0x00000000080023d0                usbPrepareReceive
 .text.usbPrepareTransmit
                0x00000000080023f0       0x20 build/obj/usb.o
                0x00000000080023f0                usbPrepareTransmit
 .text.usbPrepareQueuedReceive
                0x0000000008002410       0x20 build/obj/usb.o
                0x0000000008002410                usbPrepareQueuedReceive
 .text.usbPrepareQueuedTransmit
                0x0000000008002430       0x20 build/obj/usb.o
                0x0000000008002430                usbPrepareQueuedTransmit
 .text.usbStartReceiveI
                0x0000000008002450       0x40 build/obj/usb.o
                0x0000000008002450                usbStartReceiveI
 .text.usbStartTransmitI
                0x0000000008002490       0x40 build/obj/usb.o
                0x0000000008002490                usbStartTransmitI
 .text._usb_reset
                0x00000000080024d0       0x30 build/obj/usb.o
                0x00000000080024d0                _usb_reset
 .text._usb_ep0setup
                0x0000000008002500      0x340 build/obj/usb.o
                0x0000000008002500                _usb_ep0setup
 .text._usb_ep0in
                0x0000000008002840       0xc0 build/obj/usb.o
                0x0000000008002840                _usb_ep0in
 .text._usb_ep0out
                0x0000000008002900       0x80 build/obj/usb.o
                0x0000000008002900                _usb_ep0out
 .text.Vector6C
                0x0000000008002980       0x40 build/obj/stm32_dma.o
                0x0000000008002980                Vector6C
 .text.Vector70
                0x00000000080029c0       0x40 build/obj/stm32_dma.o
                0x00000000080029c0                Vector70
 .text.Vector74
                0x0000000008002a00       0x40 build/obj/stm32_dma.o
                0x0000000008002a00                Vector74
 .text.Vector78
                0x0000000008002a40       0x40 build/obj/stm32_dma.o
                0x0000000008002a40                Vector78
 .text.Vector7C
                0x0000000008002a80       0x40 build/obj/stm32_dma.o
                0x0000000008002a80                Vector7C
 .text.Vector80
                0x0000000008002ac0       0x40 build/obj/stm32_dma.o
                0x0000000008002ac0                Vector80
 .text.Vector84
                0x0000000008002b00       0x40 build/obj/stm32_dma.o
                0x0000000008002b00                Vector84
 .text.VectorFC
                0x0000000008002b40       0x40 build/obj/stm32_dma.o
                0x0000000008002b40                VectorFC
 .text.Vector120
                0x0000000008002b80       0x40 build/obj/stm32_dma.o
                0x0000000008002b80                Vector120
 .text.Vector124
                0x0000000008002bc0       0x40 build/obj/stm32_dma.o
                0x0000000008002bc0                Vector124
 .text.Vector128
                0x0000000008002c00       0x40 build/obj/stm32_dma.o
                0x0000000008002c00                Vector128
 .text.Vector12C
                0x0000000008002c40       0x40 build/obj/stm32_dma.o
                0x0000000008002c40                Vector12C
 .text.Vector130
                0x0000000008002c80       0x40 build/obj/stm32_dma.o
                0x0000000008002c80                Vector130
 .text.Vector150
                0x0000000008002cc0       0x40 build/obj/stm32_dma.o
                0x0000000008002cc0                Vector150
 .text.Vector154
                0x0000000008002d00       0x40 build/obj/stm32_dma.o
                0x0000000008002d00                Vector154
 .text.Vector158
                0x0000000008002d40       0x40 build/obj/stm32_dma.o
                0x0000000008002d40                Vector158
 .text.dmaInit  0x0000000008002d80       0x50 build/obj/stm32_dma.o
                0x0000000008002d80                dmaInit
 .text.dmaStreamAllocate
                0x0000000008002dd0       0xc0 build/obj/stm32_dma.o
                0x0000000008002dd0                dmaStreamAllocate
 .text.hal_lld_init
                0x0000000008002e90       0xd0 build/obj/hal_lld.o
                0x0000000008002e90                hal_lld_init
 .text.stm32_clock_init
                0x0000000008002f60       0xe0 build/obj/hal_lld.o
                0x0000000008002f60                stm32_clock_init
 .text.Vector58
                0x0000000008003040       0x30 build/obj/ext_lld_isr.o
                0x0000000008003040                Vector58
 .text.Vector5C
                0x0000000008003070       0x30 build/obj/ext_lld_isr.o
                0x0000000008003070                Vector5C
 .text.Vector60
                0x00000000080030a0       0x30 build/obj/ext_lld_isr.o
                0x00000000080030a0                Vector60
 .text.Vector64
                0x00000000080030d0       0x30 build/obj/ext_lld_isr.o
                0x00000000080030d0                Vector64
 .text.Vector68
                0x0000000008003100       0x30 build/obj/ext_lld_isr.o
                0x0000000008003100                Vector68
 .text.Vector9C
                0x0000000008003130       0x80 build/obj/ext_lld_isr.o
                0x0000000008003130                Vector9C
 .text.VectorE0
                0x00000000080031b0       0x90 build/obj/ext_lld_isr.o
                0x00000000080031b0                VectorE0
 .text.Vector44
                0x0000000008003240       0x40 build/obj/ext_lld_isr.o
                0x0000000008003240                Vector44
 .text.VectorE8
                0x0000000008003280       0x40 build/obj/ext_lld_isr.o
                0x0000000008003280                VectorE8
 .text.Vector138
                0x00000000080032c0       0x40 build/obj/ext_lld_isr.o
                0x00000000080032c0                Vector138
 .text.Vector170
                0x0000000008003300       0x40 build/obj/ext_lld_isr.o
                0x0000000008003300                Vector170
 .text.Vector4C
                0x0000000008003340       0x40 build/obj/ext_lld_isr.o
                0x0000000008003340                Vector4C
 .text.ext_lld_init
                0x0000000008003380       0x10 build/obj/ext_lld.o
                0x0000000008003380                ext_lld_init
 .text._pal_lld_init
                0x0000000008003390      0x1b0 build/obj/pal_lld.o
                0x0000000008003390                _pal_lld_init
 .text._pal_lld_setgroupmode
                0x0000000008003540       0xd0 build/obj/pal_lld.o
                0x0000000008003540                _pal_lld_setgroupmode
 .text.i2c_lld_abort_operation
                0x0000000008003610       0x60 build/obj/i2c_lld.o
 .text.i2c_lld_safety_timeout
                0x0000000008003670       0x40 build/obj/i2c_lld.o
 .text.i2c_lld_serve_tx_end_irq
                0x00000000080036b0       0x40 build/obj/i2c_lld.o
 .text.i2c_lld_serve_rx_end_irq
                0x00000000080036f0       0x80 build/obj/i2c_lld.o
 .text.VectorC4
                0x0000000008003770      0x110 build/obj/i2c_lld.o
                0x0000000008003770                VectorC4
 .text.VectorC8
                0x0000000008003880      0x170 build/obj/i2c_lld.o
                0x0000000008003880                VectorC8
 .text.i2c_lld_init
                0x00000000080039f0       0x30 build/obj/i2c_lld.o
                0x00000000080039f0                i2c_lld_init
 .text.i2c_lld_start
                0x0000000008003a20      0x2b0 build/obj/i2c_lld.o
                0x0000000008003a20                i2c_lld_start
 .text.i2c_lld_master_transmit_timeout
                0x0000000008003cd0      0x100 build/obj/i2c_lld.o
                0x0000000008003cd0                i2c_lld_master_transmit_timeout
 .text.otg_disable_ep
                0x0000000008003dd0       0x90 build/obj/usb_lld.o
 .text.otg_epout_handler
                0x0000000008003e60       0x60 build/obj/usb_lld.o
 .text.otg_txfifo_flush
                0x0000000008003ec0       0x20 build/obj/usb_lld.o
 .text.usb_lld_pump
                0x0000000008003ee0      0x3c0 build/obj/usb_lld.o
 .text.otg_epin_handler
                0x00000000080042a0       0x90 build/obj/usb_lld.o
 .text.Vector14C
                0x0000000008004330      0x110 build/obj/usb_lld.o
                0x0000000008004330                Vector14C
 .text.usb_lld_init
                0x0000000008004440       0x50 build/obj/usb_lld.o
                0x0000000008004440                usb_lld_init
 .text.usb_lld_start
                0x0000000008004490       0xe0 build/obj/usb_lld.o
                0x0000000008004490                usb_lld_start
 .text.usb_lld_reset
                0x0000000008004570       0xe0 build/obj/usb_lld.o
                0x0000000008004570                usb_lld_reset
 .text.usb_lld_set_address
                0x0000000008004650       0x20 build/obj/usb_lld.o
                0x0000000008004650                usb_lld_set_address
 .text.usb_lld_init_endpoint
                0x0000000008004670      0x160 build/obj/usb_lld.o
                0x0000000008004670                usb_lld_init_endpoint
 .text.usb_lld_get_status_out
                0x00000000080047d0       0x20 build/obj/usb_lld.o
                0x00000000080047d0                usb_lld_get_status_out
 .text.usb_lld_get_status_in
                0x00000000080047f0       0x20 build/obj/usb_lld.o
                0x00000000080047f0                usb_lld_get_status_in
 .text.usb_lld_read_setup
                0x0000000008004810       0x20 build/obj/usb_lld.o
                0x0000000008004810                usb_lld_read_setup
 .text.usb_lld_prepare_receive
                0x0000000008004830       0x30 build/obj/usb_lld.o
                0x0000000008004830                usb_lld_prepare_receive
 .text.usb_lld_prepare_transmit
                0x0000000008004860       0x40 build/obj/usb_lld.o
                0x0000000008004860                usb_lld_prepare_transmit
 .text.usb_lld_start_out
                0x00000000080048a0       0x10 build/obj/usb_lld.o
                0x00000000080048a0                usb_lld_start_out
 .text.usb_lld_start_in
                0x00000000080048b0       0x30 build/obj/usb_lld.o
                0x00000000080048b0                usb_lld_start_in
 .text.usb_lld_stall_out
                0x00000000080048e0       0x10 build/obj/usb_lld.o
                0x00000000080048e0                usb_lld_stall_out
 .text.usb_lld_stall_in
                0x00000000080048f0       0x10 build/obj/usb_lld.o
                0x00000000080048f0                usb_lld_stall_in
 .text.usb_lld_clear_out
                0x0000000008004900       0x10 build/obj/usb_lld.o
                0x0000000008004900                usb_lld_clear_out
 .text.usb_lld_clear_in
                0x0000000008004910       0x10 build/obj/usb_lld.o
                0x0000000008004910                usb_lld_clear_in
 .text.spi_lld_init
                0x0000000008004920       0x50 build/obj/spi_lld.o
                0x0000000008004920                spi_lld_init
 .text.notify6  0x0000000008004970       0x20 build/obj/serial_lld.o
 .text.Vector15C
                0x0000000008004990      0x170 build/obj/serial_lld.o
                0x0000000008004990                Vector15C
 .text.sd_lld_init
                0x0000000008004b00       0x30 build/obj/serial_lld.o
                0x0000000008004b00                sd_lld_init
 .text.__early_init
                0x0000000008004b30       0x10 build/obj/board.o
                0x0000000008004b30                __early_init
 .text.boardInit
                0x0000000008004b40       0x10 build/obj/board.o
                0x0000000008004b40                boardInit
 .text.long_to_string_with_divisor.constprop.0
                0x0000000008004b50       0x50 build/obj/chprintf.o
 .text.chprintf
                0x0000000008004ba0      0x2d0 build/obj/chprintf.o
                0x0000000008004ba0                chprintf
 .text._strtok.constprop.2
                0x0000000008004e70       0x40 build/obj/shell.o
 .text.cmd_systime
                0x0000000008004eb0       0x30 build/obj/shell.o
 .text.cmd_info
                0x0000000008004ee0       0xc0 build/obj/shell.o
 .text.shellInit
                0x0000000008004fa0       0x10 build/obj/shell.o
                0x0000000008004fa0                shellInit
 .text.shellCreate
                0x0000000008004fb0       0x20 build/obj/shell.o
                0x0000000008004fb0                shellCreate
 .text.shellGetLine
                0x0000000008004fd0       0xa0 build/obj/shell.o
                0x0000000008004fd0                shellGetLine
 .text.shell_thread
                0x0000000008005070      0x1c0 build/obj/shell.o
 .text.iwdg_lld_init
                0x0000000008005230       0x30 build/obj/iwdg_lld.o
                0x0000000008005230                iwdg_lld_init
 .text.iwdg_lld_reload
                0x0000000008005260       0x30 build/obj/iwdg_lld.o
                0x0000000008005260                iwdg_lld_reload
 .text.iwdg_lld_set_prescale
                0x0000000008005290       0x30 build/obj/iwdg_lld.o
                0x0000000008005290                iwdg_lld_set_prescale
 .text.iwdg_begin
                0x00000000080052c0       0x30 build/obj/iwdg_lld.o
                0x00000000080052c0                iwdg_begin
 .text.mpl3115a2_start
                0x00000000080052f0       0x40 build/obj/MPL3115A2.o
                0x00000000080052f0                mpl3115a2_start
 .text.mpl3115a2_init
                0x0000000008005330      0x190 build/obj/MPL3115A2.o
                0x0000000008005330                mpl3115a2_init
 .text.mpl3115a2_get_bar
                0x00000000080054c0      0x120 build/obj/MPL3115A2.o
                0x00000000080054c0                mpl3115a2_get_bar
 .text.mpl3115a2_get_temperature
                0x00000000080055e0      0x100 build/obj/MPL3115A2.o
                0x00000000080055e0                mpl3115a2_get_temperature
 .text.cmd_mem  0x00000000080056e0       0x60 build/obj/cmddetail.o
                0x00000000080056e0                cmd_mem
 .text.cmd_threads
                0x0000000008005740       0x70 build/obj/cmddetail.o
                0x0000000008005740                cmd_threads
 .text.extdetail_init
                0x00000000080057b0       0x10 build/obj/extdetail.o
                0x00000000080057b0                extdetail_init
 .text.extdetail_WKUP_button_handler
                0x00000000080057c0       0x40 build/obj/extdetail.o
                0x00000000080057c0                extdetail_WKUP_button_handler
 .text.get_descriptor
                0x0000000008005800       0x40 build/obj/usbdetail.o
                0x0000000008005800                get_descriptor
 .text.usb_event
                0x0000000008005840       0x50 build/obj/usbdetail.o
                0x0000000008005840                usb_event
 .text.Thread_blinker
                0x0000000008005890       0x30 build/obj/main.o
 .text.Thread_mpl3115a2
                0x00000000080058c0       0x80 build/obj/main.o
 .text.Thread_indwatchdog
                0x0000000008005940       0x20 build/obj/main.o
 *(.rodata)
 .rodata        0x0000000008005960      0x101 /home/david/toolchains/psas/x-tools/stm32f407/arm-psas-eabi/bin/../lib/gcc/arm-psas-eabi/4.7.2/../../../../arm-psas-eabi/lib/libc.a(lib_a-ctype_.o)
                0x0000000008005960                _ctype_
 *(.rodata.*)
 *fill*         0x0000000008005a61        0xf 00
 .rodata.str1.4
                0x0000000008005a70        0x5 build/obj/chsys.o
                                          0x8 (size before relaxing)
 *fill*         0x0000000008005a75        0xb 00
 .rodata.str1.4
                0x0000000008005a80       0x56 build/obj/chdebug.o
                                         0x58 (size before relaxing)
 *fill*         0x0000000008005ad6        0xa 00
 .rodata.str1.4
                0x0000000008005ae0       0x31 build/obj/chvt.o
                                         0x34 (size before relaxing)
 *fill*         0x0000000008005b11        0xf 00
 .rodata.str1.4
                0x0000000008005b20       0x23 build/obj/chschd.o
                                         0x24 (size before relaxing)
 *fill*         0x0000000008005b43        0xd 00
 .rodata.str1.4
                0x0000000008005b50       0x94 build/obj/chthreads.o
 *fill*         0x0000000008005be4        0xc 00
 .rodata.str1.4
                0x0000000008005bf0       0x46 build/obj/chdynamic.o
                                         0x48 (size before relaxing)
 *fill*         0x0000000008005c36        0xa 00
 .rodata.ch_debug
                0x0000000008005c40       0x18 build/obj/chregistry.o
                0x0000000008005c40                ch_debug
 *fill*         0x0000000008005c58        0x8 00
 .rodata.str1.4
                0x0000000008005c60       0x16 build/obj/chregistry.o
                                         0x18 (size before relaxing)
 *fill*         0x0000000008005c76        0xa 00
 .rodata.str1.4
                0x0000000008005c80       0xab build/obj/chmtx.o
                                         0xac (size before relaxing)
 *fill*         0x0000000008005d2b        0x5 00
 .rodata.str1.4
                0x0000000008005d30       0x90 build/obj/chevents.o
 .rodata.str1.4
                0x0000000008005dc0       0x29 build/obj/chqueues.o
                                         0x2c (size before relaxing)
 *fill*         0x0000000008005de9        0x7 00
 .rodata.str1.4
                0x0000000008005df0       0x31 build/obj/chheap.o
                                         0x34 (size before relaxing)
 *fill*         0x0000000008005e21        0xf 00
 .rodata.str1.4
                0x0000000008005e30       0x48 build/obj/chmempools.o
 *fill*         0x0000000008005e78        0x8 00
 .rodata.str1.4
                0x0000000008005e80       0xea build/obj/i2c.o
                                         0xec (size before relaxing)
 *fill*         0x0000000008005f6a        0x6 00
 .rodata.str1.4
                0x0000000008005f70       0x5f build/obj/serial.o
                                         0x60 (size before relaxing)
 *fill*         0x0000000008005fcf        0x1 00
 .rodata.vmt    0x0000000008005fd0       0x20 build/obj/serial.o
 .rodata.str1.4
                0x0000000008005ff0       0x2e build/obj/serial_usb.o
                                         0x3c (size before relaxing)
 *fill*         0x000000000800601e        0x2 00
 .rodata.vmt    0x0000000008006020       0x20 build/obj/serial_usb.o
 .rodata.zero_status
                0x0000000008006040        0x4 build/obj/usb.o
 *fill*         0x0000000008006044        0xc 00
 .rodata.active_status
                0x0000000008006050        0x4 build/obj/usb.o
 *fill*         0x0000000008006054        0xc 00
 .rodata.str1.4
                0x0000000008006060      0x122 build/obj/usb.o
                                        0x124 (size before relaxing)
 *fill*         0x0000000008006182        0xe 00
 .rodata.halted_status
                0x0000000008006190        0x4 build/obj/usb.o
 *fill*         0x0000000008006194        0xc 00
 .rodata.str1.4
                0x00000000080061a0       0x31 build/obj/stm32_dma.o
                                         0x34 (size before relaxing)
 *fill*         0x00000000080061d1        0xf 00
 .rodata._stm32_dma_streams
                0x00000000080061e0       0xc0 build/obj/stm32_dma.o
                0x00000000080061e0                _stm32_dma_streams
 .rodata.str1.4
                0x00000000080062a0       0xe8 build/obj/i2c_lld.o
 *fill*         0x0000000008006388        0x8 00
 .rodata.fsparams
                0x0000000008006390        0xc build/obj/usb_lld.o
 *fill*         0x000000000800639c        0x4 00
 .rodata.str1.4
                0x00000000080063a0       0x25 build/obj/usb_lld.o
                                         0x28 (size before relaxing)
 *fill*         0x00000000080063c5        0xb 00
 .rodata.ep0config
                0x00000000080063d0       0x24 build/obj/usb_lld.o
 *fill*         0x00000000080063f4        0xc 00
 .rodata.pal_default_config
                0x0000000008006400       0xfc build/obj/board.o
                0x0000000008006400                pal_default_config
 *fill*         0x00000000080064fc        0x4 00
 .rodata.str1.4
                0x0000000008006500        0x7 build/obj/chprintf.o
                                          0x8 (size before relaxing)
 *fill*         0x0000000008006507        0x9 00
 .rodata.str1.4
                0x0000000008006510      0x1e9 build/obj/shell.o
                                        0x1f0 (size before relaxing)
 *fill*         0x00000000080066f9        0x7 00
 .rodata.str1.4
                0x0000000008006700      0x47d build/obj/MPL3115A2.o
                                        0x480 (size before relaxing)
 *fill*         0x0000000008006b7d        0x3 00
 .rodata.states.8173
                0x0000000008006b80       0x3c build/obj/cmddetail.o
 *fill*         0x0000000008006bbc        0x4 00
 .rodata.str1.4
                0x0000000008006bc0      0x14e build/obj/cmddetail.o
                                        0x150 (size before relaxing)
 *fill*         0x0000000008006d0e        0x2 00
 .rodata.str1.4
                0x0000000008006d10       0x2e build/obj/extdetail.o
                                         0x30 (size before relaxing)
 *fill*         0x0000000008006d3e        0x2 00
 .rodata.ep1config
                0x0000000008006d40       0x24 build/obj/usbdetail.o
 *fill*         0x0000000008006d64        0xc 00
 .rodata.vcom_configuration_descriptor_data
                0x0000000008006d70       0x44 build/obj/usbdetail.o
 *fill*         0x0000000008006db4        0xc 00
 .rodata.vcom_configuration_descriptor
                0x0000000008006dc0        0x8 build/obj/usbdetail.o
 *fill*         0x0000000008006dc8        0x8 00
 .rodata.ep2config
                0x0000000008006dd0       0x24 build/obj/usbdetail.o
 *fill*         0x0000000008006df4        0xc 00
 .rodata.usbcfg
                0x0000000008006e00       0x10 build/obj/usbdetail.o
                0x0000000008006e00                usbcfg
 .rodata.vcom_device_descriptor_data
                0x0000000008006e10       0x14 build/obj/usbdetail.o
 *fill*         0x0000000008006e24        0xc 00
 .rodata.vcom_string0
                0x0000000008006e30        0x4 build/obj/usbdetail.o
 *fill*         0x0000000008006e34        0xc 00
 .rodata.vcom_string1
                0x0000000008006e40       0x28 build/obj/usbdetail.o
 *fill*         0x0000000008006e68        0x8 00
 .rodata.vcom_string2
                0x0000000008006e70       0x38 build/obj/usbdetail.o
 *fill*         0x0000000008006ea8        0x8 00
 .rodata.vcom_string3
                0x0000000008006eb0       0x14 build/obj/usbdetail.o
 *fill*         0x0000000008006ec4        0xc 00
 .rodata.vcom_strings
                0x0000000008006ed0       0x20 build/obj/usbdetail.o
 .rodata.serusbcfg
                0x0000000008006ef0        0x4 build/obj/usbdetail.o
                0x0000000008006ef0                serusbcfg
 *fill*         0x0000000008006ef4        0xc 00
 .rodata.vcom_device_descriptor
                0x0000000008006f00        0x8 build/obj/usbdetail.o
 *fill*         0x0000000008006f08        0x8 00
 .rodata.commands
                0x0000000008006f10       0x18 build/obj/main.o
 *fill*         0x0000000008006f28        0x8 00
 .rodata.str1.4
                0x0000000008006f30       0xc8 build/obj/main.o
 *fill*         0x0000000008006ff8        0x8 00
 .rodata.mpl3115a2_config
                0x0000000008007000        0xc build/obj/main.o
                0x0000000008007000                mpl3115a2_config
 *fill*         0x000000000800700c        0x4 00
 .rodata.shell_cfg1
                0x0000000008007010        0x8 build/obj/main.o
 *fill*         0x0000000008007018        0x8 00
 .rodata.evhndl_main.8522
                0x0000000008007020        0x4 build/obj/main.o
 *(.glue_7t)
 .glue_7t       0x0000000000000000        0x0 linker stubs
 *(.glue_7)
 .glue_7        0x0000000000000000        0x0 linker stubs
 *(.gcc*)

.vfp11_veneer   0x0000000008007024        0x0
 .vfp11_veneer  0x0000000000000000        0x0 linker stubs

.v4_bx          0x0000000008007024        0x0
 .v4_bx         0x0000000000000000        0x0 linker stubs

.iplt           0x0000000008007024        0x0
 .iplt          0x0000000000000000        0x0 build/obj/crt0.o

.rel.dyn        0x0000000008007024        0x0
 .rel.iplt      0x0000000000000000        0x0 build/obj/crt0.o

.ARM.extab
 *(.ARM.extab* .gnu.linkonce.armextab.*)

.ARM.exidx      0x0000000008007024        0x0
                0x0000000008007024                PROVIDE (__exidx_start, .)
 *(.ARM.exidx* .gnu.linkonce.armexidx.*)
                0x0000000008007024                PROVIDE (__exidx_end, .)

.eh_frame_hdr
 *(.eh_frame_hdr)

.eh_frame
 *(.eh_frame)

.textalign      0x0000000008007024        0x4
                0x0000000008007028                . = ALIGN (0x8)
 *fill*         0x0000000008007024        0x4 00
                0x0000000008007028                _etext = .
                0x0000000008007028                _textdata = _etext

.stacks         0x0000000020000000      0x800
                0x0000000020000000                . = ALIGN (0x8)
                0x0000000020000000                __main_stack_base__ = .
                0x0000000020000400                . = (. + __main_stack_size__)
 *fill*         0x0000000020000000      0x400 00
                0x0000000020000400                . = ALIGN (0x8)
                0x0000000020000400                __main_stack_end__ = .
                0x0000000020000400                __process_stack_base__ = .
                0x0000000020000400                __main_thread_stack_base__ = .
                0x0000000020000800                . = (. + __process_stack_size__)
 *fill*         0x0000000020000400      0x400 00
                0x0000000020000800                . = ALIGN (0x8)
                0x0000000020000800                __process_stack_end__ = .
                0x0000000020000800                __main_thread_stack_end__ = .

.data           0x0000000020000800       0x24 load address 0x0000000008007028
                0x0000000020000800                . = ALIGN (0x4)
                0x0000000020000800                PROVIDE (_data, .)
 *(.data)
 .data          0x0000000020000800        0x4 /home/david/toolchains/psas/x-tools/stm32f407/arm-psas-eabi/bin/../lib/gcc/arm-psas-eabi/4.7.2/../../../../arm-psas-eabi/lib/libc.a(lib_a-ctype_.o)
                0x0000000020000800                __ctype_ptr__
                0x0000000020000804                . = ALIGN (0x4)
 *(.data.*)
 .data.linecoding
                0x0000000020000804        0x8 build/obj/serial_usb.o
 .data.local_commands
                0x000000002000080c       0x18 build/obj/shell.o
                0x0000000020000824                . = ALIGN (0x4)
 *(.ramtext)
                0x0000000020000824                . = ALIGN (0x4)
                0x0000000020000824                PROVIDE (_edata, .)

.igot.plt       0x0000000020000824        0x0 load address 0x000000000800704c
 .igot.plt      0x0000000000000000        0x0 build/obj/crt0.o

.bss            0x0000000020000828     0x1000 load address 0x0000000008007050
                0x0000000020000828                . = ALIGN (0x4)
                0x0000000020000828                PROVIDE (_bss_start, .)
 *(.bss)
                0x0000000020000828                . = ALIGN (0x4)
 *(.bss.*)
 .bss.mainthread.4819
                0x0000000020000828       0x4c build/obj/chsys.o
 *fill*         0x0000000020000874        0x4 00
 .bss._idle_thread_wa
                0x0000000020000878       0xc0 build/obj/chsys.o
                0x0000000020000878                _idle_thread_wa
 .bss.dbg_isr_cnt
                0x0000000020000938        0x4 build/obj/chdebug.o
                0x0000000020000938                dbg_isr_cnt
 .bss.dbg_trace_buffer
                0x000000002000093c      0x408 build/obj/chdebug.o
                0x000000002000093c                dbg_trace_buffer
 .bss.dbg_lock_cnt
                0x0000000020000d44        0x4 build/obj/chdebug.o
                0x0000000020000d44                dbg_lock_cnt
 .bss.dbg_panic_msg
                0x0000000020000d48        0x4 build/obj/chdebug.o
                0x0000000020000d48                dbg_panic_msg
 .bss.vtlist    0x0000000020000d4c       0x10 build/obj/chvt.o
                0x0000000020000d4c                vtlist
 .bss.rlist     0x0000000020000d5c       0x1c build/obj/chschd.o
                0x0000000020000d5c                rlist
 .bss.endmem    0x0000000020000d78        0x4 build/obj/chmemcore.o
 .bss.nextmem   0x0000000020000d7c        0x4 build/obj/chmemcore.o
 .bss.default_heap
                0x0000000020000d80       0x20 build/obj/chheap.o
 .bss.measurement_offset
                0x0000000020000da0        0x4 build/obj/tm.o
 .bss.dma_isr_redir
                0x0000000020000da4       0x80 build/obj/stm32_dma.o
 .bss.dma_streams_mask
                0x0000000020000e24        0x4 build/obj/stm32_dma.o
 .bss.EXTD1     0x0000000020000e28        0x8 build/obj/ext_lld.o
                0x0000000020000e28                EXTD1
 .bss.I2CD2     0x0000000020000e30       0x34 build/obj/i2c_lld.o
                0x0000000020000e30                I2CD2
 *fill*         0x0000000020000e64        0x4 00
 .bss.USBD1     0x0000000020000e68      0x188 build/obj/usb_lld.o
                0x0000000020000e68                USBD1
 .bss.ep0_state
                0x0000000020000ff0       0x10 build/obj/usb_lld.o
 .bss.ep0setup_buffer
                0x0000000020001000        0x8 build/obj/usb_lld.o
 .bss.dummytx   0x0000000020001008        0x2 build/obj/spi_lld.o
 *fill*         0x000000002000100a        0x2 00
 .bss.SPID1     0x000000002000100c       0x30 build/obj/spi_lld.o
                0x000000002000100c                SPID1
 .bss.SD6       0x000000002000103c       0x78 build/obj/serial_lld.o
                0x000000002000103c                SD6
 .bss.shell_terminated
                0x00000000200010b4        0x4 build/obj/shell.o
                0x00000000200010b4                shell_terminated
 .bss.adis_driver
                0x00000000200010b8       0x5c build/obj/ADIS16405.o
                0x00000000200010b8                adis_driver
 .bss.mpl3115a2_driver
                0x0000000020001114       0x74 build/obj/MPL3115A2.o
                0x0000000020001114                mpl3115a2_driver
 .bss.mpl3115a2_cache_data
                0x0000000020001188       0x68 build/obj/MPL3115A2.o
                0x0000000020001188                mpl3115a2_cache_data
 .bss.extdetail_wkup_event
                0x00000000200011f0        0x4 build/obj/extdetail.o
                0x00000000200011f0                extdetail_wkup_event
 .bss.SDU1      0x00000000200011f4      0x258 build/obj/usbdetail.o
                0x00000000200011f4                SDU1
 .bss.ep1instate
                0x000000002000144c       0x10 build/obj/usbdetail.o
 .bss.ep2instate
                0x000000002000145c       0x10 build/obj/usbdetail.o
 .bss.ep1outstate
                0x000000002000146c       0x10 build/obj/usbdetail.o
 *fill*         0x000000002000147c        0x4 00
 .bss.waThread_indwatchdog
                0x0000000020001480       0xf0 build/obj/main.o
 .bss.waThread_mpl3115a2
                0x0000000020001570      0x1b0 build/obj/main.o
 .bss.mtx       0x0000000020001720       0x10 build/obj/main.o
 .bss.shelltp.8521
                0x0000000020001730        0x4 build/obj/main.o
 *fill*         0x0000000020001734        0x4 00
 .bss.waThread_blinker
                0x0000000020001738       0xf0 build/obj/main.o
                0x0000000020001828                . = ALIGN (0x4)
 *(COMMON)
                0x0000000020001828                . = ALIGN (0x4)
                0x0000000020001828                PROVIDE (_bss_end, .)
                0x0000000020001828                PROVIDE (end, .)
                0x0000000020001828                _end = .
                0x0000000020001828                __heap_base__ = _end
                0x000000002001c000                __heap_end__ = __ram_end__
OUTPUT(build/ch.elf elf32-littlearm)

.debug_info     0x0000000000000000    0x2600d
 .debug_info    0x0000000000000000      0x2a8 build/obj/crt0.o
 .debug_info    0x00000000000002a8      0x1e9 build/obj/vectors.o
 .debug_info    0x0000000000000491       0x93 build/obj/chcore.o
 .debug_info    0x0000000000000524      0x93f build/obj/chcore_v7m.o
 .debug_info    0x0000000000000e63      0x44e build/obj/nvic.o
 .debug_info    0x00000000000012b1      0x943 build/obj/chsys.o
 .debug_info    0x0000000000001bf4      0x9ec build/obj/chdebug.o
 .debug_info    0x00000000000025e0      0x2ee build/obj/chvt.o
 .debug_info    0x00000000000028ce      0xb80 build/obj/chschd.o
 .debug_info    0x000000000000344e      0xebb build/obj/chthreads.o
 .debug_info    0x0000000000004309      0xa70 build/obj/chdynamic.o
 .debug_info    0x0000000000004d79      0x71a build/obj/chregistry.o
 .debug_info    0x0000000000005493      0xbb3 build/obj/chmtx.o
 .debug_info    0x0000000000006046     0x1086 build/obj/chevents.o
 .debug_info    0x00000000000070cc      0xdb6 build/obj/chqueues.o
 .debug_info    0x0000000000007e82      0x234 build/obj/chmemcore.o
 .debug_info    0x00000000000080b6      0x799 build/obj/chheap.o
 .debug_info    0x000000000000884f      0x41f build/obj/chmempools.o
 .debug_info    0x0000000000008c6e      0x43a build/obj/hal.o
 .debug_info    0x00000000000090a8      0x634 build/obj/ext.o
 .debug_info    0x00000000000096dc      0xe00 build/obj/i2c.o
 .debug_info    0x000000000000a4dc     0x11d7 build/obj/serial.o
 .debug_info    0x000000000000b6b3     0x20bf build/obj/serial_usb.o
 .debug_info    0x000000000000d772     0x163c build/obj/spi.o
 .debug_info    0x000000000000edae      0x2ec build/obj/tm.o
 .debug_info    0x000000000000f09a     0x2173 build/obj/usb.o
 .debug_info    0x000000000001120d      0xca5 build/obj/stm32_dma.o
 .debug_info    0x0000000000011eb2      0x4d9 build/obj/hal_lld.o
 .debug_info    0x000000000001238b      0xbbb build/obj/ext_lld_isr.o
 .debug_info    0x0000000000012f46      0x43a build/obj/ext_lld.o
 .debug_info    0x0000000000013380      0x744 build/obj/pal_lld.o
 .debug_info    0x0000000000013ac4     0x1a1e build/obj/i2c_lld.o
 .debug_info    0x00000000000154e2     0x2b2e build/obj/usb_lld.o
 .debug_info    0x0000000000018010      0xf6c build/obj/spi_lld.o
 .debug_info    0x0000000000018f7c     0x137c build/obj/serial_lld.o
 .debug_info    0x000000000001a2f8      0x20e build/obj/board.o
 .debug_info    0x000000000001a506      0x4ad build/obj/chprintf.o
 .debug_info    0x000000000001a9b3     0x144f build/obj/shell.o
 .debug_info    0x000000000001be02      0x530 build/obj/iwdg_lld.o
 .debug_info    0x000000000001c332     0x12ea build/obj/ADIS16405.o
 .debug_info    0x000000000001d61c     0x23d9 build/obj/MPL3115A2.o
 .debug_info    0x000000000001f9f5      0x84d build/obj/cmddetail.o
 .debug_info    0x0000000000020242     0x1fb3 build/obj/extdetail.o
 .debug_info    0x00000000000221f5     0x173b build/obj/usbdetail.o
 .debug_info    0x0000000000023930     0x22ad build/obj/main.o
 .debug_info    0x0000000000025bdd       0xd3 /home/david/toolchains/psas/x-tools/stm32f407/arm-psas-eabi/bin/../lib/gcc/arm-psas-eabi/4.7.2/../../../../arm-psas-eabi/lib/libc.a(lib_a-memset.o)
 .debug_info    0x0000000000025cb0      0x150 /home/david/toolchains/psas/x-tools/stm32f407/arm-psas-eabi/bin/../lib/gcc/arm-psas-eabi/4.7.2/../../../../arm-psas-eabi/lib/libc.a(lib_a-strcasecmp.o)
 .debug_info    0x0000000000025e00       0xc9 /home/david/toolchains/psas/x-tools/stm32f407/arm-psas-eabi/bin/../lib/gcc/arm-psas-eabi/4.7.2/../../../../arm-psas-eabi/lib/libc.a(lib_a-strpbrk.o)
 .debug_info    0x0000000000025ec9       0xd7 /home/david/toolchains/psas/x-tools/stm32f407/arm-psas-eabi/bin/../lib/gcc/arm-psas-eabi/4.7.2/../../../../arm-psas-eabi/lib/libc.a(lib_a-strspn.o)
 .debug_info    0x0000000000025fa0       0x6d /home/david/toolchains/psas/x-tools/stm32f407/arm-psas-eabi/bin/../lib/gcc/arm-psas-eabi/4.7.2/../../../../arm-psas-eabi/lib/libc.a(lib_a-ctype_.o)

.debug_abbrev   0x0000000000000000     0x6c4e
 .debug_abbrev  0x0000000000000000       0xdc build/obj/crt0.o
 .debug_abbrev  0x00000000000000dc       0xb1 build/obj/vectors.o
 .debug_abbrev  0x000000000000018d       0x44 build/obj/chcore.o
 .debug_abbrev  0x00000000000001d1      0x1d5 build/obj/chcore_v7m.o
 .debug_abbrev  0x00000000000003a6       0xf2 build/obj/nvic.o
 .debug_abbrev  0x0000000000000498      0x1ff build/obj/chsys.o
 .debug_abbrev  0x0000000000000697      0x246 build/obj/chdebug.o
 .debug_abbrev  0x00000000000008dd      0x18d build/obj/chvt.o
 .debug_abbrev  0x0000000000000a6a      0x32e build/obj/chschd.o
 .debug_abbrev  0x0000000000000d98      0x37a build/obj/chthreads.o
 .debug_abbrev  0x0000000000001112      0x24d build/obj/chdynamic.o
 .debug_abbrev  0x000000000000135f      0x1bc build/obj/chregistry.o
 .debug_abbrev  0x000000000000151b      0x2d3 build/obj/chmtx.o
 .debug_abbrev  0x00000000000017ee      0x30b build/obj/chevents.o
 .debug_abbrev  0x0000000000001af9      0x35f build/obj/chqueues.o
 .debug_abbrev  0x0000000000001e58      0x12e build/obj/chmemcore.o
 .debug_abbrev  0x0000000000001f86      0x21b build/obj/chheap.o
 .debug_abbrev  0x00000000000021a1      0x182 build/obj/chmempools.o
 .debug_abbrev  0x0000000000002323      0x1b4 build/obj/hal.o
 .debug_abbrev  0x00000000000024d7      0x1d0 build/obj/ext.o
 .debug_abbrev  0x00000000000026a7      0x2b8 build/obj/i2c.o
 .debug_abbrev  0x000000000000295f      0x2dc build/obj/serial.o
 .debug_abbrev  0x0000000000002c3b      0x3a4 build/obj/serial_usb.o
 .debug_abbrev  0x0000000000002fdf      0x2b5 build/obj/spi.o
 .debug_abbrev  0x0000000000003294      0x19c build/obj/tm.o
 .debug_abbrev  0x0000000000003430      0x3a0 build/obj/usb.o
 .debug_abbrev  0x00000000000037d0      0x252 build/obj/stm32_dma.o
 .debug_abbrev  0x0000000000003a22      0x12d build/obj/hal_lld.o
 .debug_abbrev  0x0000000000003b4f      0x208 build/obj/ext_lld_isr.o
 .debug_abbrev  0x0000000000003d57      0x1e9 build/obj/ext_lld.o
 .debug_abbrev  0x0000000000003f40      0x1c6 build/obj/pal_lld.o
 .debug_abbrev  0x0000000000004106      0x3e3 build/obj/i2c_lld.o
 .debug_abbrev  0x00000000000044e9      0x55f build/obj/usb_lld.o
 .debug_abbrev  0x0000000000004a48      0x340 build/obj/spi_lld.o
 .debug_abbrev  0x0000000000004d88      0x35d build/obj/serial_lld.o
 .debug_abbrev  0x00000000000050e5       0xe5 build/obj/board.o
 .debug_abbrev  0x00000000000051ca      0x1d3 build/obj/chprintf.o
 .debug_abbrev  0x000000000000539d      0x394 build/obj/shell.o
 .debug_abbrev  0x0000000000005731      0x140 build/obj/iwdg_lld.o
 .debug_abbrev  0x0000000000005871      0x340 build/obj/ADIS16405.o
 .debug_abbrev  0x0000000000005bb1      0x333 build/obj/MPL3115A2.o
 .debug_abbrev  0x0000000000005ee4      0x211 build/obj/cmddetail.o
 .debug_abbrev  0x00000000000060f5      0x2dc build/obj/extdetail.o
 .debug_abbrev  0x00000000000063d1      0x2e1 build/obj/usbdetail.o
 .debug_abbrev  0x00000000000066b2      0x2ec build/obj/main.o
 .debug_abbrev  0x000000000000699e       0x8c /home/david/toolchains/psas/x-tools/stm32f407/arm-psas-eabi/bin/../lib/gcc/arm-psas-eabi/4.7.2/../../../../arm-psas-eabi/lib/libc.a(lib_a-memset.o)
 .debug_abbrev  0x0000000000006a2a       0xc0 /home/david/toolchains/psas/x-tools/stm32f407/arm-psas-eabi/bin/../lib/gcc/arm-psas-eabi/4.7.2/../../../../arm-psas-eabi/lib/libc.a(lib_a-strcasecmp.o)
 .debug_abbrev  0x0000000000006aea       0x7f /home/david/toolchains/psas/x-tools/stm32f407/arm-psas-eabi/bin/../lib/gcc/arm-psas-eabi/4.7.2/../../../../arm-psas-eabi/lib/libc.a(lib_a-strpbrk.o)
 .debug_abbrev  0x0000000000006b69       0x99 /home/david/toolchains/psas/x-tools/stm32f407/arm-psas-eabi/bin/../lib/gcc/arm-psas-eabi/4.7.2/../../../../arm-psas-eabi/lib/libc.a(lib_a-strspn.o)
 .debug_abbrev  0x0000000000006c02       0x4c /home/david/toolchains/psas/x-tools/stm32f407/arm-psas-eabi/bin/../lib/gcc/arm-psas-eabi/4.7.2/../../../../arm-psas-eabi/lib/libc.a(lib_a-ctype_.o)

.debug_aranges  0x0000000000000000      0xfb8
 .debug_aranges
                0x0000000000000000       0x38 build/obj/crt0.o
 .debug_aranges
                0x0000000000000038       0x20 build/obj/vectors.o
 .debug_aranges
                0x0000000000000058       0x20 build/obj/chcore.o
 .debug_aranges
                0x0000000000000078       0x50 build/obj/chcore_v7m.o
 .debug_aranges
                0x00000000000000c8       0x30 build/obj/nvic.o
 .debug_aranges
                0x00000000000000f8       0x30 build/obj/chsys.o
 .debug_aranges
                0x0000000000000128       0x88 build/obj/chdebug.o
 .debug_aranges
                0x00000000000001b0       0x38 build/obj/chvt.o
 .debug_aranges
                0x00000000000001e8       0x68 build/obj/chschd.o
 .debug_aranges
                0x0000000000000250       0x80 build/obj/chthreads.o
 .debug_aranges
                0x00000000000002d0       0x38 build/obj/chdynamic.o
 .debug_aranges
                0x0000000000000308       0x28 build/obj/chregistry.o
 .debug_aranges
                0x0000000000000330       0x58 build/obj/chmtx.o
 .debug_aranges
                0x0000000000000388       0xa0 build/obj/chevents.o
 .debug_aranges
                0x0000000000000428       0x70 build/obj/chqueues.o
 .debug_aranges
                0x0000000000000498       0x38 build/obj/chmemcore.o
 .debug_aranges
                0x00000000000004d0       0x40 build/obj/chheap.o
 .debug_aranges
                0x0000000000000510       0x48 build/obj/chmempools.o
 .debug_aranges
                0x0000000000000558       0x30 build/obj/hal.o
 .debug_aranges
                0x0000000000000588       0x50 build/obj/ext.o
 .debug_aranges
                0x00000000000005d8       0x60 build/obj/i2c.o
 .debug_aranges
                0x0000000000000638       0x88 build/obj/serial.o
 .debug_aranges
                0x00000000000006c0       0xb0 build/obj/serial_usb.o
 .debug_aranges
                0x0000000000000770       0x98 build/obj/spi.o
 .debug_aranges
                0x0000000000000808       0x38 build/obj/tm.o
 .debug_aranges
                0x0000000000000840       0xa8 build/obj/usb.o
 .debug_aranges
                0x00000000000008e8       0xb0 build/obj/stm32_dma.o
 .debug_aranges
                0x0000000000000998       0x28 build/obj/hal_lld.o
 .debug_aranges
                0x00000000000009c0       0x98 build/obj/ext_lld_isr.o
 .debug_aranges
                0x0000000000000a58       0x40 build/obj/ext_lld.o
 .debug_aranges
                0x0000000000000a98       0x28 build/obj/pal_lld.o
 .debug_aranges
                0x0000000000000ac0       0x70 build/obj/i2c_lld.o
 .debug_aranges
                0x0000000000000b30       0xd8 build/obj/usb_lld.o
 .debug_aranges
                0x0000000000000c08       0x78 build/obj/spi_lld.o
 .debug_aranges
                0x0000000000000c80       0x40 build/obj/serial_lld.o
 .debug_aranges
                0x0000000000000cc0       0x28 build/obj/board.o
 .debug_aranges
                0x0000000000000ce8       0x28 build/obj/chprintf.o
 .debug_aranges
                0x0000000000000d10       0x58 build/obj/shell.o
 .debug_aranges
                0x0000000000000d68       0x40 build/obj/iwdg_lld.o
 .debug_aranges
                0x0000000000000da8       0x60 build/obj/ADIS16405.o
 .debug_aranges
                0x0000000000000e08       0x48 build/obj/MPL3115A2.o
 .debug_aranges
                0x0000000000000e50       0x28 build/obj/cmddetail.o
 .debug_aranges
                0x0000000000000e78       0x48 build/obj/extdetail.o
 .debug_aranges
                0x0000000000000ec0       0x28 build/obj/usbdetail.o
 .debug_aranges
                0x0000000000000ee8       0x38 build/obj/main.o
 .debug_aranges
                0x0000000000000f20       0x20 /home/david/toolchains/psas/x-tools/stm32f407/arm-psas-eabi/bin/../lib/gcc/arm-psas-eabi/4.7.2/../../../../arm-psas-eabi/lib/libc.a(lib_a-memset.o)
 .debug_aranges
                0x0000000000000f40       0x20 /home/david/toolchains/psas/x-tools/stm32f407/arm-psas-eabi/bin/../lib/gcc/arm-psas-eabi/4.7.2/../../../../arm-psas-eabi/lib/libc.a(lib_a-strcasecmp.o)
 .debug_aranges
                0x0000000000000f60       0x20 /home/david/toolchains/psas/x-tools/stm32f407/arm-psas-eabi/bin/../lib/gcc/arm-psas-eabi/4.7.2/../../../../arm-psas-eabi/lib/libc.a(lib_a-strpbrk.o)
 .debug_aranges
                0x0000000000000f80       0x20 /home/david/toolchains/psas/x-tools/stm32f407/arm-psas-eabi/bin/../lib/gcc/arm-psas-eabi/4.7.2/../../../../arm-psas-eabi/lib/libc.a(lib_a-strspn.o)
 .debug_aranges
                0x0000000000000fa0       0x18 /home/david/toolchains/psas/x-tools/stm32f407/arm-psas-eabi/bin/../lib/gcc/arm-psas-eabi/4.7.2/../../../../arm-psas-eabi/lib/libc.a(lib_a-ctype_.o)

.debug_ranges   0x0000000000000000     0x1b08
 .debug_ranges  0x0000000000000000       0xe0 build/obj/crt0.o
 .debug_ranges  0x00000000000000e0       0x10 build/obj/vectors.o
 .debug_ranges  0x00000000000000f0       0x10 build/obj/chcore.o
 .debug_ranges  0x0000000000000100       0x58 build/obj/chcore_v7m.o
 .debug_ranges  0x0000000000000158       0x20 build/obj/nvic.o
 .debug_ranges  0x0000000000000178       0x20 build/obj/chsys.o
 .debug_ranges  0x0000000000000198       0xf0 build/obj/chdebug.o
 .debug_ranges  0x0000000000000288       0x28 build/obj/chvt.o
 .debug_ranges  0x00000000000002b0      0x1d8 build/obj/chschd.o
 .debug_ranges  0x0000000000000488      0x110 build/obj/chthreads.o
 .debug_ranges  0x0000000000000598       0x40 build/obj/chdynamic.o
 .debug_ranges  0x00000000000005d8       0x18 build/obj/chregistry.o
 .debug_ranges  0x00000000000005f0      0x230 build/obj/chmtx.o
 .debug_ranges  0x0000000000000820       0xd8 build/obj/chevents.o
 .debug_ranges  0x00000000000008f8       0xc0 build/obj/chqueues.o
 .debug_ranges  0x00000000000009b8       0x40 build/obj/chmemcore.o
 .debug_ranges  0x00000000000009f8       0x30 build/obj/chheap.o
 .debug_ranges  0x0000000000000a28       0x50 build/obj/chmempools.o
 .debug_ranges  0x0000000000000a78       0x60 build/obj/hal.o
 .debug_ranges  0x0000000000000ad8       0x40 build/obj/ext.o
 .debug_ranges  0x0000000000000b18       0x50 build/obj/i2c.o
 .debug_ranges  0x0000000000000b68       0x78 build/obj/serial.o
 .debug_ranges  0x0000000000000be0       0xb8 build/obj/serial_usb.o
 .debug_ranges  0x0000000000000c98       0x88 build/obj/spi.o
 .debug_ranges  0x0000000000000d20       0x80 build/obj/tm.o
 .debug_ranges  0x0000000000000da0       0xc8 build/obj/usb.o
 .debug_ranges  0x0000000000000e68       0xa0 build/obj/stm32_dma.o
 .debug_ranges  0x0000000000000f08       0x30 build/obj/hal_lld.o
 .debug_ranges  0x0000000000000f38       0x88 build/obj/ext_lld_isr.o
 .debug_ranges  0x0000000000000fc0       0x30 build/obj/ext_lld.o
 .debug_ranges  0x0000000000000ff0      0x168 build/obj/pal_lld.o
 .debug_ranges  0x0000000000001158      0x1f8 build/obj/i2c_lld.o
 .debug_ranges  0x0000000000001350      0x3e8 build/obj/usb_lld.o
 .debug_ranges  0x0000000000001738       0x68 build/obj/spi_lld.o
 .debug_ranges  0x00000000000017a0       0x60 build/obj/serial_lld.o
 .debug_ranges  0x0000000000001800       0x18 build/obj/board.o
 .debug_ranges  0x0000000000001818       0x18 build/obj/chprintf.o
 .debug_ranges  0x0000000000001830      0x110 build/obj/shell.o
 .debug_ranges  0x0000000000001940       0x60 build/obj/iwdg_lld.o
 .debug_ranges  0x00000000000019a0       0x50 build/obj/ADIS16405.o
 .debug_ranges  0x00000000000019f0       0x38 build/obj/MPL3115A2.o
 .debug_ranges  0x0000000000001a28       0x18 build/obj/cmddetail.o
 .debug_ranges  0x0000000000001a40       0x38 build/obj/extdetail.o
 .debug_ranges  0x0000000000001a78       0x18 build/obj/usbdetail.o
 .debug_ranges  0x0000000000001a90       0x28 build/obj/main.o
 .debug_ranges  0x0000000000001ab8       0x50 /home/david/toolchains/psas/x-tools/stm32f407/arm-psas-eabi/bin/../lib/gcc/arm-psas-eabi/4.7.2/../../../../arm-psas-eabi/lib/libc.a(lib_a-strcasecmp.o)

.debug_line     0x0000000000000000     0x9ba8
 .debug_line    0x0000000000000000      0x169 build/obj/crt0.o
 .debug_line    0x0000000000000169       0xf3 build/obj/vectors.o
 .debug_line    0x000000000000025c       0x5b build/obj/chcore.o
 .debug_line    0x00000000000002b7      0x245 build/obj/chcore_v7m.o
 .debug_line    0x00000000000004fc      0x132 build/obj/nvic.o
 .debug_line    0x000000000000062e      0x26b build/obj/chsys.o
 .debug_line    0x0000000000000899      0x341 build/obj/chdebug.o
 .debug_line    0x0000000000000bda      0x1c9 build/obj/chvt.o
 .debug_line    0x0000000000000da3      0x38a build/obj/chschd.o
 .debug_line    0x000000000000112d      0x414 build/obj/chthreads.o
 .debug_line    0x0000000000001541      0x2ab build/obj/chdynamic.o
 .debug_line    0x00000000000017ec      0x23d build/obj/chregistry.o
 .debug_line    0x0000000000001a29      0x3c9 build/obj/chmtx.o
 .debug_line    0x0000000000001df2      0x398 build/obj/chevents.o
 .debug_line    0x000000000000218a      0x41a build/obj/chqueues.o
 .debug_line    0x00000000000025a4      0x1cc build/obj/chmemcore.o
 .debug_line    0x0000000000002770      0x2fc build/obj/chheap.o
 .debug_line    0x0000000000002a6c      0x23c build/obj/chmempools.o
 .debug_line    0x0000000000002ca8      0x2e4 build/obj/hal.o
 .debug_line    0x0000000000002f8c      0x282 build/obj/ext.o
 .debug_line    0x000000000000320e      0x3fd build/obj/i2c.o
 .debug_line    0x000000000000360b      0x42b build/obj/serial.o
 .debug_line    0x0000000000003a36      0x4aa build/obj/serial_usb.o
 .debug_line    0x0000000000003ee0      0x5a7 build/obj/spi.o
 .debug_line    0x0000000000004487      0x217 build/obj/tm.o
 .debug_line    0x000000000000469e      0x5aa build/obj/usb.o
 .debug_line    0x0000000000004c48      0x45f build/obj/stm32_dma.o
 .debug_line    0x00000000000050a7      0x20d build/obj/hal_lld.o
 .debug_line    0x00000000000052b4      0x3e0 build/obj/ext_lld_isr.o
 .debug_line    0x0000000000005694      0x231 build/obj/ext_lld.o
 .debug_line    0x00000000000058c5      0x221 build/obj/pal_lld.o
 .debug_line    0x0000000000005ae6      0x63f build/obj/i2c_lld.o
 .debug_line    0x0000000000006125      0x862 build/obj/usb_lld.o
 .debug_line    0x0000000000006987      0x4cc build/obj/spi_lld.o
 .debug_line    0x0000000000006e53      0x3b7 build/obj/serial_lld.o
 .debug_line    0x000000000000720a      0x1a1 build/obj/board.o
 .debug_line    0x00000000000073ab      0x317 build/obj/chprintf.o
 .debug_line    0x00000000000076c2      0x3fb build/obj/shell.o
 .debug_line    0x0000000000007abd      0x1e0 build/obj/iwdg_lld.o
 .debug_line    0x0000000000007c9d      0x54b build/obj/ADIS16405.o
 .debug_line    0x00000000000081e8      0x4f1 build/obj/MPL3115A2.o
 .debug_line    0x00000000000086d9      0x2ad build/obj/cmddetail.o
 .debug_line    0x0000000000008986      0x48b build/obj/extdetail.o
 .debug_line    0x0000000000008e11      0x2cd build/obj/usbdetail.o
 .debug_line    0x00000000000090de      0x4de build/obj/main.o
 .debug_line    0x00000000000095bc      0x197 /home/david/toolchains/psas/x-tools/stm32f407/arm-psas-eabi/bin/../lib/gcc/arm-psas-eabi/4.7.2/../../../../arm-psas-eabi/lib/libc.a(lib_a-memset.o)
 .debug_line    0x0000000000009753      0x122 /home/david/toolchains/psas/x-tools/stm32f407/arm-psas-eabi/bin/../lib/gcc/arm-psas-eabi/4.7.2/../../../../arm-psas-eabi/lib/libc.a(lib_a-strcasecmp.o)
 .debug_line    0x0000000000009875      0x115 /home/david/toolchains/psas/x-tools/stm32f407/arm-psas-eabi/bin/../lib/gcc/arm-psas-eabi/4.7.2/../../../../arm-psas-eabi/lib/libc.a(lib_a-strpbrk.o)
 .debug_line    0x000000000000998a      0x197 /home/david/toolchains/psas/x-tools/stm32f407/arm-psas-eabi/bin/../lib/gcc/arm-psas-eabi/4.7.2/../../../../arm-psas-eabi/lib/libc.a(lib_a-strspn.o)
 .debug_line    0x0000000000009b21       0x87 /home/david/toolchains/psas/x-tools/stm32f407/arm-psas-eabi/bin/../lib/gcc/arm-psas-eabi/4.7.2/../../../../arm-psas-eabi/lib/libc.a(lib_a-ctype_.o)

.debug_str      0x0000000000000000     0x491b
 .debug_str     0x0000000000000000      0x1cb build/obj/crt0.o
                                        0x20a (size before relaxing)
 .debug_str     0x00000000000001cb      0x147 build/obj/vectors.o
                                        0x22f (size before relaxing)
 .debug_str     0x0000000000000312       0x35 build/obj/chcore.o
                                        0x102 (size before relaxing)
 .debug_str     0x0000000000000347      0x364 build/obj/chcore_v7m.o
                                        0x470 (size before relaxing)
 .debug_str     0x00000000000006ab       0x9e build/obj/nvic.o
                                        0x201 (size before relaxing)
 .debug_str     0x0000000000000749      0x242 build/obj/chsys.o
                                        0x535 (size before relaxing)
 .debug_str     0x000000000000098b      0x103 build/obj/chdebug.o
                                        0x4ac (size before relaxing)
 .debug_str     0x0000000000000a8e       0x54 build/obj/chvt.o
                                        0x1c2 (size before relaxing)
 .debug_str     0x0000000000000ae2       0xdd build/obj/chschd.o
                                        0x46c (size before relaxing)
 .debug_str     0x0000000000000bbf       0xf7 build/obj/chthreads.o
                                        0x4c6 (size before relaxing)
 .debug_str     0x0000000000000cb6      0x115 build/obj/chdynamic.o
                                        0x40c (size before relaxing)
 .debug_str     0x0000000000000dcb       0x4a build/obj/chregistry.o
                                        0x41c (size before relaxing)
 .debug_str     0x0000000000000e15       0x92 build/obj/chmtx.o
                                        0x3c4 (size before relaxing)
 .debug_str     0x0000000000000ea7      0x1c1 build/obj/chevents.o
                                        0x4e8 (size before relaxing)
 .debug_str     0x0000000000001068      0x12e build/obj/chqueues.o
                                        0x44f (size before relaxing)
 .debug_str     0x0000000000001196       0x78 build/obj/chmemcore.o
                                        0x19e (size before relaxing)
 .debug_str     0x000000000000120e       0x50 build/obj/chheap.o
                                        0x363 (size before relaxing)
 .debug_str     0x000000000000125e       0x5d build/obj/chmempools.o
                                        0x1f7 (size before relaxing)
 .debug_str     0x00000000000012bb      0x190 build/obj/hal.o
                                        0x290 (size before relaxing)
 .debug_str     0x000000000000144b      0x14f build/obj/ext.o
                                        0x287 (size before relaxing)
 .debug_str     0x000000000000159a      0x308 build/obj/i2c.o
                                        0x617 (size before relaxing)
 .debug_str     0x00000000000018a2      0x143 build/obj/serial.o
                                        0x5d4 (size before relaxing)
 .debug_str     0x00000000000019e5      0x77d build/obj/serial_usb.o
                                        0xc50 (size before relaxing)
 .debug_str     0x0000000000002162      0x25e build/obj/spi.o
                                        0x664 (size before relaxing)
 .debug_str     0x00000000000023c0       0x6f build/obj/tm.o
                                        0x1be (size before relaxing)
 .debug_str     0x000000000000242f      0x2b8 build/obj/usb.o
                                        0xcb0 (size before relaxing)
 .debug_str     0x00000000000026e7      0x73c build/obj/stm32_dma.o
                                        0x959 (size before relaxing)
 .debug_str     0x0000000000002e23       0xbf build/obj/hal_lld.o
                                        0x310 (size before relaxing)
 .debug_str     0x0000000000002ee2      0x125 build/obj/ext_lld_isr.o
                                        0x7f5 (size before relaxing)
 .debug_str     0x0000000000003007       0x5b build/obj/ext_lld.o
                                        0x29b (size before relaxing)
 .debug_str     0x0000000000003062       0x7f build/obj/pal_lld.o
                                        0x361 (size before relaxing)
 .debug_str     0x00000000000030e1      0x133 build/obj/i2c_lld.o
                                        0xdf3 (size before relaxing)
 .debug_str     0x0000000000003214      0x20c build/obj/usb_lld.o
                                       0x1445 (size before relaxing)
 .debug_str     0x0000000000003420       0x9f build/obj/spi_lld.o
                                        0x703 (size before relaxing)
 .debug_str     0x00000000000034bf       0x6e build/obj/serial_lld.o
                                        0xb81 (size before relaxing)
 .debug_str     0x000000000000352d       0x23 build/obj/board.o
                                        0x1ca (size before relaxing)
 .debug_str     0x0000000000003550       0xe0 build/obj/chprintf.o
                                        0x1ec (size before relaxing)
 .debug_str     0x0000000000003630      0x152 build/obj/shell.o
                                        0x5b6 (size before relaxing)
 .debug_str     0x0000000000003782       0xe6 build/obj/iwdg_lld.o
                                        0x2f6 (size before relaxing)
 .debug_str     0x0000000000003868      0x650 build/obj/ADIS16405.o
                                        0xbec (size before relaxing)
 .debug_str     0x0000000000003eb8      0x56c build/obj/MPL3115A2.o
                                       0x1255 (size before relaxing)
 .debug_str     0x0000000000004424       0x27 build/obj/cmddetail.o
                                        0x37a (size before relaxing)
 .debug_str     0x000000000000444b       0xa2 build/obj/extdetail.o
                                       0x111b (size before relaxing)
 .debug_str     0x00000000000044ed      0x12c build/obj/usbdetail.o
                                        0xb9a (size before relaxing)
 .debug_str     0x0000000000004619       0xdb build/obj/main.o
                                       0x107e (size before relaxing)
 .debug_str     0x00000000000046f4       0x67 /home/david/toolchains/psas/x-tools/stm32f407/arm-psas-eabi/bin/../lib/gcc/arm-psas-eabi/4.7.2/../../../../arm-psas-eabi/lib/libc.a(lib_a-memset.o)
                                        0x113 (size before relaxing)
 .debug_str     0x000000000000475b       0x83 /home/david/toolchains/psas/x-tools/stm32f407/arm-psas-eabi/bin/../lib/gcc/arm-psas-eabi/4.7.2/../../../../arm-psas-eabi/lib/libc.a(lib_a-strcasecmp.o)
                                        0x12c (size before relaxing)
 .debug_str     0x00000000000047de       0x68 /home/david/toolchains/psas/x-tools/stm32f407/arm-psas-eabi/bin/../lib/gcc/arm-psas-eabi/4.7.2/../../../../arm-psas-eabi/lib/libc.a(lib_a-strpbrk.o)
                                        0x10e (size before relaxing)
 .debug_str     0x0000000000004846       0x67 /home/david/toolchains/psas/x-tools/stm32f407/arm-psas-eabi/bin/../lib/gcc/arm-psas-eabi/4.7.2/../../../../arm-psas-eabi/lib/libc.a(lib_a-strspn.o)
                                        0x113 (size before relaxing)
 .debug_str     0x00000000000048ad       0x6e /home/david/toolchains/psas/x-tools/stm32f407/arm-psas-eabi/bin/../lib/gcc/arm-psas-eabi/4.7.2/../../../../arm-psas-eabi/lib/libc.a(lib_a-ctype_.o)
                                         0x96 (size before relaxing)

.comment        0x0000000000000000       0x33
 .comment       0x0000000000000000       0x33 build/obj/crt0.o
                                         0x34 (size before relaxing)
 .comment       0x0000000000000000       0x34 build/obj/vectors.o
 .comment       0x0000000000000000       0x34 build/obj/chcore.o
 .comment       0x0000000000000000       0x34 build/obj/chcore_v7m.o
 .comment       0x0000000000000000       0x34 build/obj/nvic.o
 .comment       0x0000000000000000       0x34 build/obj/chsys.o
 .comment       0x0000000000000000       0x34 build/obj/chdebug.o
 .comment       0x0000000000000000       0x34 build/obj/chvt.o
 .comment       0x0000000000000000       0x34 build/obj/chschd.o
 .comment       0x0000000000000000       0x34 build/obj/chthreads.o
 .comment       0x0000000000000000       0x34 build/obj/chdynamic.o
 .comment       0x0000000000000000       0x34 build/obj/chregistry.o
 .comment       0x0000000000000000       0x34 build/obj/chmtx.o
 .comment       0x0000000000000000       0x34 build/obj/chevents.o
 .comment       0x0000000000000000       0x34 build/obj/chqueues.o
 .comment       0x0000000000000000       0x34 build/obj/chmemcore.o
 .comment       0x0000000000000000       0x34 build/obj/chheap.o
 .comment       0x0000000000000000       0x34 build/obj/chmempools.o
 .comment       0x0000000000000000       0x34 build/obj/hal.o
 .comment       0x0000000000000000       0x34 build/obj/ext.o
 .comment       0x0000000000000000       0x34 build/obj/i2c.o
 .comment       0x0000000000000000       0x34 build/obj/serial.o
 .comment       0x0000000000000000       0x34 build/obj/serial_usb.o
 .comment       0x0000000000000000       0x34 build/obj/spi.o
 .comment       0x0000000000000000       0x34 build/obj/tm.o
 .comment       0x0000000000000000       0x34 build/obj/usb.o
 .comment       0x0000000000000000       0x34 build/obj/stm32_dma.o
 .comment       0x0000000000000000       0x34 build/obj/hal_lld.o
 .comment       0x0000000000000000       0x34 build/obj/ext_lld_isr.o
 .comment       0x0000000000000000       0x34 build/obj/ext_lld.o
 .comment       0x0000000000000000       0x34 build/obj/pal_lld.o
 .comment       0x0000000000000000       0x34 build/obj/i2c_lld.o
 .comment       0x0000000000000000       0x34 build/obj/usb_lld.o
 .comment       0x0000000000000000       0x34 build/obj/spi_lld.o
 .comment       0x0000000000000000       0x34 build/obj/serial_lld.o
 .comment       0x0000000000000000       0x34 build/obj/board.o
 .comment       0x0000000000000000       0x34 build/obj/chprintf.o
 .comment       0x0000000000000000       0x34 build/obj/shell.o
 .comment       0x0000000000000000       0x34 build/obj/iwdg_lld.o
 .comment       0x0000000000000000       0x34 build/obj/ADIS16405.o
 .comment       0x0000000000000000       0x34 build/obj/MPL3115A2.o
 .comment       0x0000000000000000       0x34 build/obj/cmddetail.o
 .comment       0x0000000000000000       0x34 build/obj/extdetail.o
 .comment       0x0000000000000000       0x34 build/obj/usbdetail.o
 .comment       0x0000000000000000       0x34 build/obj/main.o
 .comment       0x0000000000000000       0x34 /home/david/toolchains/psas/x-tools/stm32f407/arm-psas-eabi/bin/../lib/gcc/arm-psas-eabi/4.7.2/../../../../arm-psas-eabi/lib/libc.a(lib_a-memset.o)
 .comment       0x0000000000000000       0x34 /home/david/toolchains/psas/x-tools/stm32f407/arm-psas-eabi/bin/../lib/gcc/arm-psas-eabi/4.7.2/../../../../arm-psas-eabi/lib/libc.a(lib_a-strcasecmp.o)
 .comment       0x0000000000000000       0x34 /home/david/toolchains/psas/x-tools/stm32f407/arm-psas-eabi/bin/../lib/gcc/arm-psas-eabi/4.7.2/../../../../arm-psas-eabi/lib/libc.a(lib_a-strpbrk.o)
 .comment       0x0000000000000000       0x34 /home/david/toolchains/psas/x-tools/stm32f407/arm-psas-eabi/bin/../lib/gcc/arm-psas-eabi/4.7.2/../../../../arm-psas-eabi/lib/libc.a(lib_a-strspn.o)
 .comment       0x0000000000000000       0x34 /home/david/toolchains/psas/x-tools/stm32f407/arm-psas-eabi/bin/../lib/gcc/arm-psas-eabi/4.7.2/../../../../arm-psas-eabi/lib/libc.a(lib_a-ctype_.o)

.ARM.attributes
                0x0000000000000000       0x3b
 .ARM.attributes
                0x0000000000000000       0x3b build/obj/crt0.o
 .ARM.attributes
                0x000000000000003b       0x3b build/obj/vectors.o
 .ARM.attributes
                0x0000000000000076       0x3b build/obj/chcore.o
 .ARM.attributes
                0x00000000000000b1       0x3b build/obj/chcore_v7m.o
 .ARM.attributes
                0x00000000000000ec       0x3b build/obj/nvic.o
 .ARM.attributes
                0x0000000000000127       0x3b build/obj/chsys.o
 .ARM.attributes
                0x0000000000000162       0x3b build/obj/chdebug.o
 .ARM.attributes
                0x000000000000019d       0x3b build/obj/chvt.o
 .ARM.attributes
                0x00000000000001d8       0x3b build/obj/chschd.o
 .ARM.attributes
                0x0000000000000213       0x3b build/obj/chthreads.o
 .ARM.attributes
                0x000000000000024e       0x3b build/obj/chdynamic.o
 .ARM.attributes
                0x0000000000000289       0x3b build/obj/chregistry.o
 .ARM.attributes
                0x00000000000002c4       0x3b build/obj/chmtx.o
 .ARM.attributes
                0x00000000000002ff       0x3b build/obj/chevents.o
 .ARM.attributes
                0x000000000000033a       0x3b build/obj/chqueues.o
 .ARM.attributes
                0x0000000000000375       0x3b build/obj/chmemcore.o
 .ARM.attributes
                0x00000000000003b0       0x3b build/obj/chheap.o
 .ARM.attributes
                0x00000000000003eb       0x3b build/obj/chmempools.o
 .ARM.attributes
                0x0000000000000426       0x3b build/obj/hal.o
 .ARM.attributes
                0x0000000000000461       0x3b build/obj/ext.o
 .ARM.attributes
                0x000000000000049c       0x3b build/obj/i2c.o
 .ARM.attributes
                0x00000000000004d7       0x3b build/obj/serial.o
 .ARM.attributes
                0x0000000000000512       0x3b build/obj/serial_usb.o
 .ARM.attributes
                0x000000000000054d       0x3b build/obj/spi.o
 .ARM.attributes
                0x0000000000000588       0x3b build/obj/tm.o
 .ARM.attributes
                0x00000000000005c3       0x3b build/obj/usb.o
 .ARM.attributes
                0x00000000000005fe       0x3b build/obj/stm32_dma.o
 .ARM.attributes
                0x0000000000000639       0x3b build/obj/hal_lld.o
 .ARM.attributes
                0x0000000000000674       0x3b build/obj/ext_lld_isr.o
 .ARM.attributes
                0x00000000000006af       0x3b build/obj/ext_lld.o
 .ARM.attributes
                0x00000000000006ea       0x3b build/obj/pal_lld.o
 .ARM.attributes
                0x0000000000000725       0x3b build/obj/i2c_lld.o
 .ARM.attributes
                0x0000000000000760       0x3b build/obj/usb_lld.o
 .ARM.attributes
                0x000000000000079b       0x3b build/obj/spi_lld.o
 .ARM.attributes
                0x00000000000007d6       0x3b build/obj/serial_lld.o
 .ARM.attributes
                0x0000000000000811       0x3b build/obj/board.o
 .ARM.attributes
                0x000000000000084c       0x3b build/obj/chprintf.o
 .ARM.attributes
                0x0000000000000887       0x3b build/obj/shell.o
 .ARM.attributes
                0x00000000000008c2       0x3b build/obj/iwdg_lld.o
 .ARM.attributes
                0x00000000000008fd       0x3b build/obj/ADIS16405.o
 .ARM.attributes
                0x0000000000000938       0x3b build/obj/MPL3115A2.o
 .ARM.attributes
                0x0000000000000973       0x3b build/obj/cmddetail.o
 .ARM.attributes
                0x00000000000009ae       0x3b build/obj/extdetail.o
 .ARM.attributes
                0x00000000000009e9       0x3b build/obj/usbdetail.o
 .ARM.attributes
                0x0000000000000a24       0x3b build/obj/main.o
 .ARM.attributes
                0x0000000000000a5f       0x3b /home/david/toolchains/psas/x-tools/stm32f407/arm-psas-eabi/bin/../lib/gcc/arm-psas-eabi/4.7.2/../../../../arm-psas-eabi/lib/libc.a(lib_a-memset.o)
 .ARM.attributes
                0x0000000000000a9a       0x3b /home/david/toolchains/psas/x-tools/stm32f407/arm-psas-eabi/bin/../lib/gcc/arm-psas-eabi/4.7.2/../../../../arm-psas-eabi/lib/libc.a(lib_a-strcasecmp.o)
 .ARM.attributes